
> nonlinear-editor@0.1.0 build
> next build

   ▲ Next.js 16.0.0 (Turbopack)
   - Environments: .env.local
   - Experiments (use with caution):
     · optimizePackageImports

 ⚠ The "middleware" file convention is deprecated. Please use "proxy" instead. Learn more: https://nextjs.org/docs/messages/middleware-to-proxy
   Creating an optimized production build ...

> Build error occurred
Error: ENOENT: no such file or directory, open '/Users/davidchen/Projects/non-linear-editor/.next/static/T0fBWxT9sauPvuLVClUs_/_buildManifest.js.tmp.y8eze3wiga'
    at ignore-listed frames
