
> nonlinear-editor@0.1.0 test
> NODE_OPTIONS='--max-old-space-size=4096' jest --maxWorkers=3 --workerIdleMemoryLimit=1024MB __tests__/components/integration/export-modal-integration.test.tsx

  console.info
    [INFO] Export started {
      projectId: 'test-project-123',
      jobId: 'export-job-123',
      preset: '1080p HD',
      priority: 0
    }

      at BrowserLogger.log (lib/browserLogger.ts:197:29)

  console.error
    [ERROR] Failed to fetch export presets {
      error: {
        name: 'TypeError',
        message: "Cannot read properties of undefined (reading 'presets')",
        stack: "TypeError: Cannot read properties of undefined (reading 'presets')\n" +
          '    at presets (/Users/davidchen/Projects/non-linear-editor/components/ExportModal.tsx:81:28)'
      }
    }

      57 |       return;
      58 |     }
    > 59 |     originalError.call(console, ...args);
         |                   ^
      60 |   };
      61 |
      62 |   console.warn = (...args) => {

      at console.call [as error] (jest.setup-after-env.js:59:19)
      at BrowserLogger.log (lib/browserLogger.ts:197:29)
      at BrowserLogger.log [as error] (lib/browserLogger.ts:303:10)
      at error (components/ExportModal.tsx:87:21)

  console.error
    [ERROR] Failed to fetch export presets {
      error: {
        name: 'Error',
        message: 'Export failed: insufficient credits',
        stack: 'Error: Export failed: insufficient credits\n' +
          '    at fetchPresets (/Users/davidchen/Projects/non-linear-editor/components/ExportModal.tsx:78:15)'
      }
    }

      57 |       return;
      58 |     }
    > 59 |     originalError.call(console, ...args);
         |                   ^
      60 |   };
      61 |
      62 |   console.warn = (...args) => {

      at console.call [as error] (jest.setup-after-env.js:59:19)
      at BrowserLogger.log (lib/browserLogger.ts:197:29)
      at BrowserLogger.log [as error] (lib/browserLogger.ts:303:10)
      at error (components/ExportModal.tsx:87:21)

  console.error
    An update to ExportModal inside a test was not wrapped in act(...).
    
    When testing, code that causes React state updates should be wrapped into act(...):
    
    act(() => {
      /* fire events that update state */
    });
    /* assert on the output */
    
    This ensures that you're testing the behavior the user would see in the browser. Learn more at https://react.dev/link/wrap-tests-with-act

      57 |       return;
      58 |     }
    > 59 |     originalError.call(console, ...args);
         |                   ^
      60 |   };
      61 |
      62 |   console.warn = (...args) => {

      at console.call [as error] (jest.setup-after-env.js:59:19)
      at node_modules/react-dom/cjs/react-dom-client.development.js:18758:19
      at runWithFiberInDEV (node_modules/react-dom/cjs/react-dom-client.development.js:874:13)
      at warnIfUpdatesNotWrappedWithActDEV (node_modules/react-dom/cjs/react-dom-client.development.js:18757:9)
      at scheduleUpdateOnFiber (node_modules/react-dom/cjs/react-dom-client.development.js:16409:11)
      at dispatchSetStateInternal (node_modules/react-dom/cjs/react-dom-client.development.js:9170:13)
      at dispatchSetState (node_modules/react-dom/cjs/react-dom-client.development.js:9127:7)
      at setPresets (components/ExportModal.tsx:81:7)

  console.error
    An update to ExportModal inside a test was not wrapped in act(...).
    
    When testing, code that causes React state updates should be wrapped into act(...):
    
    act(() => {
      /* fire events that update state */
    });
    /* assert on the output */
    
    This ensures that you're testing the behavior the user would see in the browser. Learn more at https://react.dev/link/wrap-tests-with-act

      57 |       return;
      58 |     }
    > 59 |     originalError.call(console, ...args);
         |                   ^
      60 |   };
      61 |
      62 |   console.warn = (...args) => {

      at console.call [as error] (jest.setup-after-env.js:59:19)
      at node_modules/react-dom/cjs/react-dom-client.development.js:18758:19
      at runWithFiberInDEV (node_modules/react-dom/cjs/react-dom-client.development.js:874:13)
      at warnIfUpdatesNotWrappedWithActDEV (node_modules/react-dom/cjs/react-dom-client.development.js:18757:9)
      at scheduleUpdateOnFiber (node_modules/react-dom/cjs/react-dom-client.development.js:16409:11)
      at dispatchSetStateInternal (node_modules/react-dom/cjs/react-dom-client.development.js:9170:13)
      at dispatchSetState (node_modules/react-dom/cjs/react-dom-client.development.js:9127:7)
      at setSelectedPresetId (components/ExportModal.tsx:84:9)

  console.error
    An update to ExportModal inside a test was not wrapped in act(...).
    
    When testing, code that causes React state updates should be wrapped into act(...):
    
    act(() => {
      /* fire events that update state */
    });
    /* assert on the output */
    
    This ensures that you're testing the behavior the user would see in the browser. Learn more at https://react.dev/link/wrap-tests-with-act

      57 |       return;
      58 |     }
    > 59 |     originalError.call(console, ...args);
         |                   ^
      60 |   };
      61 |
      62 |   console.warn = (...args) => {

      at console.call [as error] (jest.setup-after-env.js:59:19)
      at node_modules/react-dom/cjs/react-dom-client.development.js:18758:19
      at runWithFiberInDEV (node_modules/react-dom/cjs/react-dom-client.development.js:874:13)
      at warnIfUpdatesNotWrappedWithActDEV (node_modules/react-dom/cjs/react-dom-client.development.js:18757:9)
      at scheduleUpdateOnFiber (node_modules/react-dom/cjs/react-dom-client.development.js:16409:11)
      at dispatchSetStateInternal (node_modules/react-dom/cjs/react-dom-client.development.js:9170:13)
      at dispatchSetState (node_modules/react-dom/cjs/react-dom-client.development.js:9127:7)
      at setIsLoadingPresets (components/ExportModal.tsx:90:7)

  console.error
    An update to Presence inside a test was not wrapped in act(...).
    
    When testing, code that causes React state updates should be wrapped into act(...):
    
    act(() => {
      /* fire events that update state */
    });
    /* assert on the output */
    
    This ensures that you're testing the behavior the user would see in the browser. Learn more at https://react.dev/link/wrap-tests-with-act

      57 |       return;
      58 |     }
    > 59 |     originalError.call(console, ...args);
         |                   ^
      60 |   };
      61 |
      62 |   console.warn = (...args) => {

      at console.call [as error] (jest.setup-after-env.js:59:19)
      at node_modules/react-dom/cjs/react-dom-client.development.js:18758:19
      at runWithFiberInDEV (node_modules/react-dom/cjs/react-dom-client.development.js:874:13)
      at warnIfUpdatesNotWrappedWithActDEV (node_modules/react-dom/cjs/react-dom-client.development.js:18757:9)
      at scheduleUpdateOnFiber (node_modules/react-dom/cjs/react-dom-client.development.js:16409:11)
      at dispatchSetStateInternal (node_modules/react-dom/cjs/react-dom-client.development.js:9170:13)
      at dispatchSetState (node_modules/react-dom/cjs/react-dom-client.development.js:9127:7)
      at node_modules/@radix-ui/react-presence/src/presence.tsx:159:7
      at setRef (node_modules/@radix-ui/react-compose-refs/src/compose-refs.tsx:11:12)
      at node_modules/@radix-ui/react-compose-refs/src/compose-refs.tsx:25:23
          at Array.map (<anonymous>)
      at node_modules/@radix-ui/react-compose-refs/src/compose-refs.tsx:24:27
      at setRef (node_modules/@radix-ui/react-compose-refs/src/compose-refs.tsx:11:12)
      at node_modules/@radix-ui/react-compose-refs/src/compose-refs.tsx:25:23
          at Array.map (<anonymous>)
      at node_modules/@radix-ui/react-compose-refs/src/compose-refs.tsx:24:27
      at runWithFiberInDEV (node_modules/react-dom/cjs/react-dom-client.development.js:874:13)
      at safelyDetachRef (node_modules/react-dom/cjs/react-dom-client.development.js:13529:37)
      at commitMutationEffectsOnFiber (node_modules/react-dom/cjs/react-dom-client.development.js:14826:15)
      at recursivelyTraverseMutationEffects (node_modules/react-dom/cjs/react-dom-client.development.js:14576:11)
      at commitMutationEffectsOnFiber (node_modules/react-dom/cjs/react-dom-client.development.js:14591:11)
      at recursivelyTraverseMutationEffects (node_modules/react-dom/cjs/react-dom-client.development.js:14576:11)
      at commitMutationEffectsOnFiber (node_modules/react-dom/cjs/react-dom-client.development.js:14591:11)
      at recursivelyTraverseMutationEffects (node_modules/react-dom/cjs/react-dom-client.development.js:14576:11)
      at commitMutationEffectsOnFiber (node_modules/react-dom/cjs/react-dom-client.development.js:14591:11)
      at recursivelyTraverseMutationEffects (node_modules/react-dom/cjs/react-dom-client.development.js:14576:11)
      at commitMutationEffectsOnFiber (node_modules/react-dom/cjs/react-dom-client.development.js:14591:11)
      at recursivelyTraverseMutationEffects (node_modules/react-dom/cjs/react-dom-client.development.js:14576:11)
      at commitMutationEffectsOnFiber (node_modules/react-dom/cjs/react-dom-client.development.js:14591:11)
      at recursivelyTraverseMutationEffects (node_modules/react-dom/cjs/react-dom-client.development.js:14576:11)
      at commitMutationEffectsOnFiber (node_modules/react-dom/cjs/react-dom-client.development.js:14591:11)
      at recursivelyTraverseMutationEffects (node_modules/react-dom/cjs/react-dom-client.development.js:14576:11)
      at commitMutationEffectsOnFiber (node_modules/react-dom/cjs/react-dom-client.development.js:14591:11)
      at recursivelyTraverseMutationEffects (node_modules/react-dom/cjs/react-dom-client.development.js:14576:11)
      at commitMutationEffectsOnFiber (node_modules/react-dom/cjs/react-dom-client.development.js:14591:11)
      at recursivelyTraverseMutationEffects (node_modules/react-dom/cjs/react-dom-client.development.js:14576:11)
      at commitMutationEffectsOnFiber (node_modules/react-dom/cjs/react-dom-client.development.js:14591:11)
      at recursivelyTraverseMutationEffects (node_modules/react-dom/cjs/react-dom-client.development.js:14576:11)
      at commitMutationEffectsOnFiber (node_modules/react-dom/cjs/react-dom-client.development.js:14591:11)
      at recursivelyTraverseMutationEffects (node_modules/react-dom/cjs/react-dom-client.development.js:14576:11)
      at commitMutationEffectsOnFiber (node_modules/react-dom/cjs/react-dom-client.development.js:14591:11)
      at recursivelyTraverseMutationEffects (node_modules/react-dom/cjs/react-dom-client.development.js:14576:11)
      at commitMutationEffectsOnFiber (node_modules/react-dom/cjs/react-dom-client.development.js:14591:11)
      at recursivelyTraverseMutationEffects (node_modules/react-dom/cjs/react-dom-client.development.js:14576:11)
      at commitMutationEffectsOnFiber (node_modules/react-dom/cjs/react-dom-client.development.js:14911:11)
      at recursivelyTraverseMutationEffects (node_modules/react-dom/cjs/react-dom-client.development.js:14576:11)
      at commitMutationEffectsOnFiber (node_modules/react-dom/cjs/react-dom-client.development.js:14591:11)
      at recursivelyTraverseMutationEffects (node_modules/react-dom/cjs/react-dom-client.development.js:14576:11)
      at commitMutationEffectsOnFiber (node_modules/react-dom/cjs/react-dom-client.development.js:14591:11)
      at recursivelyTraverseMutationEffects (node_modules/react-dom/cjs/react-dom-client.development.js:14576:11)
      at commitMutationEffectsOnFiber (node_modules/react-dom/cjs/react-dom-client.development.js:15102:11)
      at recursivelyTraverseMutationEffects (node_modules/react-dom/cjs/react-dom-client.development.js:14576:11)
      at commitMutationEffectsOnFiber (node_modules/react-dom/cjs/react-dom-client.development.js:14591:11)
      at recursivelyTraverseMutationEffects (node_modules/react-dom/cjs/react-dom-client.development.js:14576:11)
      at commitMutationEffectsOnFiber (node_modules/react-dom/cjs/react-dom-client.development.js:14591:11)
      at recursivelyTraverseMutationEffects (node_modules/react-dom/cjs/react-dom-client.development.js:14576:11)
      at commitMutationEffectsOnFiber (node_modules/react-dom/cjs/react-dom-client.development.js:14591:11)
      at recursivelyTraverseMutationEffects (node_modules/react-dom/cjs/react-dom-client.development.js:14576:11)
      at commitMutationEffectsOnFiber (node_modules/react-dom/cjs/react-dom-client.development.js:15102:11)
      at recursivelyTraverseMutationEffects (node_modules/react-dom/cjs/react-dom-client.development.js:14576:11)
      at commitMutationEffectsOnFiber (node_modules/react-dom/cjs/react-dom-client.development.js:14591:11)
      at recursivelyTraverseMutationEffects (node_modules/react-dom/cjs/react-dom-client.development.js:14576:11)
      at commitMutationEffectsOnFiber (node_modules/react-dom/cjs/react-dom-client.development.js:14591:11)
      at recursivelyTraverseMutationEffects (node_modules/react-dom/cjs/react-dom-client.development.js:14576:11)
      at commitMutationEffectsOnFiber (node_modules/react-dom/cjs/react-dom-client.development.js:14591:11)
      at recursivelyTraverseMutationEffects (node_modules/react-dom/cjs/react-dom-client.development.js:14576:11)
      at commitMutationEffectsOnFiber (node_modules/react-dom/cjs/react-dom-client.development.js:14883:11)
      at flushMutationEffects (node_modules/react-dom/cjs/react-dom-client.development.js:17979:13)
      at commitRoot (node_modules/react-dom/cjs/react-dom-client.development.js:17953:9)
      at commitRootWhenReady (node_modules/react-dom/cjs/react-dom-client.development.js:16824:7)
      at performWorkOnRoot (node_modules/react-dom/cjs/react-dom-client.development.js:16722:15)
      at performWorkOnRootViaSchedulerTask (node_modules/react-dom/cjs/react-dom-client.development.js:18957:7)
      at MessagePort.performWorkUntilDeadline (node_modules/scheduler/cjs/scheduler.development.js:45:48)

  console.error
    An update to Presence inside a test was not wrapped in act(...).
    
    When testing, code that causes React state updates should be wrapped into act(...):
    
    act(() => {
      /* fire events that update state */
    });
    /* assert on the output */
    
    This ensures that you're testing the behavior the user would see in the browser. Learn more at https://react.dev/link/wrap-tests-with-act

      57 |       return;
      58 |     }
    > 59 |     originalError.call(console, ...args);
         |                   ^
      60 |   };
      61 |
      62 |   console.warn = (...args) => {

      at console.call [as error] (jest.setup-after-env.js:59:19)
      at node_modules/react-dom/cjs/react-dom-client.development.js:18758:19
      at runWithFiberInDEV (node_modules/react-dom/cjs/react-dom-client.development.js:874:13)
      at warnIfUpdatesNotWrappedWithActDEV (node_modules/react-dom/cjs/react-dom-client.development.js:18757:9)
      at scheduleUpdateOnFiber (node_modules/react-dom/cjs/react-dom-client.development.js:16409:11)
      at dispatchSetStateInternal (node_modules/react-dom/cjs/react-dom-client.development.js:9170:13)
      at dispatchSetState (node_modules/react-dom/cjs/react-dom-client.development.js:9127:7)
      at node_modules/@radix-ui/react-presence/src/presence.tsx:159:7
      at setRef (node_modules/@radix-ui/react-compose-refs/src/compose-refs.tsx:11:12)
      at node_modules/@radix-ui/react-compose-refs/src/compose-refs.tsx:25:23
          at Array.map (<anonymous>)
      at node_modules/@radix-ui/react-compose-refs/src/compose-refs.tsx:24:27
      at setRef (node_modules/@radix-ui/react-compose-refs/src/compose-refs.tsx:11:12)
      at node_modules/@radix-ui/react-compose-refs/src/compose-refs.tsx:25:23
          at Array.map (<anonymous>)
      at node_modules/@radix-ui/react-compose-refs/src/compose-refs.tsx:24:27
      at setRef (node_modules/@radix-ui/react-compose-refs/src/compose-refs.tsx:11:12)
      at node_modules/@radix-ui/react-compose-refs/src/compose-refs.tsx:25:23
          at Array.map (<anonymous>)
      at node_modules/@radix-ui/react-compose-refs/src/compose-refs.tsx:24:27
      at setRef (node_modules/@radix-ui/react-compose-refs/src/compose-refs.tsx:11:12)
      at node_modules/@radix-ui/react-compose-refs/src/compose-refs.tsx:25:23
          at Array.map (<anonymous>)
      at node_modules/@radix-ui/react-compose-refs/src/compose-refs.tsx:24:27
      at runWithFiberInDEV (node_modules/react-dom/cjs/react-dom-client.development.js:874:13)
      at safelyDetachRef (node_modules/react-dom/cjs/react-dom-client.development.js:13529:37)
      at commitMutationEffectsOnFiber (node_modules/react-dom/cjs/react-dom-client.development.js:14826:15)
      at recursivelyTraverseMutationEffects (node_modules/react-dom/cjs/react-dom-client.development.js:14576:11)
      at commitMutationEffectsOnFiber (node_modules/react-dom/cjs/react-dom-client.development.js:14591:11)
      at recursivelyTraverseMutationEffects (node_modules/react-dom/cjs/react-dom-client.development.js:14576:11)
      at commitMutationEffectsOnFiber (node_modules/react-dom/cjs/react-dom-client.development.js:14591:11)
      at recursivelyTraverseMutationEffects (node_modules/react-dom/cjs/react-dom-client.development.js:14576:11)
      at commitMutationEffectsOnFiber (node_modules/react-dom/cjs/react-dom-client.development.js:14591:11)
      at recursivelyTraverseMutationEffects (node_modules/react-dom/cjs/react-dom-client.development.js:14576:11)
      at commitMutationEffectsOnFiber (node_modules/react-dom/cjs/react-dom-client.development.js:14591:11)
      at recursivelyTraverseMutationEffects (node_modules/react-dom/cjs/react-dom-client.development.js:14576:11)
      at commitMutationEffectsOnFiber (node_modules/react-dom/cjs/react-dom-client.development.js:14591:11)
      at recursivelyTraverseMutationEffects (node_modules/react-dom/cjs/react-dom-client.development.js:14576:11)
      at commitMutationEffectsOnFiber (node_modules/react-dom/cjs/react-dom-client.development.js:14591:11)
      at recursivelyTraverseMutationEffects (node_modules/react-dom/cjs/react-dom-client.development.js:14576:11)
      at commitMutationEffectsOnFiber (node_modules/react-dom/cjs/react-dom-client.development.js:14591:11)
      at recursivelyTraverseMutationEffects (node_modules/react-dom/cjs/react-dom-client.development.js:14576:11)
      at commitMutationEffectsOnFiber (node_modules/react-dom/cjs/react-dom-client.development.js:14591:11)
      at recursivelyTraverseMutationEffects (node_modules/react-dom/cjs/react-dom-client.development.js:14576:11)
      at commitMutationEffectsOnFiber (node_modules/react-dom/cjs/react-dom-client.development.js:14591:11)
      at recursivelyTraverseMutationEffects (node_modules/react-dom/cjs/react-dom-client.development.js:14576:11)
      at commitMutationEffectsOnFiber (node_modules/react-dom/cjs/react-dom-client.development.js:14591:11)
      at recursivelyTraverseMutationEffects (node_modules/react-dom/cjs/react-dom-client.development.js:14576:11)
      at commitMutationEffectsOnFiber (node_modules/react-dom/cjs/react-dom-client.development.js:14591:11)
      at recursivelyTraverseMutationEffects (node_modules/react-dom/cjs/react-dom-client.development.js:14576:11)
      at commitMutationEffectsOnFiber (node_modules/react-dom/cjs/react-dom-client.development.js:14591:11)
      at recursivelyTraverseMutationEffects (node_modules/react-dom/cjs/react-dom-client.development.js:14576:11)
      at commitMutationEffectsOnFiber (node_modules/react-dom/cjs/react-dom-client.development.js:14911:11)
      at recursivelyTraverseMutationEffects (node_modules/react-dom/cjs/react-dom-client.development.js:14576:11)
      at commitMutationEffectsOnFiber (node_modules/react-dom/cjs/react-dom-client.development.js:14591:11)
      at recursivelyTraverseMutationEffects (node_modules/react-dom/cjs/react-dom-client.development.js:14576:11)
      at commitMutationEffectsOnFiber (node_modules/react-dom/cjs/react-dom-client.development.js:14591:11)
      at recursivelyTraverseMutationEffects (node_modules/react-dom/cjs/react-dom-client.development.js:14576:11)
      at commitMutationEffectsOnFiber (node_modules/react-dom/cjs/react-dom-client.development.js:15102:11)
      at recursivelyTraverseMutationEffects (node_modules/react-dom/cjs/react-dom-client.development.js:14576:11)
      at commitMutationEffectsOnFiber (node_modules/react-dom/cjs/react-dom-client.development.js:14591:11)
      at recursivelyTraverseMutationEffects (node_modules/react-dom/cjs/react-dom-client.development.js:14576:11)
      at commitMutationEffectsOnFiber (node_modules/react-dom/cjs/react-dom-client.development.js:14591:11)
      at recursivelyTraverseMutationEffects (node_modules/react-dom/cjs/react-dom-client.development.js:14576:11)
      at commitMutationEffectsOnFiber (node_modules/react-dom/cjs/react-dom-client.development.js:14591:11)
      at recursivelyTraverseMutationEffects (node_modules/react-dom/cjs/react-dom-client.development.js:14576:11)
      at commitMutationEffectsOnFiber (node_modules/react-dom/cjs/react-dom-client.development.js:15102:11)
      at recursivelyTraverseMutationEffects (node_modules/react-dom/cjs/react-dom-client.development.js:14576:11)
      at commitMutationEffectsOnFiber (node_modules/react-dom/cjs/react-dom-client.development.js:14591:11)
      at recursivelyTraverseMutationEffects (node_modules/react-dom/cjs/react-dom-client.development.js:14576:11)
      at commitMutationEffectsOnFiber (node_modules/react-dom/cjs/react-dom-client.development.js:14591:11)
      at recursivelyTraverseMutationEffects (node_modules/react-dom/cjs/react-dom-client.development.js:14576:11)
      at commitMutationEffectsOnFiber (node_modules/react-dom/cjs/react-dom-client.development.js:14591:11)
      at recursivelyTraverseMutationEffects (node_modules/react-dom/cjs/react-dom-client.development.js:14576:11)
      at commitMutationEffectsOnFiber (node_modules/react-dom/cjs/react-dom-client.development.js:14883:11)
      at flushMutationEffects (node_modules/react-dom/cjs/react-dom-client.development.js:17979:13)
      at commitRoot (node_modules/react-dom/cjs/react-dom-client.development.js:17953:9)
      at commitRootWhenReady (node_modules/react-dom/cjs/react-dom-client.development.js:16824:7)
      at performWorkOnRoot (node_modules/react-dom/cjs/react-dom-client.development.js:16722:15)
      at performWorkOnRootViaSchedulerTask (node_modules/react-dom/cjs/react-dom-client.development.js:18957:7)
      at MessagePort.performWorkUntilDeadline (node_modules/scheduler/cjs/scheduler.development.js:45:48)

  console.error
    An update to FocusScope inside a test was not wrapped in act(...).
    
    When testing, code that causes React state updates should be wrapped into act(...):
    
    act(() => {
      /* fire events that update state */
    });
    /* assert on the output */
    
    This ensures that you're testing the behavior the user would see in the browser. Learn more at https://react.dev/link/wrap-tests-with-act

      57 |       return;
      58 |     }
    > 59 |     originalError.call(console, ...args);
         |                   ^
      60 |   };
      61 |
      62 |   console.warn = (...args) => {

      at console.call [as error] (jest.setup-after-env.js:59:19)
      at node_modules/react-dom/cjs/react-dom-client.development.js:18758:19
      at runWithFiberInDEV (node_modules/react-dom/cjs/react-dom-client.development.js:874:13)
      at warnIfUpdatesNotWrappedWithActDEV (node_modules/react-dom/cjs/react-dom-client.development.js:18757:9)
      at scheduleUpdateOnFiber (node_modules/react-dom/cjs/react-dom-client.development.js:16409:11)
      at dispatchSetStateInternal (node_modules/react-dom/cjs/react-dom-client.development.js:9170:13)
      at dispatchSetState (node_modules/react-dom/cjs/react-dom-client.development.js:9127:7)
      at node_modules/@radix-ui/react-focus-scope/src/focus-scope.tsx:60:64
      at setRef (node_modules/@radix-ui/react-compose-refs/src/compose-refs.tsx:11:12)
      at node_modules/@radix-ui/react-compose-refs/src/compose-refs.tsx:25:23
          at Array.map (<anonymous>)
      at node_modules/@radix-ui/react-compose-refs/src/compose-refs.tsx:24:27
      at setRef (node_modules/@radix-ui/react-compose-refs/src/compose-refs.tsx:11:12)
      at node_modules/@radix-ui/react-compose-refs/src/compose-refs.tsx:25:23
          at Array.map (<anonymous>)
      at node_modules/@radix-ui/react-compose-refs/src/compose-refs.tsx:24:27
      at setRef (node_modules/@radix-ui/react-compose-refs/src/compose-refs.tsx:11:12)
      at node_modules/@radix-ui/react-compose-refs/src/compose-refs.tsx:25:23
          at Array.map (<anonymous>)
      at node_modules/@radix-ui/react-compose-refs/src/compose-refs.tsx:24:27
      at runWithFiberInDEV (node_modules/react-dom/cjs/react-dom-client.development.js:874:13)
      at safelyDetachRef (node_modules/react-dom/cjs/react-dom-client.development.js:13529:37)
      at commitMutationEffectsOnFiber (node_modules/react-dom/cjs/react-dom-client.development.js:14826:15)
      at recursivelyTraverseMutationEffects (node_modules/react-dom/cjs/react-dom-client.development.js:14576:11)
      at commitMutationEffectsOnFiber (node_modules/react-dom/cjs/react-dom-client.development.js:14591:11)
      at recursivelyTraverseMutationEffects (node_modules/react-dom/cjs/react-dom-client.development.js:14576:11)
      at commitMutationEffectsOnFiber (node_modules/react-dom/cjs/react-dom-client.development.js:14591:11)
      at recursivelyTraverseMutationEffects (node_modules/react-dom/cjs/react-dom-client.development.js:14576:11)
      at commitMutationEffectsOnFiber (node_modules/react-dom/cjs/react-dom-client.development.js:14591:11)
      at recursivelyTraverseMutationEffects (node_modules/react-dom/cjs/react-dom-client.development.js:14576:11)
      at commitMutationEffectsOnFiber (node_modules/react-dom/cjs/react-dom-client.development.js:14591:11)
      at recursivelyTraverseMutationEffects (node_modules/react-dom/cjs/react-dom-client.development.js:14576:11)
      at commitMutationEffectsOnFiber (node_modules/react-dom/cjs/react-dom-client.development.js:14591:11)
      at recursivelyTraverseMutationEffects (node_modules/react-dom/cjs/react-dom-client.development.js:14576:11)
      at commitMutationEffectsOnFiber (node_modules/react-dom/cjs/react-dom-client.development.js:14591:11)
      at recursivelyTraverseMutationEffects (node_modules/react-dom/cjs/react-dom-client.development.js:14576:11)
      at commitMutationEffectsOnFiber (node_modules/react-dom/cjs/react-dom-client.development.js:14591:11)
      at recursivelyTraverseMutationEffects (node_modules/react-dom/cjs/react-dom-client.development.js:14576:11)
      at commitMutationEffectsOnFiber (node_modules/react-dom/cjs/react-dom-client.development.js:14591:11)
      at recursivelyTraverseMutationEffects (node_modules/react-dom/cjs/react-dom-client.development.js:14576:11)
      at commitMutationEffectsOnFiber (node_modules/react-dom/cjs/react-dom-client.development.js:14591:11)
      at recursivelyTraverseMutationEffects (node_modules/react-dom/cjs/react-dom-client.development.js:14576:11)
      at commitMutationEffectsOnFiber (node_modules/react-dom/cjs/react-dom-client.development.js:14591:11)
      at recursivelyTraverseMutationEffects (node_modules/react-dom/cjs/react-dom-client.development.js:14576:11)
      at commitMutationEffectsOnFiber (node_modules/react-dom/cjs/react-dom-client.development.js:14591:11)
      at recursivelyTraverseMutationEffects (node_modules/react-dom/cjs/react-dom-client.development.js:14576:11)
      at commitMutationEffectsOnFiber (node_modules/react-dom/cjs/react-dom-client.development.js:14591:11)
      at recursivelyTraverseMutationEffects (node_modules/react-dom/cjs/react-dom-client.development.js:14576:11)
      at commitMutationEffectsOnFiber (node_modules/react-dom/cjs/react-dom-client.development.js:14591:11)
      at recursivelyTraverseMutationEffects (node_modules/react-dom/cjs/react-dom-client.development.js:14576:11)
      at commitMutationEffectsOnFiber (node_modules/react-dom/cjs/react-dom-client.development.js:14911:11)
      at recursivelyTraverseMutationEffects (node_modules/react-dom/cjs/react-dom-client.development.js:14576:11)
      at commitMutationEffectsOnFiber (node_modules/react-dom/cjs/react-dom-client.development.js:14591:11)
      at recursivelyTraverseMutationEffects (node_modules/react-dom/cjs/react-dom-client.development.js:14576:11)
      at commitMutationEffectsOnFiber (node_modules/react-dom/cjs/react-dom-client.development.js:14591:11)
      at recursivelyTraverseMutationEffects (node_modules/react-dom/cjs/react-dom-client.development.js:14576:11)
      at commitMutationEffectsOnFiber (node_modules/react-dom/cjs/react-dom-client.development.js:15102:11)
      at recursivelyTraverseMutationEffects (node_modules/react-dom/cjs/react-dom-client.development.js:14576:11)
      at commitMutationEffectsOnFiber (node_modules/react-dom/cjs/react-dom-client.development.js:14591:11)
      at recursivelyTraverseMutationEffects (node_modules/react-dom/cjs/react-dom-client.development.js:14576:11)
      at commitMutationEffectsOnFiber (node_modules/react-dom/cjs/react-dom-client.development.js:14591:11)
      at recursivelyTraverseMutationEffects (node_modules/react-dom/cjs/react-dom-client.development.js:14576:11)
      at commitMutationEffectsOnFiber (node_modules/react-dom/cjs/react-dom-client.development.js:14591:11)
      at recursivelyTraverseMutationEffects (node_modules/react-dom/cjs/react-dom-client.development.js:14576:11)
      at commitMutationEffectsOnFiber (node_modules/react-dom/cjs/react-dom-client.development.js:15102:11)
      at recursivelyTraverseMutationEffects (node_modules/react-dom/cjs/react-dom-client.development.js:14576:11)
      at commitMutationEffectsOnFiber (node_modules/react-dom/cjs/react-dom-client.development.js:14591:11)
      at recursivelyTraverseMutationEffects (node_modules/react-dom/cjs/react-dom-client.development.js:14576:11)
      at commitMutationEffectsOnFiber (node_modules/react-dom/cjs/react-dom-client.development.js:14591:11)
      at recursivelyTraverseMutationEffects (node_modules/react-dom/cjs/react-dom-client.development.js:14576:11)
      at commitMutationEffectsOnFiber (node_modules/react-dom/cjs/react-dom-client.development.js:14591:11)
      at recursivelyTraverseMutationEffects (node_modules/react-dom/cjs/react-dom-client.development.js:14576:11)
      at commitMutationEffectsOnFiber (node_modules/react-dom/cjs/react-dom-client.development.js:14883:11)
      at flushMutationEffects (node_modules/react-dom/cjs/react-dom-client.development.js:17979:13)
      at commitRoot (node_modules/react-dom/cjs/react-dom-client.development.js:17953:9)
      at commitRootWhenReady (node_modules/react-dom/cjs/react-dom-client.development.js:16824:7)
      at performWorkOnRoot (node_modules/react-dom/cjs/react-dom-client.development.js:16722:15)
      at performWorkOnRootViaSchedulerTask (node_modules/react-dom/cjs/react-dom-client.development.js:18957:7)
      at MessagePort.performWorkUntilDeadline (node_modules/scheduler/cjs/scheduler.development.js:45:48)

  console.error
    An update to Presence inside a test was not wrapped in act(...).
    
    When testing, code that causes React state updates should be wrapped into act(...):
    
    act(() => {
      /* fire events that update state */
    });
    /* assert on the output */
    
    This ensures that you're testing the behavior the user would see in the browser. Learn more at https://react.dev/link/wrap-tests-with-act

      57 |       return;
      58 |     }
    > 59 |     originalError.call(console, ...args);
         |                   ^
      60 |   };
      61 |
      62 |   console.warn = (...args) => {

      at console.call [as error] (jest.setup-after-env.js:59:19)
      at node_modules/react-dom/cjs/react-dom-client.development.js:18758:19
      at runWithFiberInDEV (node_modules/react-dom/cjs/react-dom-client.development.js:874:13)
      at warnIfUpdatesNotWrappedWithActDEV (node_modules/react-dom/cjs/react-dom-client.development.js:18757:9)
      at scheduleUpdateOnFiber (node_modules/react-dom/cjs/react-dom-client.development.js:16409:11)
      at dispatchSetStateInternal (node_modules/react-dom/cjs/react-dom-client.development.js:9170:13)
      at dispatchSetState (node_modules/react-dom/cjs/react-dom-client.development.js:9127:7)
      at node_modules/@radix-ui/react-presence/src/presence.tsx:159:7
      at setRef (node_modules/@radix-ui/react-compose-refs/src/compose-refs.tsx:11:12)
      at node_modules/@radix-ui/react-compose-refs/src/compose-refs.tsx:25:23
          at Array.map (<anonymous>)
      at node_modules/@radix-ui/react-compose-refs/src/compose-refs.tsx:24:27
      at setRef (node_modules/@radix-ui/react-compose-refs/src/compose-refs.tsx:11:12)
      at node_modules/@radix-ui/react-compose-refs/src/compose-refs.tsx:25:23
          at Array.map (<anonymous>)
      at node_modules/@radix-ui/react-compose-refs/src/compose-refs.tsx:24:27
      at setRef (node_modules/@radix-ui/react-compose-refs/src/compose-refs.tsx:11:12)
      at node_modules/@radix-ui/react-compose-refs/src/compose-refs.tsx:25:23
          at Array.map (<anonymous>)
      at node_modules/@radix-ui/react-compose-refs/src/compose-refs.tsx:24:27
      at setRef (node_modules/@radix-ui/react-compose-refs/src/compose-refs.tsx:11:12)
      at node_modules/@radix-ui/react-compose-refs/src/compose-refs.tsx:25:23
          at Array.map (<anonymous>)
      at node_modules/@radix-ui/react-compose-refs/src/compose-refs.tsx:24:27
      at setRef (node_modules/@radix-ui/react-compose-refs/src/compose-refs.tsx:11:12)
      at node_modules/@radix-ui/react-compose-refs/src/compose-refs.tsx:25:23
          at Array.map (<anonymous>)
      at node_modules/@radix-ui/react-compose-refs/src/compose-refs.tsx:24:27
      at runWithFiberInDEV (node_modules/react-dom/cjs/react-dom-client.development.js:874:13)
      at safelyDetachRef (node_modules/react-dom/cjs/react-dom-client.development.js:13529:37)
      at commitMutationEffectsOnFiber (node_modules/react-dom/cjs/react-dom-client.development.js:14826:15)
      at recursivelyTraverseMutationEffects (node_modules/react-dom/cjs/react-dom-client.development.js:14576:11)
      at commitMutationEffectsOnFiber (node_modules/react-dom/cjs/react-dom-client.development.js:14591:11)
      at recursivelyTraverseMutationEffects (node_modules/react-dom/cjs/react-dom-client.development.js:14576:11)
      at commitMutationEffectsOnFiber (node_modules/react-dom/cjs/react-dom-client.development.js:14591:11)
      at recursivelyTraverseMutationEffects (node_modules/react-dom/cjs/react-dom-client.development.js:14576:11)
      at commitMutationEffectsOnFiber (node_modules/react-dom/cjs/react-dom-client.development.js:14591:11)
      at recursivelyTraverseMutationEffects (node_modules/react-dom/cjs/react-dom-client.development.js:14576:11)
      at commitMutationEffectsOnFiber (node_modules/react-dom/cjs/react-dom-client.development.js:14591:11)
      at recursivelyTraverseMutationEffects (node_modules/react-dom/cjs/react-dom-client.development.js:14576:11)
      at commitMutationEffectsOnFiber (node_modules/react-dom/cjs/react-dom-client.development.js:14591:11)
      at recursivelyTraverseMutationEffects (node_modules/react-dom/cjs/react-dom-client.development.js:14576:11)
      at commitMutationEffectsOnFiber (node_modules/react-dom/cjs/react-dom-client.development.js:14591:11)
      at recursivelyTraverseMutationEffects (node_modules/react-dom/cjs/react-dom-client.development.js:14576:11)
      at commitMutationEffectsOnFiber (node_modules/react-dom/cjs/react-dom-client.development.js:14591:11)
      at recursivelyTraverseMutationEffects (node_modules/react-dom/cjs/react-dom-client.development.js:14576:11)
      at commitMutationEffectsOnFiber (node_modules/react-dom/cjs/react-dom-client.development.js:14591:11)
      at recursivelyTraverseMutationEffects (node_modules/react-dom/cjs/react-dom-client.development.js:14576:11)
      at commitMutationEffectsOnFiber (node_modules/react-dom/cjs/react-dom-client.development.js:14591:11)
      at recursivelyTraverseMutationEffects (node_modules/react-dom/cjs/react-dom-client.development.js:14576:11)
      at commitMutationEffectsOnFiber (node_modules/react-dom/cjs/react-dom-client.development.js:14591:11)
      at recursivelyTraverseMutationEffects (node_modules/react-dom/cjs/react-dom-client.development.js:14576:11)
      at commitMutationEffectsOnFiber (node_modules/react-dom/cjs/react-dom-client.development.js:14591:11)
      at recursivelyTraverseMutationEffects (node_modules/react-dom/cjs/react-dom-client.development.js:14576:11)
      at commitMutationEffectsOnFiber (node_modules/react-dom/cjs/react-dom-client.development.js:14591:11)
      at recursivelyTraverseMutationEffects (node_modules/react-dom/cjs/react-dom-client.development.js:14576:11)
      at commitMutationEffectsOnFiber (node_modules/react-dom/cjs/react-dom-client.development.js:14591:11)
      at recursivelyTraverseMutationEffects (node_modules/react-dom/cjs/react-dom-client.development.js:14576:11)
      at commitMutationEffectsOnFiber (node_modules/react-dom/cjs/react-dom-client.development.js:14911:11)
      at recursivelyTraverseMutationEffects (node_modules/react-dom/cjs/react-dom-client.development.js:14576:11)
      at commitMutationEffectsOnFiber (node_modules/react-dom/cjs/react-dom-client.development.js:14591:11)
      at recursivelyTraverseMutationEffects (node_modules/react-dom/cjs/react-dom-client.development.js:14576:11)
      at commitMutationEffectsOnFiber (node_modules/react-dom/cjs/react-dom-client.development.js:14591:11)
      at recursivelyTraverseMutationEffects (node_modules/react-dom/cjs/react-dom-client.development.js:14576:11)
      at commitMutationEffectsOnFiber (node_modules/react-dom/cjs/react-dom-client.development.js:15102:11)
      at recursivelyTraverseMutationEffects (node_modules/react-dom/cjs/react-dom-client.development.js:14576:11)
      at commitMutationEffectsOnFiber (node_modules/react-dom/cjs/react-dom-client.development.js:14591:11)
      at recursivelyTraverseMutationEffects (node_modules/react-dom/cjs/react-dom-client.development.js:14576:11)
      at commitMutationEffectsOnFiber (node_modules/react-dom/cjs/react-dom-client.development.js:14591:11)
      at recursivelyTraverseMutationEffects (node_modules/react-dom/cjs/react-dom-client.development.js:14576:11)
      at commitMutationEffectsOnFiber (node_modules/react-dom/cjs/react-dom-client.development.js:14591:11)
      at recursivelyTraverseMutationEffects (node_modules/react-dom/cjs/react-dom-client.development.js:14576:11)
      at commitMutationEffectsOnFiber (node_modules/react-dom/cjs/react-dom-client.development.js:15102:11)
      at recursivelyTraverseMutationEffects (node_modules/react-dom/cjs/react-dom-client.development.js:14576:11)
      at commitMutationEffectsOnFiber (node_modules/react-dom/cjs/react-dom-client.development.js:14591:11)
      at recursivelyTraverseMutationEffects (node_modules/react-dom/cjs/react-dom-client.development.js:14576:11)
      at commitMutationEffectsOnFiber (node_modules/react-dom/cjs/react-dom-client.development.js:14591:11)
      at recursivelyTraverseMutationEffects (node_modules/react-dom/cjs/react-dom-client.development.js:14576:11)
      at commitMutationEffectsOnFiber (node_modules/react-dom/cjs/react-dom-client.development.js:14591:11)
      at recursivelyTraverseMutationEffects (node_modules/react-dom/cjs/react-dom-client.development.js:14576:11)
      at commitMutationEffectsOnFiber (node_modules/react-dom/cjs/react-dom-client.development.js:14883:11)
      at flushMutationEffects (node_modules/react-dom/cjs/react-dom-client.development.js:17979:13)
      at commitRoot (node_modules/react-dom/cjs/react-dom-client.development.js:17953:9)
      at commitRootWhenReady (node_modules/react-dom/cjs/react-dom-client.development.js:16824:7)
      at performWorkOnRoot (node_modules/react-dom/cjs/react-dom-client.development.js:16722:15)
      at performWorkOnRootViaSchedulerTask (node_modules/react-dom/cjs/react-dom-client.development.js:18957:7)
      at MessagePort.performWorkUntilDeadline (node_modules/scheduler/cjs/scheduler.development.js:45:48)

  console.error
    An update to Presence inside a test was not wrapped in act(...).
    
    When testing, code that causes React state updates should be wrapped into act(...):
    
    act(() => {
      /* fire events that update state */
    });
    /* assert on the output */
    
    This ensures that you're testing the behavior the user would see in the browser. Learn more at https://react.dev/link/wrap-tests-with-act

      57 |       return;
      58 |     }
    > 59 |     originalError.call(console, ...args);
         |                   ^
      60 |   };
      61 |
      62 |   console.warn = (...args) => {

      at console.call [as error] (jest.setup-after-env.js:59:19)
      at node_modules/react-dom/cjs/react-dom-client.development.js:18758:19
      at runWithFiberInDEV (node_modules/react-dom/cjs/react-dom-client.development.js:874:13)
      at warnIfUpdatesNotWrappedWithActDEV (node_modules/react-dom/cjs/react-dom-client.development.js:18757:9)
      at scheduleUpdateOnFiber (node_modules/react-dom/cjs/react-dom-client.development.js:16409:11)
      at dispatchSetStateInternal (node_modules/react-dom/cjs/react-dom-client.development.js:9170:13)
      at dispatchSetState (node_modules/react-dom/cjs/react-dom-client.development.js:9127:7)
      at node_modules/@radix-ui/react-presence/src/presence.tsx:159:7
      at setRef (node_modules/@radix-ui/react-compose-refs/src/compose-refs.tsx:11:12)
      at node_modules/@radix-ui/react-compose-refs/src/compose-refs.tsx:25:23
          at Array.map (<anonymous>)
      at node_modules/@radix-ui/react-compose-refs/src/compose-refs.tsx:24:27
      at setRef (node_modules/@radix-ui/react-compose-refs/src/compose-refs.tsx:11:12)
      at node_modules/@radix-ui/react-compose-refs/src/compose-refs.tsx:25:23
          at Array.map (<anonymous>)
      at node_modules/@radix-ui/react-compose-refs/src/compose-refs.tsx:24:27
      at setRef (node_modules/@radix-ui/react-compose-refs/src/compose-refs.tsx:11:12)
      at node_modules/@radix-ui/react-compose-refs/src/compose-refs.tsx:25:23
          at Array.map (<anonymous>)
      at node_modules/@radix-ui/react-compose-refs/src/compose-refs.tsx:24:27
      at setRef (node_modules/@radix-ui/react-compose-refs/src/compose-refs.tsx:11:12)
      at node_modules/@radix-ui/react-compose-refs/src/compose-refs.tsx:25:23
          at Array.map (<anonymous>)
      at node_modules/@radix-ui/react-compose-refs/src/compose-refs.tsx:24:27
      at setRef (node_modules/@radix-ui/react-compose-refs/src/compose-refs.tsx:11:12)
      at node_modules/@radix-ui/react-compose-refs/src/compose-refs.tsx:25:23
          at Array.map (<anonymous>)
      at node_modules/@radix-ui/react-compose-refs/src/compose-refs.tsx:24:27
      at setRef (node_modules/@radix-ui/react-compose-refs/src/compose-refs.tsx:11:12)
      at node_modules/@radix-ui/react-compose-refs/src/compose-refs.tsx:25:23
          at Array.map (<anonymous>)
      at node_modules/@radix-ui/react-compose-refs/src/compose-refs.tsx:24:27
      at setRef (node_modules/@radix-ui/react-compose-refs/src/compose-refs.tsx:11:12)
      at node_modules/@radix-ui/react-compose-refs/src/compose-refs.tsx:25:23
          at Array.map (<anonymous>)
      at node_modules/@radix-ui/react-compose-refs/src/compose-refs.tsx:24:27
      at runWithFiberInDEV (node_modules/react-dom/cjs/react-dom-client.development.js:874:13)
      at safelyDetachRef (node_modules/react-dom/cjs/react-dom-client.development.js:13529:37)
      at commitMutationEffectsOnFiber (node_modules/react-dom/cjs/react-dom-client.development.js:14826:15)
      at recursivelyTraverseMutationEffects (node_modules/react-dom/cjs/react-dom-client.development.js:14576:11)
      at commitMutationEffectsOnFiber (node_modules/react-dom/cjs/react-dom-client.development.js:14591:11)
      at recursivelyTraverseMutationEffects (node_modules/react-dom/cjs/react-dom-client.development.js:14576:11)
      at commitMutationEffectsOnFiber (node_modules/react-dom/cjs/react-dom-client.development.js:14591:11)
      at recursivelyTraverseMutationEffects (node_modules/react-dom/cjs/react-dom-client.development.js:14576:11)
      at commitMutationEffectsOnFiber (node_modules/react-dom/cjs/react-dom-client.development.js:14591:11)
      at recursivelyTraverseMutationEffects (node_modules/react-dom/cjs/react-dom-client.development.js:14576:11)
      at commitMutationEffectsOnFiber (node_modules/react-dom/cjs/react-dom-client.development.js:14591:11)
      at recursivelyTraverseMutationEffects (node_modules/react-dom/cjs/react-dom-client.development.js:14576:11)
      at commitMutationEffectsOnFiber (node_modules/react-dom/cjs/react-dom-client.development.js:14591:11)
      at recursivelyTraverseMutationEffects (node_modules/react-dom/cjs/react-dom-client.development.js:14576:11)
      at commitMutationEffectsOnFiber (node_modules/react-dom/cjs/react-dom-client.development.js:14591:11)
      at recursivelyTraverseMutationEffects (node_modules/react-dom/cjs/react-dom-client.development.js:14576:11)
      at commitMutationEffectsOnFiber (node_modules/react-dom/cjs/react-dom-client.development.js:14591:11)
      at recursivelyTraverseMutationEffects (node_modules/react-dom/cjs/react-dom-client.development.js:14576:11)
      at commitMutationEffectsOnFiber (node_modules/react-dom/cjs/react-dom-client.development.js:14591:11)
      at recursivelyTraverseMutationEffects (node_modules/react-dom/cjs/react-dom-client.development.js:14576:11)
      at commitMutationEffectsOnFiber (node_modules/react-dom/cjs/react-dom-client.development.js:14591:11)
      at recursivelyTraverseMutationEffects (node_modules/react-dom/cjs/react-dom-client.development.js:14576:11)
      at commitMutationEffectsOnFiber (node_modules/react-dom/cjs/react-dom-client.development.js:14591:11)
      at recursivelyTraverseMutationEffects (node_modules/react-dom/cjs/react-dom-client.development.js:14576:11)
      at commitMutationEffectsOnFiber (node_modules/react-dom/cjs/react-dom-client.development.js:14591:11)
      at recursivelyTraverseMutationEffects (node_modules/react-dom/cjs/react-dom-client.development.js:14576:11)
      at commitMutationEffectsOnFiber (node_modules/react-dom/cjs/react-dom-client.development.js:14591:11)
      at recursivelyTraverseMutationEffects (node_modules/react-dom/cjs/react-dom-client.development.js:14576:11)
      at commitMutationEffectsOnFiber (node_modules/react-dom/cjs/react-dom-client.development.js:14591:11)
      at recursivelyTraverseMutationEffects (node_modules/react-dom/cjs/react-dom-client.development.js:14576:11)
      at commitMutationEffectsOnFiber (node_modules/react-dom/cjs/react-dom-client.development.js:14911:11)
      at recursivelyTraverseMutationEffects (node_modules/react-dom/cjs/react-dom-client.development.js:14576:11)
      at commitMutationEffectsOnFiber (node_modules/react-dom/cjs/react-dom-client.development.js:14591:11)
      at recursivelyTraverseMutationEffects (node_modules/react-dom/cjs/react-dom-client.development.js:14576:11)
      at commitMutationEffectsOnFiber (node_modules/react-dom/cjs/react-dom-client.development.js:14591:11)
      at recursivelyTraverseMutationEffects (node_modules/react-dom/cjs/react-dom-client.development.js:14576:11)
      at commitMutationEffectsOnFiber (node_modules/react-dom/cjs/react-dom-client.development.js:15102:11)
      at recursivelyTraverseMutationEffects (node_modules/react-dom/cjs/react-dom-client.development.js:14576:11)
      at commitMutationEffectsOnFiber (node_modules/react-dom/cjs/react-dom-client.development.js:14591:11)
      at recursivelyTraverseMutationEffects (node_modules/react-dom/cjs/react-dom-client.development.js:14576:11)
      at commitMutationEffectsOnFiber (node_modules/react-dom/cjs/react-dom-client.development.js:14591:11)
      at recursivelyTraverseMutationEffects (node_modules/react-dom/cjs/react-dom-client.development.js:14576:11)
      at commitMutationEffectsOnFiber (node_modules/react-dom/cjs/react-dom-client.development.js:14591:11)
      at recursivelyTraverseMutationEffects (node_modules/react-dom/cjs/react-dom-client.development.js:14576:11)
      at commitMutationEffectsOnFiber (node_modules/react-dom/cjs/react-dom-client.development.js:15102:11)
      at recursivelyTraverseMutationEffects (node_modules/react-dom/cjs/react-dom-client.development.js:14576:11)
      at commitMutationEffectsOnFiber (node_modules/react-dom/cjs/react-dom-client.development.js:14591:11)
      at recursivelyTraverseMutationEffects (node_modules/react-dom/cjs/react-dom-client.development.js:14576:11)
      at commitMutationEffectsOnFiber (node_modules/react-dom/cjs/react-dom-client.development.js:14591:11)
      at recursivelyTraverseMutationEffects (node_modules/react-dom/cjs/react-dom-client.development.js:14576:11)
      at commitMutationEffectsOnFiber (node_modules/react-dom/cjs/react-dom-client.development.js:14591:11)
      at recursivelyTraverseMutationEffects (node_modules/react-dom/cjs/react-dom-client.development.js:14576:11)
      at commitMutationEffectsOnFiber (node_modules/react-dom/cjs/react-dom-client.development.js:14883:11)
      at flushMutationEffects (node_modules/react-dom/cjs/react-dom-client.development.js:17979:13)
      at commitRoot (node_modules/react-dom/cjs/react-dom-client.development.js:17953:9)
      at commitRootWhenReady (node_modules/react-dom/cjs/react-dom-client.development.js:16824:7)
      at performWorkOnRoot (node_modules/react-dom/cjs/react-dom-client.development.js:16722:15)
      at performWorkOnRootViaSchedulerTask (node_modules/react-dom/cjs/react-dom-client.development.js:18957:7)
      at MessagePort.performWorkUntilDeadline (node_modules/scheduler/cjs/scheduler.development.js:45:48)

  console.error
    An update to DismissableLayer inside a test was not wrapped in act(...).
    
    When testing, code that causes React state updates should be wrapped into act(...):
    
    act(() => {
      /* fire events that update state */
    });
    /* assert on the output */
    
    This ensures that you're testing the behavior the user would see in the browser. Learn more at https://react.dev/link/wrap-tests-with-act

      57 |       return;
      58 |     }
    > 59 |     originalError.call(console, ...args);
         |                   ^
      60 |   };
      61 |
      62 |   console.warn = (...args) => {

      at console.call [as error] (jest.setup-after-env.js:59:19)
      at node_modules/react-dom/cjs/react-dom-client.development.js:18758:19
      at runWithFiberInDEV (node_modules/react-dom/cjs/react-dom-client.development.js:874:13)
      at warnIfUpdatesNotWrappedWithActDEV (node_modules/react-dom/cjs/react-dom-client.development.js:18757:9)
      at scheduleUpdateOnFiber (node_modules/react-dom/cjs/react-dom-client.development.js:16409:11)
      at dispatchSetStateInternal (node_modules/react-dom/cjs/react-dom-client.development.js:9170:13)
      at dispatchSetState (node_modules/react-dom/cjs/react-dom-client.development.js:9127:7)
      at node_modules/@radix-ui/react-dismissable-layer/src/dismissable-layer.tsx:76:66
      at setRef (node_modules/@radix-ui/react-compose-refs/src/compose-refs.tsx:11:12)
      at node_modules/@radix-ui/react-compose-refs/src/compose-refs.tsx:25:23
          at Array.map (<anonymous>)
      at node_modules/@radix-ui/react-compose-refs/src/compose-refs.tsx:24:27
      at runWithFiberInDEV (node_modules/react-dom/cjs/react-dom-client.development.js:874:13)
      at safelyDetachRef (node_modules/react-dom/cjs/react-dom-client.development.js:13529:37)
      at commitMutationEffectsOnFiber (node_modules/react-dom/cjs/react-dom-client.development.js:14826:15)
      at recursivelyTraverseMutationEffects (node_modules/react-dom/cjs/react-dom-client.development.js:14576:11)
      at commitMutationEffectsOnFiber (node_modules/react-dom/cjs/react-dom-client.development.js:14591:11)
      at recursivelyTraverseMutationEffects (node_modules/react-dom/cjs/react-dom-client.development.js:14576:11)
      at commitMutationEffectsOnFiber (node_modules/react-dom/cjs/react-dom-client.development.js:14591:11)
      at recursivelyTraverseMutationEffects (node_modules/react-dom/cjs/react-dom-client.development.js:14576:11)
      at commitMutationEffectsOnFiber (node_modules/react-dom/cjs/react-dom-client.development.js:14591:11)
      at recursivelyTraverseMutationEffects (node_modules/react-dom/cjs/react-dom-client.development.js:14576:11)
      at commitMutationEffectsOnFiber (node_modules/react-dom/cjs/react-dom-client.development.js:14591:11)
      at recursivelyTraverseMutationEffects (node_modules/react-dom/cjs/react-dom-client.development.js:14576:11)
      at commitMutationEffectsOnFiber (node_modules/react-dom/cjs/react-dom-client.development.js:14591:11)
      at recursivelyTraverseMutationEffects (node_modules/react-dom/cjs/react-dom-client.development.js:14576:11)
      at commitMutationEffectsOnFiber (node_modules/react-dom/cjs/react-dom-client.development.js:14591:11)
      at recursivelyTraverseMutationEffects (node_modules/react-dom/cjs/react-dom-client.development.js:14576:11)
      at commitMutationEffectsOnFiber (node_modules/react-dom/cjs/react-dom-client.development.js:14591:11)
      at recursivelyTraverseMutationEffects (node_modules/react-dom/cjs/react-dom-client.development.js:14576:11)
      at commitMutationEffectsOnFiber (node_modules/react-dom/cjs/react-dom-client.development.js:14591:11)
      at recursivelyTraverseMutationEffects (node_modules/react-dom/cjs/react-dom-client.development.js:14576:11)
      at commitMutationEffectsOnFiber (node_modules/react-dom/cjs/react-dom-client.development.js:14591:11)
      at recursivelyTraverseMutationEffects (node_modules/react-dom/cjs/react-dom-client.development.js:14576:11)
      at commitMutationEffectsOnFiber (node_modules/react-dom/cjs/react-dom-client.development.js:14591:11)
      at recursivelyTraverseMutationEffects (node_modules/react-dom/cjs/react-dom-client.development.js:14576:11)
      at commitMutationEffectsOnFiber (node_modules/react-dom/cjs/react-dom-client.development.js:14591:11)
      at recursivelyTraverseMutationEffects (node_modules/react-dom/cjs/react-dom-client.development.js:14576:11)
      at commitMutationEffectsOnFiber (node_modules/react-dom/cjs/react-dom-client.development.js:14591:11)
      at recursivelyTraverseMutationEffects (node_modules/react-dom/cjs/react-dom-client.development.js:14576:11)
      at commitMutationEffectsOnFiber (node_modules/react-dom/cjs/react-dom-client.development.js:14591:11)
      at recursivelyTraverseMutationEffects (node_modules/react-dom/cjs/react-dom-client.development.js:14576:11)
      at commitMutationEffectsOnFiber (node_modules/react-dom/cjs/react-dom-client.development.js:14911:11)
      at recursivelyTraverseMutationEffects (node_modules/react-dom/cjs/react-dom-client.development.js:14576:11)
      at commitMutationEffectsOnFiber (node_modules/react-dom/cjs/react-dom-client.development.js:14591:11)
      at recursivelyTraverseMutationEffects (node_modules/react-dom/cjs/react-dom-client.development.js:14576:11)
      at commitMutationEffectsOnFiber (node_modules/react-dom/cjs/react-dom-client.development.js:14591:11)
      at recursivelyTraverseMutationEffects (node_modules/react-dom/cjs/react-dom-client.development.js:14576:11)
      at commitMutationEffectsOnFiber (node_modules/react-dom/cjs/react-dom-client.development.js:15102:11)
      at recursivelyTraverseMutationEffects (node_modules/react-dom/cjs/react-dom-client.development.js:14576:11)
      at commitMutationEffectsOnFiber (node_modules/react-dom/cjs/react-dom-client.development.js:14591:11)
      at recursivelyTraverseMutationEffects (node_modules/react-dom/cjs/react-dom-client.development.js:14576:11)
      at commitMutationEffectsOnFiber (node_modules/react-dom/cjs/react-dom-client.development.js:14591:11)
      at recursivelyTraverseMutationEffects (node_modules/react-dom/cjs/react-dom-client.development.js:14576:11)
      at commitMutationEffectsOnFiber (node_modules/react-dom/cjs/react-dom-client.development.js:14591:11)
      at recursivelyTraverseMutationEffects (node_modules/react-dom/cjs/react-dom-client.development.js:14576:11)
      at commitMutationEffectsOnFiber (node_modules/react-dom/cjs/react-dom-client.development.js:15102:11)
      at recursivelyTraverseMutationEffects (node_modules/react-dom/cjs/react-dom-client.development.js:14576:11)
      at commitMutationEffectsOnFiber (node_modules/react-dom/cjs/react-dom-client.development.js:14591:11)
      at recursivelyTraverseMutationEffects (node_modules/react-dom/cjs/react-dom-client.development.js:14576:11)
      at commitMutationEffectsOnFiber (node_modules/react-dom/cjs/react-dom-client.development.js:14591:11)
      at recursivelyTraverseMutationEffects (node_modules/react-dom/cjs/react-dom-client.development.js:14576:11)
      at commitMutationEffectsOnFiber (node_modules/react-dom/cjs/react-dom-client.development.js:14591:11)
      at recursivelyTraverseMutationEffects (node_modules/react-dom/cjs/react-dom-client.development.js:14576:11)
      at commitMutationEffectsOnFiber (node_modules/react-dom/cjs/react-dom-client.development.js:14883:11)
      at flushMutationEffects (node_modules/react-dom/cjs/react-dom-client.development.js:17979:13)
      at commitRoot (node_modules/react-dom/cjs/react-dom-client.development.js:17953:9)
      at commitRootWhenReady (node_modules/react-dom/cjs/react-dom-client.development.js:16824:7)
      at performWorkOnRoot (node_modules/react-dom/cjs/react-dom-client.development.js:16722:15)
      at performWorkOnRootViaSchedulerTask (node_modules/react-dom/cjs/react-dom-client.development.js:18957:7)
      at MessagePort.performWorkUntilDeadline (node_modules/scheduler/cjs/scheduler.development.js:45:48)

  console.error
    An update to Presence inside a test was not wrapped in act(...).
    
    When testing, code that causes React state updates should be wrapped into act(...):
    
    act(() => {
      /* fire events that update state */
    });
    /* assert on the output */
    
    This ensures that you're testing the behavior the user would see in the browser. Learn more at https://react.dev/link/wrap-tests-with-act

      57 |       return;
      58 |     }
    > 59 |     originalError.call(console, ...args);
         |                   ^
      60 |   };
      61 |
      62 |   console.warn = (...args) => {

      at console.call [as error] (jest.setup-after-env.js:59:19)
      at node_modules/react-dom/cjs/react-dom-client.development.js:18758:19
      at runWithFiberInDEV (node_modules/react-dom/cjs/react-dom-client.development.js:874:13)
      at warnIfUpdatesNotWrappedWithActDEV (node_modules/react-dom/cjs/react-dom-client.development.js:18757:9)
      at scheduleUpdateOnFiber (node_modules/react-dom/cjs/react-dom-client.development.js:16409:11)
      at dispatchSetStateInternal (node_modules/react-dom/cjs/react-dom-client.development.js:9170:13)
      at dispatchSetState (node_modules/react-dom/cjs/react-dom-client.development.js:9127:7)
      at node_modules/@radix-ui/react-presence/src/presence.tsx:159:7
      at setRef (node_modules/@radix-ui/react-compose-refs/src/compose-refs.tsx:11:12)
      at node_modules/@radix-ui/react-compose-refs/src/compose-refs.tsx:25:23
          at Array.map (<anonymous>)
      at node_modules/@radix-ui/react-compose-refs/src/compose-refs.tsx:24:27
      at setRef (node_modules/@radix-ui/react-compose-refs/src/compose-refs.tsx:11:12)
      at node_modules/@radix-ui/react-compose-refs/src/compose-refs.tsx:25:23
          at Array.map (<anonymous>)
      at node_modules/@radix-ui/react-compose-refs/src/compose-refs.tsx:24:27
      at commitAttachRef (node_modules/react-dom/cjs/react-dom-client.development.js:13482:44)
      at runWithFiberInDEV (node_modules/react-dom/cjs/react-dom-client.development.js:874:13)
      at safelyAttachRef (node_modules/react-dom/cjs/react-dom-client.development.js:13500:9)
      at commitLayoutEffectOnFiber (node_modules/react-dom/cjs/react-dom-client.development.js:14089:26)
      at recursivelyTraverseLayoutEffects (node_modules/react-dom/cjs/react-dom-client.development.js:15159:11)
      at commitLayoutEffectOnFiber (node_modules/react-dom/cjs/react-dom-client.development.js:13949:11)
      at recursivelyTraverseLayoutEffects (node_modules/react-dom/cjs/react-dom-client.development.js:15159:11)
      at commitLayoutEffectOnFiber (node_modules/react-dom/cjs/react-dom-client.development.js:13949:11)
      at recursivelyTraverseLayoutEffects (node_modules/react-dom/cjs/react-dom-client.development.js:15159:11)
      at commitLayoutEffectOnFiber (node_modules/react-dom/cjs/react-dom-client.development.js:13949:11)
      at recursivelyTraverseLayoutEffects (node_modules/react-dom/cjs/react-dom-client.development.js:15159:11)
      at commitLayoutEffectOnFiber (node_modules/react-dom/cjs/react-dom-client.development.js:13949:11)
      at recursivelyTraverseLayoutEffects (node_modules/react-dom/cjs/react-dom-client.development.js:15159:11)
      at commitLayoutEffectOnFiber (node_modules/react-dom/cjs/react-dom-client.development.js:13949:11)
      at recursivelyTraverseLayoutEffects (node_modules/react-dom/cjs/react-dom-client.development.js:15159:11)
      at commitLayoutEffectOnFiber (node_modules/react-dom/cjs/react-dom-client.development.js:13949:11)
      at recursivelyTraverseLayoutEffects (node_modules/react-dom/cjs/react-dom-client.development.js:15159:11)
      at commitLayoutEffectOnFiber (node_modules/react-dom/cjs/react-dom-client.development.js:13949:11)
      at recursivelyTraverseLayoutEffects (node_modules/react-dom/cjs/react-dom-client.development.js:15159:11)
      at commitLayoutEffectOnFiber (node_modules/react-dom/cjs/react-dom-client.development.js:13949:11)
      at recursivelyTraverseLayoutEffects (node_modules/react-dom/cjs/react-dom-client.development.js:15159:11)
      at commitLayoutEffectOnFiber (node_modules/react-dom/cjs/react-dom-client.development.js:13949:11)
      at recursivelyTraverseLayoutEffects (node_modules/react-dom/cjs/react-dom-client.development.js:15159:11)
      at commitLayoutEffectOnFiber (node_modules/react-dom/cjs/react-dom-client.development.js:13949:11)
      at recursivelyTraverseLayoutEffects (node_modules/react-dom/cjs/react-dom-client.development.js:15159:11)
      at commitLayoutEffectOnFiber (node_modules/react-dom/cjs/react-dom-client.development.js:13949:11)
      at recursivelyTraverseLayoutEffects (node_modules/react-dom/cjs/react-dom-client.development.js:15159:11)
      at commitLayoutEffectOnFiber (node_modules/react-dom/cjs/react-dom-client.development.js:13949:11)
      at recursivelyTraverseLayoutEffects (node_modules/react-dom/cjs/react-dom-client.development.js:15159:11)
      at commitLayoutEffectOnFiber (node_modules/react-dom/cjs/react-dom-client.development.js:14165:11)
      at recursivelyTraverseLayoutEffects (node_modules/react-dom/cjs/react-dom-client.development.js:15159:11)
      at commitLayoutEffectOnFiber (node_modules/react-dom/cjs/react-dom-client.development.js:13949:11)
      at recursivelyTraverseLayoutEffects (node_modules/react-dom/cjs/react-dom-client.development.js:15159:11)
      at commitLayoutEffectOnFiber (node_modules/react-dom/cjs/react-dom-client.development.js:13949:11)
      at recursivelyTraverseLayoutEffects (node_modules/react-dom/cjs/react-dom-client.development.js:15159:11)
      at commitLayoutEffectOnFiber (node_modules/react-dom/cjs/react-dom-client.development.js:14165:11)
      at recursivelyTraverseLayoutEffects (node_modules/react-dom/cjs/react-dom-client.development.js:15159:11)
      at commitLayoutEffectOnFiber (node_modules/react-dom/cjs/react-dom-client.development.js:13949:11)
      at recursivelyTraverseLayoutEffects (node_modules/react-dom/cjs/react-dom-client.development.js:15159:11)
      at commitLayoutEffectOnFiber (node_modules/react-dom/cjs/react-dom-client.development.js:13949:11)
      at recursivelyTraverseLayoutEffects (node_modules/react-dom/cjs/react-dom-client.development.js:15159:11)
      at commitLayoutEffectOnFiber (node_modules/react-dom/cjs/react-dom-client.development.js:13949:11)
      at recursivelyTraverseLayoutEffects (node_modules/react-dom/cjs/react-dom-client.development.js:15159:11)
      at commitLayoutEffectOnFiber (node_modules/react-dom/cjs/react-dom-client.development.js:14165:11)
      at recursivelyTraverseLayoutEffects (node_modules/react-dom/cjs/react-dom-client.development.js:15159:11)
      at commitLayoutEffectOnFiber (node_modules/react-dom/cjs/react-dom-client.development.js:13949:11)
      at recursivelyTraverseLayoutEffects (node_modules/react-dom/cjs/react-dom-client.development.js:15159:11)
      at commitLayoutEffectOnFiber (node_modules/react-dom/cjs/react-dom-client.development.js:13949:11)
      at recursivelyTraverseLayoutEffects (node_modules/react-dom/cjs/react-dom-client.development.js:15159:11)
      at commitLayoutEffectOnFiber (node_modules/react-dom/cjs/react-dom-client.development.js:13949:11)
      at recursivelyTraverseLayoutEffects (node_modules/react-dom/cjs/react-dom-client.development.js:15159:11)
      at commitLayoutEffectOnFiber (node_modules/react-dom/cjs/react-dom-client.development.js:14031:11)
      at flushLayoutEffects (node_modules/react-dom/cjs/react-dom-client.development.js:18138:15)
      at commitRoot (node_modules/react-dom/cjs/react-dom-client.development.js:17954:9)
      at commitRootWhenReady (node_modules/react-dom/cjs/react-dom-client.development.js:16824:7)
      at performWorkOnRoot (node_modules/react-dom/cjs/react-dom-client.development.js:16722:15)
      at performWorkOnRootViaSchedulerTask (node_modules/react-dom/cjs/react-dom-client.development.js:18957:7)
      at MessagePort.performWorkUntilDeadline (node_modules/scheduler/cjs/scheduler.development.js:45:48)

  console.error
    An update to Presence inside a test was not wrapped in act(...).
    
    When testing, code that causes React state updates should be wrapped into act(...):
    
    act(() => {
      /* fire events that update state */
    });
    /* assert on the output */
    
    This ensures that you're testing the behavior the user would see in the browser. Learn more at https://react.dev/link/wrap-tests-with-act

      57 |       return;
      58 |     }
    > 59 |     originalError.call(console, ...args);
         |                   ^
      60 |   };
      61 |
      62 |   console.warn = (...args) => {

      at console.call [as error] (jest.setup-after-env.js:59:19)
      at node_modules/react-dom/cjs/react-dom-client.development.js:18758:19
      at runWithFiberInDEV (node_modules/react-dom/cjs/react-dom-client.development.js:874:13)
      at warnIfUpdatesNotWrappedWithActDEV (node_modules/react-dom/cjs/react-dom-client.development.js:18757:9)
      at scheduleUpdateOnFiber (node_modules/react-dom/cjs/react-dom-client.development.js:16409:11)
      at dispatchSetStateInternal (node_modules/react-dom/cjs/react-dom-client.development.js:9170:13)
      at dispatchSetState (node_modules/react-dom/cjs/react-dom-client.development.js:9127:7)
      at node_modules/@radix-ui/react-presence/src/presence.tsx:159:7
      at setRef (node_modules/@radix-ui/react-compose-refs/src/compose-refs.tsx:11:12)
      at node_modules/@radix-ui/react-compose-refs/src/compose-refs.tsx:25:23
          at Array.map (<anonymous>)
      at node_modules/@radix-ui/react-compose-refs/src/compose-refs.tsx:24:27
      at setRef (node_modules/@radix-ui/react-compose-refs/src/compose-refs.tsx:11:12)
      at node_modules/@radix-ui/react-compose-refs/src/compose-refs.tsx:25:23
          at Array.map (<anonymous>)
      at node_modules/@radix-ui/react-compose-refs/src/compose-refs.tsx:24:27
      at setRef (node_modules/@radix-ui/react-compose-refs/src/compose-refs.tsx:11:12)
      at node_modules/@radix-ui/react-compose-refs/src/compose-refs.tsx:25:23
          at Array.map (<anonymous>)
      at node_modules/@radix-ui/react-compose-refs/src/compose-refs.tsx:24:27
      at setRef (node_modules/@radix-ui/react-compose-refs/src/compose-refs.tsx:11:12)
      at node_modules/@radix-ui/react-compose-refs/src/compose-refs.tsx:25:23
          at Array.map (<anonymous>)
      at node_modules/@radix-ui/react-compose-refs/src/compose-refs.tsx:24:27
      at commitAttachRef (node_modules/react-dom/cjs/react-dom-client.development.js:13482:44)
      at runWithFiberInDEV (node_modules/react-dom/cjs/react-dom-client.development.js:874:13)
      at safelyAttachRef (node_modules/react-dom/cjs/react-dom-client.development.js:13500:9)
      at commitLayoutEffectOnFiber (node_modules/react-dom/cjs/react-dom-client.development.js:14089:26)
      at recursivelyTraverseLayoutEffects (node_modules/react-dom/cjs/react-dom-client.development.js:15159:11)
      at commitLayoutEffectOnFiber (node_modules/react-dom/cjs/react-dom-client.development.js:13949:11)
      at recursivelyTraverseLayoutEffects (node_modules/react-dom/cjs/react-dom-client.development.js:15159:11)
      at commitLayoutEffectOnFiber (node_modules/react-dom/cjs/react-dom-client.development.js:13949:11)
      at recursivelyTraverseLayoutEffects (node_modules/react-dom/cjs/react-dom-client.development.js:15159:11)
      at commitLayoutEffectOnFiber (node_modules/react-dom/cjs/react-dom-client.development.js:13949:11)
      at recursivelyTraverseLayoutEffects (node_modules/react-dom/cjs/react-dom-client.development.js:15159:11)
      at commitLayoutEffectOnFiber (node_modules/react-dom/cjs/react-dom-client.development.js:13949:11)
      at recursivelyTraverseLayoutEffects (node_modules/react-dom/cjs/react-dom-client.development.js:15159:11)
      at commitLayoutEffectOnFiber (node_modules/react-dom/cjs/react-dom-client.development.js:13949:11)
      at recursivelyTraverseLayoutEffects (node_modules/react-dom/cjs/react-dom-client.development.js:15159:11)
      at commitLayoutEffectOnFiber (node_modules/react-dom/cjs/react-dom-client.development.js:13949:11)
      at recursivelyTraverseLayoutEffects (node_modules/react-dom/cjs/react-dom-client.development.js:15159:11)
      at commitLayoutEffectOnFiber (node_modules/react-dom/cjs/react-dom-client.development.js:13949:11)
      at recursivelyTraverseLayoutEffects (node_modules/react-dom/cjs/react-dom-client.development.js:15159:11)
      at commitLayoutEffectOnFiber (node_modules/react-dom/cjs/react-dom-client.development.js:13949:11)
      at recursivelyTraverseLayoutEffects (node_modules/react-dom/cjs/react-dom-client.development.js:15159:11)
      at commitLayoutEffectOnFiber (node_modules/react-dom/cjs/react-dom-client.development.js:13949:11)
      at recursivelyTraverseLayoutEffects (node_modules/react-dom/cjs/react-dom-client.development.js:15159:11)
      at commitLayoutEffectOnFiber (node_modules/react-dom/cjs/react-dom-client.development.js:13949:11)
      at recursivelyTraverseLayoutEffects (node_modules/react-dom/cjs/react-dom-client.development.js:15159:11)
      at commitLayoutEffectOnFiber (node_modules/react-dom/cjs/react-dom-client.development.js:13949:11)
      at recursivelyTraverseLayoutEffects (node_modules/react-dom/cjs/react-dom-client.development.js:15159:11)
      at commitLayoutEffectOnFiber (node_modules/react-dom/cjs/react-dom-client.development.js:13949:11)
      at recursivelyTraverseLayoutEffects (node_modules/react-dom/cjs/react-dom-client.development.js:15159:11)
      at commitLayoutEffectOnFiber (node_modules/react-dom/cjs/react-dom-client.development.js:14165:11)
      at recursivelyTraverseLayoutEffects (node_modules/react-dom/cjs/react-dom-client.development.js:15159:11)
      at commitLayoutEffectOnFiber (node_modules/react-dom/cjs/react-dom-client.development.js:13949:11)
      at recursivelyTraverseLayoutEffects (node_modules/react-dom/cjs/react-dom-client.development.js:15159:11)
      at commitLayoutEffectOnFiber (node_modules/react-dom/cjs/react-dom-client.development.js:13949:11)
      at recursivelyTraverseLayoutEffects (node_modules/react-dom/cjs/react-dom-client.development.js:15159:11)
      at commitLayoutEffectOnFiber (node_modules/react-dom/cjs/react-dom-client.development.js:14165:11)
      at recursivelyTraverseLayoutEffects (node_modules/react-dom/cjs/react-dom-client.development.js:15159:11)
      at commitLayoutEffectOnFiber (node_modules/react-dom/cjs/react-dom-client.development.js:13949:11)
      at recursivelyTraverseLayoutEffects (node_modules/react-dom/cjs/react-dom-client.development.js:15159:11)
      at commitLayoutEffectOnFiber (node_modules/react-dom/cjs/react-dom-client.development.js:13949:11)
      at recursivelyTraverseLayoutEffects (node_modules/react-dom/cjs/react-dom-client.development.js:15159:11)
      at commitLayoutEffectOnFiber (node_modules/react-dom/cjs/react-dom-client.development.js:13949:11)
      at recursivelyTraverseLayoutEffects (node_modules/react-dom/cjs/react-dom-client.development.js:15159:11)
      at commitLayoutEffectOnFiber (node_modules/react-dom/cjs/react-dom-client.development.js:14165:11)
      at recursivelyTraverseLayoutEffects (node_modules/react-dom/cjs/react-dom-client.development.js:15159:11)
      at commitLayoutEffectOnFiber (node_modules/react-dom/cjs/react-dom-client.development.js:13949:11)
      at recursivelyTraverseLayoutEffects (node_modules/react-dom/cjs/react-dom-client.development.js:15159:11)
      at commitLayoutEffectOnFiber (node_modules/react-dom/cjs/react-dom-client.development.js:13949:11)
      at recursivelyTraverseLayoutEffects (node_modules/react-dom/cjs/react-dom-client.development.js:15159:11)
      at commitLayoutEffectOnFiber (node_modules/react-dom/cjs/react-dom-client.development.js:13949:11)
      at recursivelyTraverseLayoutEffects (node_modules/react-dom/cjs/react-dom-client.development.js:15159:11)
      at commitLayoutEffectOnFiber (node_modules/react-dom/cjs/react-dom-client.development.js:14031:11)
      at flushLayoutEffects (node_modules/react-dom/cjs/react-dom-client.development.js:18138:15)
      at commitRoot (node_modules/react-dom/cjs/react-dom-client.development.js:17954:9)
      at commitRootWhenReady (node_modules/react-dom/cjs/react-dom-client.development.js:16824:7)
      at performWorkOnRoot (node_modules/react-dom/cjs/react-dom-client.development.js:16722:15)
      at performWorkOnRootViaSchedulerTask (node_modules/react-dom/cjs/react-dom-client.development.js:18957:7)
      at MessagePort.performWorkUntilDeadline (node_modules/scheduler/cjs/scheduler.development.js:45:48)

  console.error
    An update to FocusScope inside a test was not wrapped in act(...).
    
    When testing, code that causes React state updates should be wrapped into act(...):
    
    act(() => {
      /* fire events that update state */
    });
    /* assert on the output */
    
    This ensures that you're testing the behavior the user would see in the browser. Learn more at https://react.dev/link/wrap-tests-with-act

      57 |       return;
      58 |     }
    > 59 |     originalError.call(console, ...args);
         |                   ^
      60 |   };
      61 |
      62 |   console.warn = (...args) => {

      at console.call [as error] (jest.setup-after-env.js:59:19)
      at node_modules/react-dom/cjs/react-dom-client.development.js:18758:19
      at runWithFiberInDEV (node_modules/react-dom/cjs/react-dom-client.development.js:874:13)
      at warnIfUpdatesNotWrappedWithActDEV (node_modules/react-dom/cjs/react-dom-client.development.js:18757:9)
      at scheduleUpdateOnFiber (node_modules/react-dom/cjs/react-dom-client.development.js:16409:11)
      at dispatchSetStateInternal (node_modules/react-dom/cjs/react-dom-client.development.js:9170:13)
      at dispatchSetState (node_modules/react-dom/cjs/react-dom-client.development.js:9127:7)
      at node_modules/@radix-ui/react-focus-scope/src/focus-scope.tsx:60:64
      at setRef (node_modules/@radix-ui/react-compose-refs/src/compose-refs.tsx:11:12)
      at node_modules/@radix-ui/react-compose-refs/src/compose-refs.tsx:25:23
          at Array.map (<anonymous>)
      at node_modules/@radix-ui/react-compose-refs/src/compose-refs.tsx:24:27
      at setRef (node_modules/@radix-ui/react-compose-refs/src/compose-refs.tsx:11:12)
      at node_modules/@radix-ui/react-compose-refs/src/compose-refs.tsx:25:23
          at Array.map (<anonymous>)
      at node_modules/@radix-ui/react-compose-refs/src/compose-refs.tsx:24:27
      at setRef (node_modules/@radix-ui/react-compose-refs/src/compose-refs.tsx:11:12)
      at node_modules/@radix-ui/react-compose-refs/src/compose-refs.tsx:25:23
          at Array.map (<anonymous>)
      at node_modules/@radix-ui/react-compose-refs/src/compose-refs.tsx:24:27
      at commitAttachRef (node_modules/react-dom/cjs/react-dom-client.development.js:13482:44)
      at runWithFiberInDEV (node_modules/react-dom/cjs/react-dom-client.development.js:874:13)
      at safelyAttachRef (node_modules/react-dom/cjs/react-dom-client.development.js:13500:9)
      at commitLayoutEffectOnFiber (node_modules/react-dom/cjs/react-dom-client.development.js:14089:26)
      at recursivelyTraverseLayoutEffects (node_modules/react-dom/cjs/react-dom-client.development.js:15159:11)
      at commitLayoutEffectOnFiber (node_modules/react-dom/cjs/react-dom-client.development.js:13949:11)
      at recursivelyTraverseLayoutEffects (node_modules/react-dom/cjs/react-dom-client.development.js:15159:11)
      at commitLayoutEffectOnFiber (node_modules/react-dom/cjs/react-dom-client.development.js:13949:11)
      at recursivelyTraverseLayoutEffects (node_modules/react-dom/cjs/react-dom-client.development.js:15159:11)
      at commitLayoutEffectOnFiber (node_modules/react-dom/cjs/react-dom-client.development.js:13949:11)
      at recursivelyTraverseLayoutEffects (node_modules/react-dom/cjs/react-dom-client.development.js:15159:11)
      at commitLayoutEffectOnFiber (node_modules/react-dom/cjs/react-dom-client.development.js:13949:11)
      at recursivelyTraverseLayoutEffects (node_modules/react-dom/cjs/react-dom-client.development.js:15159:11)
      at commitLayoutEffectOnFiber (node_modules/react-dom/cjs/react-dom-client.development.js:13949:11)
      at recursivelyTraverseLayoutEffects (node_modules/react-dom/cjs/react-dom-client.development.js:15159:11)
      at commitLayoutEffectOnFiber (node_modules/react-dom/cjs/react-dom-client.development.js:13949:11)
      at recursivelyTraverseLayoutEffects (node_modules/react-dom/cjs/react-dom-client.development.js:15159:11)
      at commitLayoutEffectOnFiber (node_modules/react-dom/cjs/react-dom-client.development.js:13949:11)
      at recursivelyTraverseLayoutEffects (node_modules/react-dom/cjs/react-dom-client.development.js:15159:11)
      at commitLayoutEffectOnFiber (node_modules/react-dom/cjs/react-dom-client.development.js:13949:11)
      at recursivelyTraverseLayoutEffects (node_modules/react-dom/cjs/react-dom-client.development.js:15159:11)
      at commitLayoutEffectOnFiber (node_modules/react-dom/cjs/react-dom-client.development.js:13949:11)
      at recursivelyTraverseLayoutEffects (node_modules/react-dom/cjs/react-dom-client.development.js:15159:11)
      at commitLayoutEffectOnFiber (node_modules/react-dom/cjs/react-dom-client.development.js:13949:11)
      at recursivelyTraverseLayoutEffects (node_modules/react-dom/cjs/react-dom-client.development.js:15159:11)
      at commitLayoutEffectOnFiber (node_modules/react-dom/cjs/react-dom-client.development.js:13949:11)
      at recursivelyTraverseLayoutEffects (node_modules/react-dom/cjs/react-dom-client.development.js:15159:11)
      at commitLayoutEffectOnFiber (node_modules/react-dom/cjs/react-dom-client.development.js:13949:11)
      at recursivelyTraverseLayoutEffects (node_modules/react-dom/cjs/react-dom-client.development.js:15159:11)
      at commitLayoutEffectOnFiber (node_modules/react-dom/cjs/react-dom-client.development.js:13949:11)
      at recursivelyTraverseLayoutEffects (node_modules/react-dom/cjs/react-dom-client.development.js:15159:11)
      at commitLayoutEffectOnFiber (node_modules/react-dom/cjs/react-dom-client.development.js:14165:11)
      at recursivelyTraverseLayoutEffects (node_modules/react-dom/cjs/react-dom-client.development.js:15159:11)
      at commitLayoutEffectOnFiber (node_modules/react-dom/cjs/react-dom-client.development.js:13949:11)
      at recursivelyTraverseLayoutEffects (node_modules/react-dom/cjs/react-dom-client.development.js:15159:11)
      at commitLayoutEffectOnFiber (node_modules/react-dom/cjs/react-dom-client.development.js:13949:11)
      at recursivelyTraverseLayoutEffects (node_modules/react-dom/cjs/react-dom-client.development.js:15159:11)
      at commitLayoutEffectOnFiber (node_modules/react-dom/cjs/react-dom-client.development.js:14165:11)
      at recursivelyTraverseLayoutEffects (node_modules/react-dom/cjs/react-dom-client.development.js:15159:11)
      at commitLayoutEffectOnFiber (node_modules/react-dom/cjs/react-dom-client.development.js:13949:11)
      at recursivelyTraverseLayoutEffects (node_modules/react-dom/cjs/react-dom-client.development.js:15159:11)
      at commitLayoutEffectOnFiber (node_modules/react-dom/cjs/react-dom-client.development.js:13949:11)
      at recursivelyTraverseLayoutEffects (node_modules/react-dom/cjs/react-dom-client.development.js:15159:11)
      at commitLayoutEffectOnFiber (node_modules/react-dom/cjs/react-dom-client.development.js:13949:11)
      at recursivelyTraverseLayoutEffects (node_modules/react-dom/cjs/react-dom-client.development.js:15159:11)
      at commitLayoutEffectOnFiber (node_modules/react-dom/cjs/react-dom-client.development.js:14165:11)
      at recursivelyTraverseLayoutEffects (node_modules/react-dom/cjs/react-dom-client.development.js:15159:11)
      at commitLayoutEffectOnFiber (node_modules/react-dom/cjs/react-dom-client.development.js:13949:11)
      at recursivelyTraverseLayoutEffects (node_modules/react-dom/cjs/react-dom-client.development.js:15159:11)
      at commitLayoutEffectOnFiber (node_modules/react-dom/cjs/react-dom-client.development.js:13949:11)
      at recursivelyTraverseLayoutEffects (node_modules/react-dom/cjs/react-dom-client.development.js:15159:11)
      at commitLayoutEffectOnFiber (node_modules/react-dom/cjs/react-dom-client.development.js:13949:11)
      at recursivelyTraverseLayoutEffects (node_modules/react-dom/cjs/react-dom-client.development.js:15159:11)
      at commitLayoutEffectOnFiber (node_modules/react-dom/cjs/react-dom-client.development.js:14031:11)
      at flushLayoutEffects (node_modules/react-dom/cjs/react-dom-client.development.js:18138:15)
      at commitRoot (node_modules/react-dom/cjs/react-dom-client.development.js:17954:9)
      at commitRootWhenReady (node_modules/react-dom/cjs/react-dom-client.development.js:16824:7)
      at performWorkOnRoot (node_modules/react-dom/cjs/react-dom-client.development.js:16722:15)
      at performWorkOnRootViaSchedulerTask (node_modules/react-dom/cjs/react-dom-client.development.js:18957:7)
      at MessagePort.performWorkUntilDeadline (node_modules/scheduler/cjs/scheduler.development.js:45:48)

  console.error
    An update to Presence inside a test was not wrapped in act(...).
    
    When testing, code that causes React state updates should be wrapped into act(...):
    
    act(() => {
      /* fire events that update state */
    });
    /* assert on the output */
    
    This ensures that you're testing the behavior the user would see in the browser. Learn more at https://react.dev/link/wrap-tests-with-act

      57 |       return;
      58 |     }
    > 59 |     originalError.call(console, ...args);
         |                   ^
      60 |   };
      61 |
      62 |   console.warn = (...args) => {

      at console.call [as error] (jest.setup-after-env.js:59:19)
      at node_modules/react-dom/cjs/react-dom-client.development.js:18758:19
      at runWithFiberInDEV (node_modules/react-dom/cjs/react-dom-client.development.js:874:13)
      at warnIfUpdatesNotWrappedWithActDEV (node_modules/react-dom/cjs/react-dom-client.development.js:18757:9)
      at scheduleUpdateOnFiber (node_modules/react-dom/cjs/react-dom-client.development.js:16409:11)
      at dispatchSetStateInternal (node_modules/react-dom/cjs/react-dom-client.development.js:9170:13)
      at dispatchSetState (node_modules/react-dom/cjs/react-dom-client.development.js:9127:7)
      at node_modules/@radix-ui/react-presence/src/presence.tsx:159:7
      at setRef (node_modules/@radix-ui/react-compose-refs/src/compose-refs.tsx:11:12)
      at node_modules/@radix-ui/react-compose-refs/src/compose-refs.tsx:25:23
          at Array.map (<anonymous>)
      at node_modules/@radix-ui/react-compose-refs/src/compose-refs.tsx:24:27
      at setRef (node_modules/@radix-ui/react-compose-refs/src/compose-refs.tsx:11:12)
      at node_modules/@radix-ui/react-compose-refs/src/compose-refs.tsx:25:23
          at Array.map (<anonymous>)
      at node_modules/@radix-ui/react-compose-refs/src/compose-refs.tsx:24:27
      at setRef (node_modules/@radix-ui/react-compose-refs/src/compose-refs.tsx:11:12)
      at node_modules/@radix-ui/react-compose-refs/src/compose-refs.tsx:25:23
          at Array.map (<anonymous>)
      at node_modules/@radix-ui/react-compose-refs/src/compose-refs.tsx:24:27
      at setRef (node_modules/@radix-ui/react-compose-refs/src/compose-refs.tsx:11:12)
      at node_modules/@radix-ui/react-compose-refs/src/compose-refs.tsx:25:23
          at Array.map (<anonymous>)
      at node_modules/@radix-ui/react-compose-refs/src/compose-refs.tsx:24:27
      at setRef (node_modules/@radix-ui/react-compose-refs/src/compose-refs.tsx:11:12)
      at node_modules/@radix-ui/react-compose-refs/src/compose-refs.tsx:25:23
          at Array.map (<anonymous>)
      at node_modules/@radix-ui/react-compose-refs/src/compose-refs.tsx:24:27
      at commitAttachRef (node_modules/react-dom/cjs/react-dom-client.development.js:13482:44)
      at runWithFiberInDEV (node_modules/react-dom/cjs/react-dom-client.development.js:874:13)
      at safelyAttachRef (node_modules/react-dom/cjs/react-dom-client.development.js:13500:9)
      at commitLayoutEffectOnFiber (node_modules/react-dom/cjs/react-dom-client.development.js:14089:26)
      at recursivelyTraverseLayoutEffects (node_modules/react-dom/cjs/react-dom-client.development.js:15159:11)
      at commitLayoutEffectOnFiber (node_modules/react-dom/cjs/react-dom-client.development.js:13949:11)
      at recursivelyTraverseLayoutEffects (node_modules/react-dom/cjs/react-dom-client.development.js:15159:11)
      at commitLayoutEffectOnFiber (node_modules/react-dom/cjs/react-dom-client.development.js:13949:11)
      at recursivelyTraverseLayoutEffects (node_modules/react-dom/cjs/react-dom-client.development.js:15159:11)
      at commitLayoutEffectOnFiber (node_modules/react-dom/cjs/react-dom-client.development.js:13949:11)
      at recursivelyTraverseLayoutEffects (node_modules/react-dom/cjs/react-dom-client.development.js:15159:11)
      at commitLayoutEffectOnFiber (node_modules/react-dom/cjs/react-dom-client.development.js:13949:11)
      at recursivelyTraverseLayoutEffects (node_modules/react-dom/cjs/react-dom-client.development.js:15159:11)
      at commitLayoutEffectOnFiber (node_modules/react-dom/cjs/react-dom-client.development.js:13949:11)
      at recursivelyTraverseLayoutEffects (node_modules/react-dom/cjs/react-dom-client.development.js:15159:11)
      at commitLayoutEffectOnFiber (node_modules/react-dom/cjs/react-dom-client.development.js:13949:11)
      at recursivelyTraverseLayoutEffects (node_modules/react-dom/cjs/react-dom-client.development.js:15159:11)
      at commitLayoutEffectOnFiber (node_modules/react-dom/cjs/react-dom-client.development.js:13949:11)
      at recursivelyTraverseLayoutEffects (node_modules/react-dom/cjs/react-dom-client.development.js:15159:11)
      at commitLayoutEffectOnFiber (node_modules/react-dom/cjs/react-dom-client.development.js:13949:11)
      at recursivelyTraverseLayoutEffects (node_modules/react-dom/cjs/react-dom-client.development.js:15159:11)
      at commitLayoutEffectOnFiber (node_modules/react-dom/cjs/react-dom-client.development.js:13949:11)
      at recursivelyTraverseLayoutEffects (node_modules/react-dom/cjs/react-dom-client.development.js:15159:11)
      at commitLayoutEffectOnFiber (node_modules/react-dom/cjs/react-dom-client.development.js:13949:11)
      at recursivelyTraverseLayoutEffects (node_modules/react-dom/cjs/react-dom-client.development.js:15159:11)
      at commitLayoutEffectOnFiber (node_modules/react-dom/cjs/react-dom-client.development.js:13949:11)
      at recursivelyTraverseLayoutEffects (node_modules/react-dom/cjs/react-dom-client.development.js:15159:11)
      at commitLayoutEffectOnFiber (node_modules/react-dom/cjs/react-dom-client.development.js:13949:11)
      at recursivelyTraverseLayoutEffects (node_modules/react-dom/cjs/react-dom-client.development.js:15159:11)
      at commitLayoutEffectOnFiber (node_modules/react-dom/cjs/react-dom-client.development.js:13949:11)
      at recursivelyTraverseLayoutEffects (node_modules/react-dom/cjs/react-dom-client.development.js:15159:11)
      at commitLayoutEffectOnFiber (node_modules/react-dom/cjs/react-dom-client.development.js:14165:11)
      at recursivelyTraverseLayoutEffects (node_modules/react-dom/cjs/react-dom-client.development.js:15159:11)
      at commitLayoutEffectOnFiber (node_modules/react-dom/cjs/react-dom-client.development.js:13949:11)
      at recursivelyTraverseLayoutEffects (node_modules/react-dom/cjs/react-dom-client.development.js:15159:11)
      at commitLayoutEffectOnFiber (node_modules/react-dom/cjs/react-dom-client.development.js:13949:11)
      at recursivelyTraverseLayoutEffects (node_modules/react-dom/cjs/react-dom-client.development.js:15159:11)
      at commitLayoutEffectOnFiber (node_modules/react-dom/cjs/react-dom-client.development.js:14165:11)
      at recursivelyTraverseLayoutEffects (node_modules/react-dom/cjs/react-dom-client.development.js:15159:11)
      at commitLayoutEffectOnFiber (node_modules/react-dom/cjs/react-dom-client.development.js:13949:11)
      at recursivelyTraverseLayoutEffects (node_modules/react-dom/cjs/react-dom-client.development.js:15159:11)
      at commitLayoutEffectOnFiber (node_modules/react-dom/cjs/react-dom-client.development.js:13949:11)
      at recursivelyTraverseLayoutEffects (node_modules/react-dom/cjs/react-dom-client.development.js:15159:11)
      at commitLayoutEffectOnFiber (node_modules/react-dom/cjs/react-dom-client.development.js:13949:11)
      at recursivelyTraverseLayoutEffects (node_modules/react-dom/cjs/react-dom-client.development.js:15159:11)
      at commitLayoutEffectOnFiber (node_modules/react-dom/cjs/react-dom-client.development.js:14165:11)
      at recursivelyTraverseLayoutEffects (node_modules/react-dom/cjs/react-dom-client.development.js:15159:11)
      at commitLayoutEffectOnFiber (node_modules/react-dom/cjs/react-dom-client.development.js:13949:11)
      at recursivelyTraverseLayoutEffects (node_modules/react-dom/cjs/react-dom-client.development.js:15159:11)
      at commitLayoutEffectOnFiber (node_modules/react-dom/cjs/react-dom-client.development.js:13949:11)
      at recursivelyTraverseLayoutEffects (node_modules/react-dom/cjs/react-dom-client.development.js:15159:11)
      at commitLayoutEffectOnFiber (node_modules/react-dom/cjs/react-dom-client.development.js:13949:11)
      at recursivelyTraverseLayoutEffects (node_modules/react-dom/cjs/react-dom-client.development.js:15159:11)
      at commitLayoutEffectOnFiber (node_modules/react-dom/cjs/react-dom-client.development.js:14031:11)
      at flushLayoutEffects (node_modules/react-dom/cjs/react-dom-client.development.js:18138:15)
      at commitRoot (node_modules/react-dom/cjs/react-dom-client.development.js:17954:9)
      at commitRootWhenReady (node_modules/react-dom/cjs/react-dom-client.development.js:16824:7)
      at performWorkOnRoot (node_modules/react-dom/cjs/react-dom-client.development.js:16722:15)
      at performWorkOnRootViaSchedulerTask (node_modules/react-dom/cjs/react-dom-client.development.js:18957:7)
      at MessagePort.performWorkUntilDeadline (node_modules/scheduler/cjs/scheduler.development.js:45:48)

  console.error
    An update to Presence inside a test was not wrapped in act(...).
    
    When testing, code that causes React state updates should be wrapped into act(...):
    
    act(() => {
      /* fire events that update state */
    });
    /* assert on the output */
    
    This ensures that you're testing the behavior the user would see in the browser. Learn more at https://react.dev/link/wrap-tests-with-act

      57 |       return;
      58 |     }
    > 59 |     originalError.call(console, ...args);
         |                   ^
      60 |   };
      61 |
      62 |   console.warn = (...args) => {

      at console.call [as error] (jest.setup-after-env.js:59:19)
      at node_modules/react-dom/cjs/react-dom-client.development.js:18758:19
      at runWithFiberInDEV (node_modules/react-dom/cjs/react-dom-client.development.js:874:13)
      at warnIfUpdatesNotWrappedWithActDEV (node_modules/react-dom/cjs/react-dom-client.development.js:18757:9)
      at scheduleUpdateOnFiber (node_modules/react-dom/cjs/react-dom-client.development.js:16409:11)
      at dispatchSetStateInternal (node_modules/react-dom/cjs/react-dom-client.development.js:9170:13)
      at dispatchSetState (node_modules/react-dom/cjs/react-dom-client.development.js:9127:7)
      at node_modules/@radix-ui/react-presence/src/presence.tsx:159:7
      at setRef (node_modules/@radix-ui/react-compose-refs/src/compose-refs.tsx:11:12)
      at node_modules/@radix-ui/react-compose-refs/src/compose-refs.tsx:25:23
          at Array.map (<anonymous>)
      at node_modules/@radix-ui/react-compose-refs/src/compose-refs.tsx:24:27
      at setRef (node_modules/@radix-ui/react-compose-refs/src/compose-refs.tsx:11:12)
      at node_modules/@radix-ui/react-compose-refs/src/compose-refs.tsx:25:23
          at Array.map (<anonymous>)
      at node_modules/@radix-ui/react-compose-refs/src/compose-refs.tsx:24:27
      at setRef (node_modules/@radix-ui/react-compose-refs/src/compose-refs.tsx:11:12)
      at node_modules/@radix-ui/react-compose-refs/src/compose-refs.tsx:25:23
          at Array.map (<anonymous>)
      at node_modules/@radix-ui/react-compose-refs/src/compose-refs.tsx:24:27
      at setRef (node_modules/@radix-ui/react-compose-refs/src/compose-refs.tsx:11:12)
      at node_modules/@radix-ui/react-compose-refs/src/compose-refs.tsx:25:23
          at Array.map (<anonymous>)
      at node_modules/@radix-ui/react-compose-refs/src/compose-refs.tsx:24:27
      at setRef (node_modules/@radix-ui/react-compose-refs/src/compose-refs.tsx:11:12)
      at node_modules/@radix-ui/react-compose-refs/src/compose-refs.tsx:25:23
          at Array.map (<anonymous>)
      at node_modules/@radix-ui/react-compose-refs/src/compose-refs.tsx:24:27
      at setRef (node_modules/@radix-ui/react-compose-refs/src/compose-refs.tsx:11:12)
      at node_modules/@radix-ui/react-compose-refs/src/compose-refs.tsx:25:23
          at Array.map (<anonymous>)
      at node_modules/@radix-ui/react-compose-refs/src/compose-refs.tsx:24:27
      at setRef (node_modules/@radix-ui/react-compose-refs/src/compose-refs.tsx:11:12)
      at node_modules/@radix-ui/react-compose-refs/src/compose-refs.tsx:25:23
          at Array.map (<anonymous>)
      at node_modules/@radix-ui/react-compose-refs/src/compose-refs.tsx:24:27
      at commitAttachRef (node_modules/react-dom/cjs/react-dom-client.development.js:13482:44)
      at runWithFiberInDEV (node_modules/react-dom/cjs/react-dom-client.development.js:874:13)
      at safelyAttachRef (node_modules/react-dom/cjs/react-dom-client.development.js:13500:9)
      at commitLayoutEffectOnFiber (node_modules/react-dom/cjs/react-dom-client.development.js:14089:26)
      at recursivelyTraverseLayoutEffects (node_modules/react-dom/cjs/react-dom-client.development.js:15159:11)
      at commitLayoutEffectOnFiber (node_modules/react-dom/cjs/react-dom-client.development.js:13949:11)
      at recursivelyTraverseLayoutEffects (node_modules/react-dom/cjs/react-dom-client.development.js:15159:11)
      at commitLayoutEffectOnFiber (node_modules/react-dom/cjs/react-dom-client.development.js:13949:11)
      at recursivelyTraverseLayoutEffects (node_modules/react-dom/cjs/react-dom-client.development.js:15159:11)
      at commitLayoutEffectOnFiber (node_modules/react-dom/cjs/react-dom-client.development.js:13949:11)
      at recursivelyTraverseLayoutEffects (node_modules/react-dom/cjs/react-dom-client.development.js:15159:11)
      at commitLayoutEffectOnFiber (node_modules/react-dom/cjs/react-dom-client.development.js:13949:11)
      at recursivelyTraverseLayoutEffects (node_modules/react-dom/cjs/react-dom-client.development.js:15159:11)
      at commitLayoutEffectOnFiber (node_modules/react-dom/cjs/react-dom-client.development.js:13949:11)
      at recursivelyTraverseLayoutEffects (node_modules/react-dom/cjs/react-dom-client.development.js:15159:11)
      at commitLayoutEffectOnFiber (node_modules/react-dom/cjs/react-dom-client.development.js:13949:11)
      at recursivelyTraverseLayoutEffects (node_modules/react-dom/cjs/react-dom-client.development.js:15159:11)
      at commitLayoutEffectOnFiber (node_modules/react-dom/cjs/react-dom-client.development.js:13949:11)
      at recursivelyTraverseLayoutEffects (node_modules/react-dom/cjs/react-dom-client.development.js:15159:11)
      at commitLayoutEffectOnFiber (node_modules/react-dom/cjs/react-dom-client.development.js:13949:11)
      at recursivelyTraverseLayoutEffects (node_modules/react-dom/cjs/react-dom-client.development.js:15159:11)
      at commitLayoutEffectOnFiber (node_modules/react-dom/cjs/react-dom-client.development.js:13949:11)
      at recursivelyTraverseLayoutEffects (node_modules/react-dom/cjs/react-dom-client.development.js:15159:11)
      at commitLayoutEffectOnFiber (node_modules/react-dom/cjs/react-dom-client.development.js:13949:11)
      at recursivelyTraverseLayoutEffects (node_modules/react-dom/cjs/react-dom-client.development.js:15159:11)
      at commitLayoutEffectOnFiber (node_modules/react-dom/cjs/react-dom-client.development.js:13949:11)
      at recursivelyTraverseLayoutEffects (node_modules/react-dom/cjs/react-dom-client.development.js:15159:11)
      at commitLayoutEffectOnFiber (node_modules/react-dom/cjs/react-dom-client.development.js:13949:11)
      at recursivelyTraverseLayoutEffects (node_modules/react-dom/cjs/react-dom-client.development.js:15159:11)
      at commitLayoutEffectOnFiber (node_modules/react-dom/cjs/react-dom-client.development.js:13949:11)
      at recursivelyTraverseLayoutEffects (node_modules/react-dom/cjs/react-dom-client.development.js:15159:11)
      at commitLayoutEffectOnFiber (node_modules/react-dom/cjs/react-dom-client.development.js:14165:11)
      at recursivelyTraverseLayoutEffects (node_modules/react-dom/cjs/react-dom-client.development.js:15159:11)
      at commitLayoutEffectOnFiber (node_modules/react-dom/cjs/react-dom-client.development.js:13949:11)
      at recursivelyTraverseLayoutEffects (node_modules/react-dom/cjs/react-dom-client.development.js:15159:11)
      at commitLayoutEffectOnFiber (node_modules/react-dom/cjs/react-dom-client.development.js:13949:11)
      at recursivelyTraverseLayoutEffects (node_modules/react-dom/cjs/react-dom-client.development.js:15159:11)
      at commitLayoutEffectOnFiber (node_modules/react-dom/cjs/react-dom-client.development.js:14165:11)
      at recursivelyTraverseLayoutEffects (node_modules/react-dom/cjs/react-dom-client.development.js:15159:11)
      at commitLayoutEffectOnFiber (node_modules/react-dom/cjs/react-dom-client.development.js:13949:11)
      at recursivelyTraverseLayoutEffects (node_modules/react-dom/cjs/react-dom-client.development.js:15159:11)
      at commitLayoutEffectOnFiber (node_modules/react-dom/cjs/react-dom-client.development.js:13949:11)
      at recursivelyTraverseLayoutEffects (node_modules/react-dom/cjs/react-dom-client.development.js:15159:11)
      at commitLayoutEffectOnFiber (node_modules/react-dom/cjs/react-dom-client.development.js:13949:11)
      at recursivelyTraverseLayoutEffects (node_modules/react-dom/cjs/react-dom-client.development.js:15159:11)
      at commitLayoutEffectOnFiber (node_modules/react-dom/cjs/react-dom-client.development.js:14165:11)
      at recursivelyTraverseLayoutEffects (node_modules/react-dom/cjs/react-dom-client.development.js:15159:11)
      at commitLayoutEffectOnFiber (node_modules/react-dom/cjs/react-dom-client.development.js:13949:11)
      at recursivelyTraverseLayoutEffects (node_modules/react-dom/cjs/react-dom-client.development.js:15159:11)
      at commitLayoutEffectOnFiber (node_modules/react-dom/cjs/react-dom-client.development.js:13949:11)
      at recursivelyTraverseLayoutEffects (node_modules/react-dom/cjs/react-dom-client.development.js:15159:11)
      at commitLayoutEffectOnFiber (node_modules/react-dom/cjs/react-dom-client.development.js:13949:11)
      at recursivelyTraverseLayoutEffects (node_modules/react-dom/cjs/react-dom-client.development.js:15159:11)
      at commitLayoutEffectOnFiber (node_modules/react-dom/cjs/react-dom-client.development.js:14031:11)
      at flushLayoutEffects (node_modules/react-dom/cjs/react-dom-client.development.js:18138:15)
      at commitRoot (node_modules/react-dom/cjs/react-dom-client.development.js:17954:9)
      at commitRootWhenReady (node_modules/react-dom/cjs/react-dom-client.development.js:16824:7)
      at performWorkOnRoot (node_modules/react-dom/cjs/react-dom-client.development.js:16722:15)
      at performWorkOnRootViaSchedulerTask (node_modules/react-dom/cjs/react-dom-client.development.js:18957:7)
      at MessagePort.performWorkUntilDeadline (node_modules/scheduler/cjs/scheduler.development.js:45:48)

  console.error
    An update to DismissableLayer inside a test was not wrapped in act(...).
    
    When testing, code that causes React state updates should be wrapped into act(...):
    
    act(() => {
      /* fire events that update state */
    });
    /* assert on the output */
    
    This ensures that you're testing the behavior the user would see in the browser. Learn more at https://react.dev/link/wrap-tests-with-act

      57 |       return;
      58 |     }
    > 59 |     originalError.call(console, ...args);
         |                   ^
      60 |   };
      61 |
      62 |   console.warn = (...args) => {

      at console.call [as error] (jest.setup-after-env.js:59:19)
      at node_modules/react-dom/cjs/react-dom-client.development.js:18758:19
      at runWithFiberInDEV (node_modules/react-dom/cjs/react-dom-client.development.js:874:13)
      at warnIfUpdatesNotWrappedWithActDEV (node_modules/react-dom/cjs/react-dom-client.development.js:18757:9)
      at scheduleUpdateOnFiber (node_modules/react-dom/cjs/react-dom-client.development.js:16409:11)
      at dispatchSetStateInternal (node_modules/react-dom/cjs/react-dom-client.development.js:9170:13)
      at dispatchSetState (node_modules/react-dom/cjs/react-dom-client.development.js:9127:7)
      at node_modules/@radix-ui/react-dismissable-layer/src/dismissable-layer.tsx:76:66
      at setRef (node_modules/@radix-ui/react-compose-refs/src/compose-refs.tsx:11:12)
      at node_modules/@radix-ui/react-compose-refs/src/compose-refs.tsx:25:23
          at Array.map (<anonymous>)
      at node_modules/@radix-ui/react-compose-refs/src/compose-refs.tsx:24:27
      at commitAttachRef (node_modules/react-dom/cjs/react-dom-client.development.js:13482:44)
      at runWithFiberInDEV (node_modules/react-dom/cjs/react-dom-client.development.js:874:13)
      at safelyAttachRef (node_modules/react-dom/cjs/react-dom-client.development.js:13500:9)
      at commitLayoutEffectOnFiber (node_modules/react-dom/cjs/react-dom-client.development.js:14089:26)
      at recursivelyTraverseLayoutEffects (node_modules/react-dom/cjs/react-dom-client.development.js:15159:11)
      at commitLayoutEffectOnFiber (node_modules/react-dom/cjs/react-dom-client.development.js:13949:11)
      at recursivelyTraverseLayoutEffects (node_modules/react-dom/cjs/react-dom-client.development.js:15159:11)
      at commitLayoutEffectOnFiber (node_modules/react-dom/cjs/react-dom-client.development.js:13949:11)
      at recursivelyTraverseLayoutEffects (node_modules/react-dom/cjs/react-dom-client.development.js:15159:11)
      at commitLayoutEffectOnFiber (node_modules/react-dom/cjs/react-dom-client.development.js:13949:11)
      at recursivelyTraverseLayoutEffects (node_modules/react-dom/cjs/react-dom-client.development.js:15159:11)
      at commitLayoutEffectOnFiber (node_modules/react-dom/cjs/react-dom-client.development.js:13949:11)
      at recursivelyTraverseLayoutEffects (node_modules/react-dom/cjs/react-dom-client.development.js:15159:11)
      at commitLayoutEffectOnFiber (node_modules/react-dom/cjs/react-dom-client.development.js:13949:11)
      at recursivelyTraverseLayoutEffects (node_modules/react-dom/cjs/react-dom-client.development.js:15159:11)
      at commitLayoutEffectOnFiber (node_modules/react-dom/cjs/react-dom-client.development.js:13949:11)
      at recursivelyTraverseLayoutEffects (node_modules/react-dom/cjs/react-dom-client.development.js:15159:11)
      at commitLayoutEffectOnFiber (node_modules/react-dom/cjs/react-dom-client.development.js:13949:11)
      at recursivelyTraverseLayoutEffects (node_modules/react-dom/cjs/react-dom-client.development.js:15159:11)
      at commitLayoutEffectOnFiber (node_modules/react-dom/cjs/react-dom-client.development.js:13949:11)
      at recursivelyTraverseLayoutEffects (node_modules/react-dom/cjs/react-dom-client.development.js:15159:11)
      at commitLayoutEffectOnFiber (node_modules/react-dom/cjs/react-dom-client.development.js:13949:11)
      at recursivelyTraverseLayoutEffects (node_modules/react-dom/cjs/react-dom-client.development.js:15159:11)
      at commitLayoutEffectOnFiber (node_modules/react-dom/cjs/react-dom-client.development.js:13949:11)
      at recursivelyTraverseLayoutEffects (node_modules/react-dom/cjs/react-dom-client.development.js:15159:11)
      at commitLayoutEffectOnFiber (node_modules/react-dom/cjs/react-dom-client.development.js:13949:11)
      at recursivelyTraverseLayoutEffects (node_modules/react-dom/cjs/react-dom-client.development.js:15159:11)
      at commitLayoutEffectOnFiber (node_modules/react-dom/cjs/react-dom-client.development.js:13949:11)
      at recursivelyTraverseLayoutEffects (node_modules/react-dom/cjs/react-dom-client.development.js:15159:11)
      at commitLayoutEffectOnFiber (node_modules/react-dom/cjs/react-dom-client.development.js:13949:11)
      at recursivelyTraverseLayoutEffects (node_modules/react-dom/cjs/react-dom-client.development.js:15159:11)
      at commitLayoutEffectOnFiber (node_modules/react-dom/cjs/react-dom-client.development.js:14165:11)
      at recursivelyTraverseLayoutEffects (node_modules/react-dom/cjs/react-dom-client.development.js:15159:11)
      at commitLayoutEffectOnFiber (node_modules/react-dom/cjs/react-dom-client.development.js:13949:11)
      at recursivelyTraverseLayoutEffects (node_modules/react-dom/cjs/react-dom-client.development.js:15159:11)
      at commitLayoutEffectOnFiber (node_modules/react-dom/cjs/react-dom-client.development.js:13949:11)
      at recursivelyTraverseLayoutEffects (node_modules/react-dom/cjs/react-dom-client.development.js:15159:11)
      at commitLayoutEffectOnFiber (node_modules/react-dom/cjs/react-dom-client.development.js:14165:11)
      at recursivelyTraverseLayoutEffects (node_modules/react-dom/cjs/react-dom-client.development.js:15159:11)
      at commitLayoutEffectOnFiber (node_modules/react-dom/cjs/react-dom-client.development.js:13949:11)
      at recursivelyTraverseLayoutEffects (node_modules/react-dom/cjs/react-dom-client.development.js:15159:11)
      at commitLayoutEffectOnFiber (node_modules/react-dom/cjs/react-dom-client.development.js:13949:11)
      at recursivelyTraverseLayoutEffects (node_modules/react-dom/cjs/react-dom-client.development.js:15159:11)
      at commitLayoutEffectOnFiber (node_modules/react-dom/cjs/react-dom-client.development.js:13949:11)
      at recursivelyTraverseLayoutEffects (node_modules/react-dom/cjs/react-dom-client.development.js:15159:11)
      at commitLayoutEffectOnFiber (node_modules/react-dom/cjs/react-dom-client.development.js:14165:11)
      at recursivelyTraverseLayoutEffects (node_modules/react-dom/cjs/react-dom-client.development.js:15159:11)
      at commitLayoutEffectOnFiber (node_modules/react-dom/cjs/react-dom-client.development.js:13949:11)
      at recursivelyTraverseLayoutEffects (node_modules/react-dom/cjs/react-dom-client.development.js:15159:11)
      at commitLayoutEffectOnFiber (node_modules/react-dom/cjs/react-dom-client.development.js:13949:11)
      at recursivelyTraverseLayoutEffects (node_modules/react-dom/cjs/react-dom-client.development.js:15159:11)
      at commitLayoutEffectOnFiber (node_modules/react-dom/cjs/react-dom-client.development.js:13949:11)
      at recursivelyTraverseLayoutEffects (node_modules/react-dom/cjs/react-dom-client.development.js:15159:11)
      at commitLayoutEffectOnFiber (node_modules/react-dom/cjs/react-dom-client.development.js:14031:11)
      at flushLayoutEffects (node_modules/react-dom/cjs/react-dom-client.development.js:18138:15)
      at commitRoot (node_modules/react-dom/cjs/react-dom-client.development.js:17954:9)
      at commitRootWhenReady (node_modules/react-dom/cjs/react-dom-client.development.js:16824:7)
      at performWorkOnRoot (node_modules/react-dom/cjs/react-dom-client.development.js:16722:15)
      at performWorkOnRootViaSchedulerTask (node_modules/react-dom/cjs/react-dom-client.development.js:18957:7)
      at MessagePort.performWorkUntilDeadline (node_modules/scheduler/cjs/scheduler.development.js:45:48)

  console.error
    Failed to send logs to server: undefined

      57 |       return;
      58 |     }
    > 59 |     originalError.call(console, ...args);
         |                   ^
      60 |   };
      61 |
      62 |   console.warn = (...args) => {

      at console.call [as error] (jest.setup-after-env.js:59:19)
      at error (lib/browserLogger.ts:247:21)

  console.error
    [ERROR] Failed to fetch export presets {
      error: {
        name: 'Error',
        message: 'Network error',
        stack: 'Error: Network error\n' +
          '    at fetchPresets (/Users/davidchen/Projects/non-linear-editor/components/ExportModal.tsx:78:15)'
      }
    }

      57 |       return;
      58 |     }
    > 59 |     originalError.call(console, ...args);
         |                   ^
      60 |   };
      61 |
      62 |   console.warn = (...args) => {

      at console.call [as error] (jest.setup-after-env.js:59:19)
      at BrowserLogger.log (lib/browserLogger.ts:197:29)
      at BrowserLogger.log [as error] (lib/browserLogger.ts:303:10)
      at error (components/ExportModal.tsx:87:21)

  console.error
    [ERROR] Failed to fetch export presets {
      error: {
        name: 'Error',
        message: 'First error',
        stack: 'Error: First error\n' +
          '    at fetchPresets (/Users/davidchen/Projects/non-linear-editor/components/ExportModal.tsx:78:15)'
      }
    }

      57 |       return;
      58 |     }
    > 59 |     originalError.call(console, ...args);
         |                   ^
      60 |   };
      61 |
      62 |   console.warn = (...args) => {

      at console.call [as error] (jest.setup-after-env.js:59:19)
      at BrowserLogger.log (lib/browserLogger.ts:197:29)
      at BrowserLogger.log [as error] (lib/browserLogger.ts:303:10)
      at error (components/ExportModal.tsx:87:21)

  console.error
    [ERROR] Failed to fetch export presets {
      error: {
        name: 'TypeError',
        message: "Cannot read properties of undefined (reading 'presets')",
        stack: "TypeError: Cannot read properties of undefined (reading 'presets')\n" +
          '    at presets (/Users/davidchen/Projects/non-linear-editor/components/ExportModal.tsx:81:28)'
      }
    }

      57 |       return;
      58 |     }
    > 59 |     originalError.call(console, ...args);
         |                   ^
      60 |   };
      61 |
      62 |   console.warn = (...args) => {

      at console.call [as error] (jest.setup-after-env.js:59:19)
      at BrowserLogger.log (lib/browserLogger.ts:197:29)
      at BrowserLogger.log [as error] (lib/browserLogger.ts:303:10)
      at error (components/ExportModal.tsx:87:21)

  console.error
    [ERROR] Failed to fetch export presets {
      error: {
        name: 'Error',
        message: 'Network error',
        stack: 'Error: Network error\n' +
          '    at Object.<anonymous> (/Users/davidchen/Projects/non-linear-editor/__tests__/components/integration/export-modal-integration.test.tsx:751:57)\n' +
          '    at Promise.finally.completed (/Users/davidchen/Projects/non-linear-editor/node_modules/jest-circus/build/jestAdapterInit.js:1557:28)\n' +
          '    at new Promise (<anonymous>)\n' +
          '    at callAsyncCircusFn (/Users/davidchen/Projects/non-linear-editor/node_modules/jest-circus/build/jestAdapterInit.js:1497:10)\n' +
          '    at _callCircusTest (/Users/davidchen/Projects/non-linear-editor/node_modules/jest-circus/build/jestAdapterInit.js:1007:40)\n' +
          '    at _runTest (/Users/davidchen/Projects/non-linear-editor/node_modules/jest-circus/build/jestAdapterInit.js:947:3)\n' +
          '    at /Users/davidchen/Projects/non-linear-editor/node_modules/jest-circus/build/jestAdapterInit.js:849:7\n' +
          '    at _runTestsForDescribeBlock (/Users/davidchen/Projects/non-linear-editor/node_modules/jest-circus/build/jestAdapterInit.js:862:11)\n' +
          '    at _runTestsForDescribeBlock (/Users/davidchen/Projects/non-linear-editor/node_modules/jest-circus/build/jestAdapterInit.js:857:11)\n' +
          '    at _runTestsForDescribeBlock (/Users/davidchen/Projects/non-linear-editor/node_modules/jest-circus/build/jestAdapterInit.js:857:11)\n' +
          '    at run (/Users/davidchen/Projects/non-linear-editor/node_modules/jest-circus/build/jestAdapterInit.js:761:3)\n' +
          '    at runAndTransformResultsToJestFormat (/Users/davidchen/Projects/non-linear-editor/node_modules/jest-circus/build/jestAdapterInit.js:1918:21)\n' +
          '    at jestAdapter (/Users/davidchen/Projects/non-linear-editor/node_modules/jest-circus/build/runner.js:101:19)\n' +
          '    at runTestInternal (/Users/davidchen/Projects/non-linear-editor/node_modules/jest-runner/build/testWorker.js:275:16)\n' +
          '    at runTest (/Users/davidchen/Projects/non-linear-editor/node_modules/jest-runner/build/testWorker.js:343:7)\n' +
          '    at Object.worker (/Users/davidchen/Projects/non-linear-editor/node_modules/jest-runner/build/testWorker.js:497:12)'
      }
    }

      57 |       return;
      58 |     }
    > 59 |     originalError.call(console, ...args);
         |                   ^
      60 |   };
      61 |
      62 |   console.warn = (...args) => {

      at console.call [as error] (jest.setup-after-env.js:59:19)
      at BrowserLogger.log (lib/browserLogger.ts:197:29)
      at BrowserLogger.log [as error] (lib/browserLogger.ts:303:10)
      at error (components/ExportModal.tsx:87:21)

  console.error
    [ERROR] Failed to fetch export presets {
      error: {
        name: 'Error',
        message: 'Internal server error',
        stack: 'Error: Internal server error\n' +
          '    at fetchPresets (/Users/davidchen/Projects/non-linear-editor/components/ExportModal.tsx:78:15)'
      }
    }

      57 |       return;
      58 |     }
    > 59 |     originalError.call(console, ...args);
         |                   ^
      60 |   };
      61 |
      62 |   console.warn = (...args) => {

      at console.call [as error] (jest.setup-after-env.js:59:19)
      at BrowserLogger.log (lib/browserLogger.ts:197:29)
      at BrowserLogger.log [as error] (lib/browserLogger.ts:303:10)
      at error (components/ExportModal.tsx:87:21)

  console.error
    Failed to send logs to server: undefined

      57 |       return;
      58 |     }
    > 59 |     originalError.call(console, ...args);
         |                   ^
      60 |   };
      61 |
      62 |   console.warn = (...args) => {

      at console.call [as error] (jest.setup-after-env.js:59:19)
      at error (lib/browserLogger.ts:247:21)

  console.error
    [ERROR] Failed to fetch export presets {
      error: {
        name: 'TypeError',
        message: "Cannot read properties of undefined (reading 'presets')",
        stack: "TypeError: Cannot read properties of undefined (reading 'presets')\n" +
          '    at presets (/Users/davidchen/Projects/non-linear-editor/components/ExportModal.tsx:81:28)'
      }
    }

      57 |       return;
      58 |     }
    > 59 |     originalError.call(console, ...args);
         |                   ^
      60 |   };
      61 |
      62 |   console.warn = (...args) => {

      at console.call [as error] (jest.setup-after-env.js:59:19)
      at BrowserLogger.log (lib/browserLogger.ts:197:29)
      at BrowserLogger.log [as error] (lib/browserLogger.ts:303:10)
      at error (components/ExportModal.tsx:87:21)

FAIL __tests__/components/integration/export-modal-integration.test.tsx (13.806 s)
  Integration: Export Modal Workflow
    Modal Opening and Initial State
      ✓ should render modal when isOpen is true (248 ms)
      ✓ should not render modal when isOpen is false (3 ms)
      ✓ should display default preset selected (1080p HD) (113 ms)
      ✓ should show all available export presets (74 ms)
      ○ skipped should display timeline duration in modal
    Preset Selection Workflow
      ✓ should update settings when user selects different preset (162 ms)
      ✓ should highlight selected preset (97 ms)
      ✓ should show different format for Web Optimized preset (120 ms)
      ✓ should navigate presets with keyboard (83 ms)
    Export Submission Flow
      ✓ should submit export request with correct parameters (152 ms)
      ✕ should show success message on successful export (1027 ms)
      ✕ should show error message on export failure (1012 ms)
      ✕ should disable buttons during export submission (1011 ms)
      ✕ should show loading spinner during export (1015 ms)
      ✓ should disable export when no timeline is present (237 ms)
      ✓ should show warning when timeline is empty (434 ms)
    Modal Closing Workflow
      ✓ should close modal when Cancel button is clicked (104 ms)
      ✕ should close modal when clicking outside (87 ms)
      ✓ should close modal with Escape key (71 ms)
      ✕ should prevent closing during active export (1084 ms)
    Retry After Failure
      ✕ should allow retry after export failure (1039 ms)
      ✕ should clear previous error state on new export attempt (1015 ms)
    Accessibility
      ✓ should have proper dialog role and labels (13 ms)
      ✓ should trap focus within modal (21 ms)
      ✓ should have descriptive button labels (23 ms)
      ✕ should announce export status changes (1016 ms)
    Error Handling
      ✕ should handle network errors gracefully (1009 ms)
      ✕ should handle invalid API responses (1010 ms)
      ✕ should handle malformed export data (1013 ms)

  ● Integration: Export Modal Workflow › Export Submission Flow › should show success message on successful export

    Unable to find an element with the text: 1080p HD. This could be because the text is broken up by multiple elements. In this case, you can provide a function for your text matcher to make your matcher more flexible.

    Ignored nodes: comments, script, style
    [36m<body[39m
      [33mdata-scroll-locked[39m=[32m"1"[39m
      [33mstyle[39m=[32m"pointer-events: none;"[39m
    [36m>[39m
      [36m<span[39m
        [33maria-hidden[39m=[32m"true"[39m
        [33mdata-aria-hidden[39m=[32m"true"[39m
        [33mdata-radix-focus-guard[39m=[32m""[39m
        [33mstyle[39m=[32m"outline: none; opacity: 0; position: fixed; pointer-events: none;"[39m
        [33mtabindex[39m=[32m"0"[39m
      [36m/>[39m
      [36m<div[39m
        [33maria-hidden[39m=[32m"true"[39m
        [33mdata-aria-hidden[39m=[32m"true"[39m
      [36m/>[39m
      [36m<div[39m
        [33maria-hidden[39m=[32m"true"[39m
        [33mclass[39m=[32m"fixed inset-0 z-50 bg-black/80  data-[state=open]:animate-in data-[state=closed]:animate-out data-[state=closed]:fade-out-0 data-[state=open]:fade-in-0"[39m
        [33mdata-aria-hidden[39m=[32m"true"[39m
        [33mdata-state[39m=[32m"open"[39m
        [33mstyle[39m=[32m"pointer-events: auto;"[39m
      [36m/>[39m
      [36m<div[39m
        [33maria-describedby[39m=[32m"radix-_r_t_"[39m
        [33maria-labelledby[39m=[32m"radix-_r_s_"[39m
        [33mclass[39m=[32m"fixed left-[50%] top-[50%] z-50 grid w-full max-w-lg translate-x-[-50%] translate-y-[-50%] gap-4 border bg-background p-6 shadow-lg duration-200 data-[state=open]:animate-in data-[state=closed]:animate-out data-[state=closed]:fade-out-0 data-[state=open]:fade-in-0 data-[state=closed]:zoom-out-95 data-[state=open]:zoom-in-95 data-[state=closed]:slide-out-to-left-1/2 data-[state=closed]:slide-out-to-top-[48%] data-[state=open]:slide-in-from-left-1/2 data-[state=open]:slide-in-from-top-[48%] sm:rounded-lg max-w-2xl max-h-[80vh] overflow-y-auto"[39m
        [33mdata-state[39m=[32m"open"[39m
        [33mid[39m=[32m"radix-_r_r_"[39m
        [33mrole[39m=[32m"dialog"[39m
        [33mstyle[39m=[32m"pointer-events: auto;"[39m
        [33mtabindex[39m=[32m"-1"[39m
      [36m>[39m
        [36m<div[39m
          [33mclass[39m=[32m"flex flex-col space-y-1.5 text-center sm:text-left"[39m
        [36m>[39m
          [36m<h2[39m
            [33mclass[39m=[32m"text-lg font-semibold leading-none tracking-tight"[39m
            [33mid[39m=[32m"radix-_r_s_"[39m
          [36m>[39m
            [0mExport Video[0m
          [36m</h2>[39m
          [36m<p[39m
            [33mclass[39m=[32m"text-sm text-muted-foreground"[39m
            [33mid[39m=[32m"radix-_r_t_"[39m
          [36m>[39m
            [0mSelect a preset and priority, then add to render queue[0m
          [36m</p>[39m
        [36m</div>[39m
        [36m<div[39m
          [33mclass[39m=[32m"space-y-4 py-4"[39m
        [36m>[39m
          [36m<div[39m
            [33mclass[39m=[32m"space-y-4"[39m
          [36m>[39m
            [36m<div>[39m
              [36m<label[39m
                [33mclass[39m=[32m"mb-2 block text-sm font-medium"[39m
              [36m>[39m
                [0mPriority[0m
              [36m</label>[39m
              [36m<div[39m
                [33mclass[39m=[32m"flex items-center gap-4"[39m
              [36m>[39m
                [36m<input[39m
                  [33mclass[39m=[32m"flex-1"[39m
                  [33mmax[39m=[32m"10"[39m
                  [33mmin[39m=[32m"0"[39m
                  [33mtype[39m=[32m"range"[39m
                  [33mvalue[39m=[32m"0"[39m
                [36m/>[39m
                [36m<span[39m
                  [33mclass[39m=[32m"text-sm font-medium w-8"[39m
                [36m>[39m
                  [0m0[0m
                [36m</span>[39m
              [36m</div>[39m
              [36m<p[39m
                [33mclass[39m=[32m"mt-1 text-xs text-muted-foreground"[39m
              [36m>[39m
                [0mHigher priority exports render first (0 = normal, 10 = highest)[0m
              [36m</p>[39m
            [36m</div>[39m
            [36m<div[39m
              [33mclass[39m=[32m"rounded-lg bg-blue-500/10 border border-blue-500/20 p-4"[39m
            [36m>[39m
              [36m<div[39m
                [33mclass[39m=[32m"flex items-start gap-3"[39m
              [36m>[39m
                [36m<div[39m
                  [33mclass[39m=[32m"text-sm text-blue-300"[39m
                [36m>[39m
                  [36m<strong>[39m
                    [0mNote:[0m
                  [36m</strong>[39m
                  [0m Video export requires FFmpeg processing infrastructure. This feature is currently a placeholder and will need server-side implementation to generate actual video files.[0m
                [36m</div>[39m
              [36m</div>[39m
            [36m</div>[39m
          [36m</div>[39m
        [36m</div>[39m
        [36m<div[39m
          [33mclass[39m=[32m"flex flex-col-reverse sm:flex-row sm:justify-end sm:space-x-2"[39m
        [36m>[39m
          [36m<div[39m
            [33mclass[39m=[32m"flex w-full items-center justify-between"[39m
          [36m>[39m
            [36m<div />[39m
            [36m<div[39m
              [33mclass[39m=[32m"flex gap-2"[39m
            [36m>[39m
              [36m<button[39m
                [33mclass[39m=[32m"inline-flex items-center justify-center rounded-md text-sm font-medium ring-offset-background transition-colors focus-visible:outline-none focus-visible:ring-2 focus-visible:ring-ring focus-visible:ring-offset-2 disabled:pointer-events-none disabled:opacity-50 border border-input bg-background hover:bg-accent hover:text-accent-foreground h-10 px-4 py-2"[39m
              [36m>[39m
                [0mCancel[0m
              [36m</button>[39m
              [36m<button[39m
                [33mclass[39m=[32m"inline-flex items-center justify-center rounded-md text-sm font-medium ring-offset-background transition-colors focus-visible:outline-none focus-visible:ring-2 focus-visible:ring-ring focus-visible:ring-offset-2 disabled:pointer-events-none disabled:opacity-50 bg-primary text-primary-foreground hover:bg-primary/90 h-10 px-4 py-2"[39m
                [33mdisabled[39m=[32m""[39m
              [36m>[39m
                [0mAdd to Queue[0m
              [36m</button>[39m
            [36m</div>[39m
          [36m</div>[39m
        [36m</div>[39m
        [36m<button[39m
          [33mclass[39m=[32m"absolute right-4 top-4 rounded-sm opacity-70 ring-offset-background transition-opacity hover:opacity-100 focus:outline-none focus:ring-2 focus:ring-ring focus:ring-offset-2 disabled:pointer-events-none data-[state=open]:bg-accent data-[state=open]:text-muted-foreground"[39m
          [33mtype[39m=[32m"button"[39m
        [36m>[39m
          [36m<span[39m
            [33mclass[39m=[32m"sr-only"[39m
          [36m>[39m
            [0mClose[0m
          [36m</span>[39m
        [36m</button>[39m
      [36m</div>[39m
      [36m<span[39m
        [33maria-hidden[39m=[32m"true"[39m
        [33mdata-aria-hidden[39m=[32m"true"[39m
        [33mdata-radix-focus-guard[39m=[32m""[39m
        [33mstyle[39m=[32m"outline: none; opacity: 0; position: fixed; pointer-events: none;"[39m
        [33mtabindex[39m=[32m"0"[39m
      [36m/>[39m
    [36m</body>[39m

      384 |       expect(screen.getByText('Export Started')).toBeInTheDocument();
      385 |     });
    > 386 |
          | ^
      387 |     it('should show error message on export failure', async () => {
      388 |       const user = userEvent.setup();
      389 |

      at waitForWrapper (node_modules/@testing-library/dom/dist/wait-for.js:163:27)
      at Object.<anonymous> (__tests__/components/integration/export-modal-integration.test.tsx:386:20)

  ● Integration: Export Modal Workflow › Export Submission Flow › should show error message on export failure

    Unable to find an element with the text: 1080p HD. This could be because the text is broken up by multiple elements. In this case, you can provide a function for your text matcher to make your matcher more flexible.

    Ignored nodes: comments, script, style
    [36m<body[39m
      [33mdata-scroll-locked[39m=[32m"1"[39m
      [33mstyle[39m=[32m"pointer-events: none;"[39m
    [36m>[39m
      [36m<span[39m
        [33maria-hidden[39m=[32m"true"[39m
        [33mdata-aria-hidden[39m=[32m"true"[39m
        [33mdata-radix-focus-guard[39m=[32m""[39m
        [33mstyle[39m=[32m"outline: none; opacity: 0; position: fixed; pointer-events: none;"[39m
        [33mtabindex[39m=[32m"0"[39m
      [36m/>[39m
      [36m<div[39m
        [33maria-hidden[39m=[32m"true"[39m
        [33mdata-aria-hidden[39m=[32m"true"[39m
      [36m/>[39m
      [36m<div[39m
        [33maria-hidden[39m=[32m"true"[39m
        [33mclass[39m=[32m"fixed inset-0 z-50 bg-black/80  data-[state=open]:animate-in data-[state=closed]:animate-out data-[state=closed]:fade-out-0 data-[state=open]:fade-in-0"[39m
        [33mdata-aria-hidden[39m=[32m"true"[39m
        [33mdata-state[39m=[32m"open"[39m
        [33mstyle[39m=[32m"pointer-events: auto;"[39m
      [36m/>[39m
      [36m<div[39m
        [33maria-describedby[39m=[32m"radix-_r_10_"[39m
        [33maria-labelledby[39m=[32m"radix-_r_v_"[39m
        [33mclass[39m=[32m"fixed left-[50%] top-[50%] z-50 grid w-full max-w-lg translate-x-[-50%] translate-y-[-50%] gap-4 border bg-background p-6 shadow-lg duration-200 data-[state=open]:animate-in data-[state=closed]:animate-out data-[state=closed]:fade-out-0 data-[state=open]:fade-in-0 data-[state=closed]:zoom-out-95 data-[state=open]:zoom-in-95 data-[state=closed]:slide-out-to-left-1/2 data-[state=closed]:slide-out-to-top-[48%] data-[state=open]:slide-in-from-left-1/2 data-[state=open]:slide-in-from-top-[48%] sm:rounded-lg max-w-2xl max-h-[80vh] overflow-y-auto"[39m
        [33mdata-state[39m=[32m"open"[39m
        [33mid[39m=[32m"radix-_r_u_"[39m
        [33mrole[39m=[32m"dialog"[39m
        [33mstyle[39m=[32m"pointer-events: auto;"[39m
        [33mtabindex[39m=[32m"-1"[39m
      [36m>[39m
        [36m<div[39m
          [33mclass[39m=[32m"flex flex-col space-y-1.5 text-center sm:text-left"[39m
        [36m>[39m
          [36m<h2[39m
            [33mclass[39m=[32m"text-lg font-semibold leading-none tracking-tight"[39m
            [33mid[39m=[32m"radix-_r_v_"[39m
          [36m>[39m
            [0mExport Video[0m
          [36m</h2>[39m
          [36m<p[39m
            [33mclass[39m=[32m"text-sm text-muted-foreground"[39m
            [33mid[39m=[32m"radix-_r_10_"[39m
          [36m>[39m
            [0mSelect a preset and priority, then add to render queue[0m
          [36m</p>[39m
        [36m</div>[39m
        [36m<div[39m
          [33mclass[39m=[32m"space-y-4 py-4"[39m
        [36m>[39m
          [36m<div[39m
            [33mclass[39m=[32m"space-y-4"[39m
          [36m>[39m
            [36m<div>[39m
              [36m<label[39m
                [33mclass[39m=[32m"mb-2 block text-sm font-medium"[39m
              [36m>[39m
                [0mPriority[0m
              [36m</label>[39m
              [36m<div[39m
                [33mclass[39m=[32m"flex items-center gap-4"[39m
              [36m>[39m
                [36m<input[39m
                  [33mclass[39m=[32m"flex-1"[39m
                  [33mmax[39m=[32m"10"[39m
                  [33mmin[39m=[32m"0"[39m
                  [33mtype[39m=[32m"range"[39m
                  [33mvalue[39m=[32m"0"[39m
                [36m/>[39m
                [36m<span[39m
                  [33mclass[39m=[32m"text-sm font-medium w-8"[39m
                [36m>[39m
                  [0m0[0m
                [36m</span>[39m
              [36m</div>[39m
              [36m<p[39m
                [33mclass[39m=[32m"mt-1 text-xs text-muted-foreground"[39m
              [36m>[39m
                [0mHigher priority exports render first (0 = normal, 10 = highest)[0m
              [36m</p>[39m
            [36m</div>[39m
            [36m<div[39m
              [33mclass[39m=[32m"rounded-lg bg-blue-500/10 border border-blue-500/20 p-4"[39m
            [36m>[39m
              [36m<div[39m
                [33mclass[39m=[32m"flex items-start gap-3"[39m
              [36m>[39m
                [36m<div[39m
                  [33mclass[39m=[32m"text-sm text-blue-300"[39m
                [36m>[39m
                  [36m<strong>[39m
                    [0mNote:[0m
                  [36m</strong>[39m
                  [0m Video export requires FFmpeg processing infrastructure. This feature is currently a placeholder and will need server-side implementation to generate actual video files.[0m
                [36m</div>[39m
              [36m</div>[39m
            [36m</div>[39m
          [36m</div>[39m
        [36m</div>[39m
        [36m<div[39m
          [33mclass[39m=[32m"flex flex-col-reverse sm:flex-row sm:justify-end sm:space-x-2"[39m
        [36m>[39m
          [36m<div[39m
            [33mclass[39m=[32m"flex w-full items-center justify-between"[39m
          [36m>[39m
            [36m<div />[39m
            [36m<div[39m
              [33mclass[39m=[32m"flex gap-2"[39m
            [36m>[39m
              [36m<button[39m
                [33mclass[39m=[32m"inline-flex items-center justify-center rounded-md text-sm font-medium ring-offset-background transition-colors focus-visible:outline-none focus-visible:ring-2 focus-visible:ring-ring focus-visible:ring-offset-2 disabled:pointer-events-none disabled:opacity-50 border border-input bg-background hover:bg-accent hover:text-accent-foreground h-10 px-4 py-2"[39m
              [36m>[39m
                [0mCancel[0m
              [36m</button>[39m
              [36m<button[39m
                [33mclass[39m=[32m"inline-flex items-center justify-center rounded-md text-sm font-medium ring-offset-background transition-colors focus-visible:outline-none focus-visible:ring-2 focus-visible:ring-ring focus-visible:ring-offset-2 disabled:pointer-events-none disabled:opacity-50 bg-primary text-primary-foreground hover:bg-primary/90 h-10 px-4 py-2"[39m
                [33mdisabled[39m=[32m""[39m
              [36m>[39m
                [0mAdd to Queue[0m
              [36m</button>[39m
            [36m</div>[39m
          [36m</div>[39m
        [36m</div>[39m
        [36m<button[39m
          [33mclass[39m=[32m"absolute right-4 top-4 rounded-sm opacity-70 ring-offset-background transition-opacity hover:opacity-100 focus:outline-none focus:ring-2 focus:ring-ring focus:ring-offset-2 disabled:pointer-events-none data-[state=open]:bg-accent data-[state=open]:text-muted-foreground"[39m
          [33mtype[39m=[32m"button"[39m
        [36m>[39m
          [36m<span[39m
            [33mclass[39m=[32m"sr-only"[39m
          [36m>[39m
            [0mClose[0m
          [36m</span>[39m
        [36m</button>[39m
      [36m</div>[39m
      [36m<span[39m
        [33maria-hidden[39m=[32m"true"[39m
        [33mdata-aria-hidden[39m=[32m"true"[39m
        [33mdata-radix-focus-guard[39m=[32m""[39m
        [33mstyle[39m=[32m"outline: none; opacity: 0; position: fixed; pointer-events: none;"[39m
        [33mtabindex[39m=[32m"0"[39m
      [36m/>[39m
    [36m</body>[39m

      409 |       expect(screen.getByText('Export Failed')).toBeInTheDocument();
      410 |     });
    > 411 |
          | ^
      412 |     it('should disable buttons during export submission', async () => {
      413 |       const user = userEvent.setup();
      414 |

      at waitForWrapper (node_modules/@testing-library/dom/dist/wait-for.js:163:27)
      at Object.<anonymous> (__tests__/components/integration/export-modal-integration.test.tsx:411:20)

  ● Integration: Export Modal Workflow › Export Submission Flow › should disable buttons during export submission

    Unable to find an element with the text: 1080p HD. This could be because the text is broken up by multiple elements. In this case, you can provide a function for your text matcher to make your matcher more flexible.

    Ignored nodes: comments, script, style
    [36m<body[39m
      [33mdata-scroll-locked[39m=[32m"1"[39m
      [33mstyle[39m=[32m"pointer-events: none;"[39m
    [36m>[39m
      [36m<span[39m
        [33maria-hidden[39m=[32m"true"[39m
        [33mdata-aria-hidden[39m=[32m"true"[39m
        [33mdata-radix-focus-guard[39m=[32m""[39m
        [33mstyle[39m=[32m"outline: none; opacity: 0; position: fixed; pointer-events: none;"[39m
        [33mtabindex[39m=[32m"0"[39m
      [36m/>[39m
      [36m<div[39m
        [33maria-hidden[39m=[32m"true"[39m
        [33mdata-aria-hidden[39m=[32m"true"[39m
      [36m/>[39m
      [36m<div[39m
        [33maria-hidden[39m=[32m"true"[39m
        [33mclass[39m=[32m"fixed inset-0 z-50 bg-black/80  data-[state=open]:animate-in data-[state=closed]:animate-out data-[state=closed]:fade-out-0 data-[state=open]:fade-in-0"[39m
        [33mdata-aria-hidden[39m=[32m"true"[39m
        [33mdata-state[39m=[32m"open"[39m
        [33mstyle[39m=[32m"pointer-events: auto;"[39m
      [36m/>[39m
      [36m<div[39m
        [33maria-describedby[39m=[32m"radix-_r_13_"[39m
        [33maria-labelledby[39m=[32m"radix-_r_12_"[39m
        [33mclass[39m=[32m"fixed left-[50%] top-[50%] z-50 grid w-full max-w-lg translate-x-[-50%] translate-y-[-50%] gap-4 border bg-background p-6 shadow-lg duration-200 data-[state=open]:animate-in data-[state=closed]:animate-out data-[state=closed]:fade-out-0 data-[state=open]:fade-in-0 data-[state=closed]:zoom-out-95 data-[state=open]:zoom-in-95 data-[state=closed]:slide-out-to-left-1/2 data-[state=closed]:slide-out-to-top-[48%] data-[state=open]:slide-in-from-left-1/2 data-[state=open]:slide-in-from-top-[48%] sm:rounded-lg max-w-2xl max-h-[80vh] overflow-y-auto"[39m
        [33mdata-state[39m=[32m"open"[39m
        [33mid[39m=[32m"radix-_r_11_"[39m
        [33mrole[39m=[32m"dialog"[39m
        [33mstyle[39m=[32m"pointer-events: auto;"[39m
        [33mtabindex[39m=[32m"-1"[39m
      [36m>[39m
        [36m<div[39m
          [33mclass[39m=[32m"flex flex-col space-y-1.5 text-center sm:text-left"[39m
        [36m>[39m
          [36m<h2[39m
            [33mclass[39m=[32m"text-lg font-semibold leading-none tracking-tight"[39m
            [33mid[39m=[32m"radix-_r_12_"[39m
          [36m>[39m
            [0mExport Video[0m
          [36m</h2>[39m
          [36m<p[39m
            [33mclass[39m=[32m"text-sm text-muted-foreground"[39m
            [33mid[39m=[32m"radix-_r_13_"[39m
          [36m>[39m
            [0mSelect a preset and priority, then add to render queue[0m
          [36m</p>[39m
        [36m</div>[39m
        [36m<div[39m
          [33mclass[39m=[32m"space-y-4 py-4"[39m
        [36m>[39m
          [36m<div[39m
            [33mclass[39m=[32m"flex items-center justify-center p-8"[39m
          [36m/>[39m
        [36m</div>[39m
        [36m<div[39m
          [33mclass[39m=[32m"flex flex-col-reverse sm:flex-row sm:justify-end sm:space-x-2"[39m
        [36m>[39m
          [36m<div[39m
            [33mclass[39m=[32m"flex w-full items-center justify-between"[39m
          [36m>[39m
            [36m<div />[39m
            [36m<div[39m
              [33mclass[39m=[32m"flex gap-2"[39m
            [36m>[39m
              [36m<button[39m
                [33mclass[39m=[32m"inline-flex items-center justify-center rounded-md text-sm font-medium ring-offset-background transition-colors focus-visible:outline-none focus-visible:ring-2 focus-visible:ring-ring focus-visible:ring-offset-2 disabled:pointer-events-none disabled:opacity-50 border border-input bg-background hover:bg-accent hover:text-accent-foreground h-10 px-4 py-2"[39m
              [36m>[39m
                [0mCancel[0m
              [36m</button>[39m
              [36m<button[39m
                [33mclass[39m=[32m"inline-flex items-center justify-center rounded-md text-sm font-medium ring-offset-background transition-colors focus-visible:outline-none focus-visible:ring-2 focus-visible:ring-ring focus-visible:ring-offset-2 disabled:pointer-events-none disabled:opacity-50 bg-primary text-primary-foreground hover:bg-primary/90 h-10 px-4 py-2"[39m
                [33mdisabled[39m=[32m""[39m
              [36m>[39m
                [0mAdd to Queue[0m
              [36m</button>[39m
            [36m</div>[39m
          [36m</div>[39m
        [36m</div>[39m
        [36m<button[39m
          [33mclass[39m=[32m"absolute right-4 top-4 rounded-sm opacity-70 ring-offset-background transition-opacity hover:opacity-100 focus:outline-none focus:ring-2 focus:ring-ring focus:ring-offset-2 disabled:pointer-events-none data-[state=open]:bg-accent data-[state=open]:text-muted-foreground"[39m
          [33mtype[39m=[32m"button"[39m
        [36m>[39m
          [36m<span[39m
            [33mclass[39m=[32m"sr-only"[39m
          [36m>[39m
            [0mClose[0m
          [36m</span>[39m
        [36m</button>[39m
      [36m</div>[39m
      [36m<span[39m
        [33maria-hidden[39m=[32m"true"[39m
        [33mdata-aria-hidden[39m=[32m"true"[39m
        [33mdata-radix-focus-guard[39m=[32m""[39m
        [33mstyle[39m=[32m"outline: none; opacity: 0; position: fixed; pointer-events: none;"[39m
        [33mtabindex[39m=[32m"0"[39m
      [36m/>[39m
    [36m</body>[39m

      435 |         expect(exportButton).toBeDisabled();
      436 |         expect(cancelButton).toBeDisabled();
    > 437 |       });
          |          ^
      438 |
      439 |       // Resolve promise and wait for state updates - wrap in act
      440 |       await act(async () => {

      at waitForWrapper (node_modules/@testing-library/dom/dist/wait-for.js:163:27)
      at Object.<anonymous> (__tests__/components/integration/export-modal-integration.test.tsx:437:20)

  ● Integration: Export Modal Workflow › Export Submission Flow › should show loading spinner during export

    Unable to find an element with the text: 1080p HD. This could be because the text is broken up by multiple elements. In this case, you can provide a function for your text matcher to make your matcher more flexible.

    Ignored nodes: comments, script, style
    [36m<body[39m
      [33mdata-scroll-locked[39m=[32m"1"[39m
      [33mstyle[39m=[32m"pointer-events: none;"[39m
    [36m>[39m
      [36m<span[39m
        [33maria-hidden[39m=[32m"true"[39m
        [33mdata-aria-hidden[39m=[32m"true"[39m
        [33mdata-radix-focus-guard[39m=[32m""[39m
        [33mstyle[39m=[32m"outline: none; opacity: 0; position: fixed; pointer-events: none;"[39m
        [33mtabindex[39m=[32m"0"[39m
      [36m/>[39m
      [36m<div[39m
        [33maria-hidden[39m=[32m"true"[39m
        [33mdata-aria-hidden[39m=[32m"true"[39m
      [36m/>[39m
      [36m<div[39m
        [33maria-hidden[39m=[32m"true"[39m
        [33mclass[39m=[32m"fixed inset-0 z-50 bg-black/80  data-[state=open]:animate-in data-[state=closed]:animate-out data-[state=closed]:fade-out-0 data-[state=open]:fade-in-0"[39m
        [33mdata-aria-hidden[39m=[32m"true"[39m
        [33mdata-state[39m=[32m"open"[39m
        [33mstyle[39m=[32m"pointer-events: auto;"[39m
      [36m/>[39m
      [36m<div[39m
        [33maria-describedby[39m=[32m"radix-_r_16_"[39m
        [33maria-labelledby[39m=[32m"radix-_r_15_"[39m
        [33mclass[39m=[32m"fixed left-[50%] top-[50%] z-50 grid w-full max-w-lg translate-x-[-50%] translate-y-[-50%] gap-4 border bg-background p-6 shadow-lg duration-200 data-[state=open]:animate-in data-[state=closed]:animate-out data-[state=closed]:fade-out-0 data-[state=open]:fade-in-0 data-[state=closed]:zoom-out-95 data-[state=open]:zoom-in-95 data-[state=closed]:slide-out-to-left-1/2 data-[state=closed]:slide-out-to-top-[48%] data-[state=open]:slide-in-from-left-1/2 data-[state=open]:slide-in-from-top-[48%] sm:rounded-lg max-w-2xl max-h-[80vh] overflow-y-auto"[39m
        [33mdata-state[39m=[32m"open"[39m
        [33mid[39m=[32m"radix-_r_14_"[39m
        [33mrole[39m=[32m"dialog"[39m
        [33mstyle[39m=[32m"pointer-events: auto;"[39m
        [33mtabindex[39m=[32m"-1"[39m
      [36m>[39m
        [36m<div[39m
          [33mclass[39m=[32m"flex flex-col space-y-1.5 text-center sm:text-left"[39m
        [36m>[39m
          [36m<h2[39m
            [33mclass[39m=[32m"text-lg font-semibold leading-none tracking-tight"[39m
            [33mid[39m=[32m"radix-_r_15_"[39m
          [36m>[39m
            [0mExport Video[0m
          [36m</h2>[39m
          [36m<p[39m
            [33mclass[39m=[32m"text-sm text-muted-foreground"[39m
            [33mid[39m=[32m"radix-_r_16_"[39m
          [36m>[39m
            [0mSelect a preset and priority, then add to render queue[0m
          [36m</p>[39m
        [36m</div>[39m
        [36m<div[39m
          [33mclass[39m=[32m"space-y-4 py-4"[39m
        [36m>[39m
          [36m<div[39m
            [33mclass[39m=[32m"flex items-center justify-center p-8"[39m
          [36m/>[39m
        [36m</div>[39m
        [36m<div[39m
          [33mclass[39m=[32m"flex flex-col-reverse sm:flex-row sm:justify-end sm:space-x-2"[39m
        [36m>[39m
          [36m<div[39m
            [33mclass[39m=[32m"flex w-full items-center justify-between"[39m
          [36m>[39m
            [36m<div />[39m
            [36m<div[39m
              [33mclass[39m=[32m"flex gap-2"[39m
            [36m>[39m
              [36m<button[39m
                [33mclass[39m=[32m"inline-flex items-center justify-center rounded-md text-sm font-medium ring-offset-background transition-colors focus-visible:outline-none focus-visible:ring-2 focus-visible:ring-ring focus-visible:ring-offset-2 disabled:pointer-events-none disabled:opacity-50 border border-input bg-background hover:bg-accent hover:text-accent-foreground h-10 px-4 py-2"[39m
              [36m>[39m
                [0mCancel[0m
              [36m</button>[39m
              [36m<button[39m
                [33mclass[39m=[32m"inline-flex items-center justify-center rounded-md text-sm font-medium ring-offset-background transition-colors focus-visible:outline-none focus-visible:ring-2 focus-visible:ring-ring focus-visible:ring-offset-2 disabled:pointer-events-none disabled:opacity-50 bg-primary text-primary-foreground hover:bg-primary/90 h-10 px-4 py-2"[39m
                [33mdisabled[39m=[32m""[39m
              [36m>[39m
                [0mAdd to Queue[0m
              [36m</button>[39m
            [36m</div>[39m
          [36m</div>[39m
        [36m</div>[39m
        [36m<button[39m
          [33mclass[39m=[32m"absolute right-4 top-4 rounded-sm opacity-70 ring-offset-background transition-opacity hover:opacity-100 focus:outline-none focus:ring-2 focus:ring-ring focus:ring-offset-2 disabled:pointer-events-none data-[state=open]:bg-accent data-[state=open]:text-muted-foreground"[39m
          [33mtype[39m=[32m"button"[39m
        [36m>[39m
          [36m<span[39m
            [33mclass[39m=[32m"sr-only"[39m
          [36m>[39m
            [0mClose[0m
          [36m</span>[39m
        [36m</button>[39m
      [36m</div>[39m
      [36m<span[39m
        [33maria-hidden[39m=[32m"true"[39m
        [33mdata-aria-hidden[39m=[32m"true"[39m
        [33mdata-radix-focus-guard[39m=[32m""[39m
        [33mstyle[39m=[32m"outline: none; opacity: 0; position: fixed; pointer-events: none;"[39m
        [33mtabindex[39m=[32m"0"[39m
      [36m/>[39m
    [36m</body>[39m

      476 |
      477 |       // Resolve promise and wait for state updates - wrap in act
    > 478 |       await act(async () => {
          |                    ^
      479 |         resolvePromise!({
      480 |           ok: true,
      481 |           json: async () => ({ jobId: 'export-job-123' }),

      at waitForWrapper (node_modules/@testing-library/dom/dist/wait-for.js:163:27)
      at Object.<anonymous> (__tests__/components/integration/export-modal-integration.test.tsx:478:20)

  ● Integration: Export Modal Workflow › Modal Closing Workflow › should close modal when clicking outside

    Unable to perform pointer interaction as the element has `pointer-events: none`:

    BODY

      548 |       await user.keyboard('{Escape}');
      549 |
    > 550 |       expect(onClose).toHaveBeenCalledTimes(1);
          |         ^
      551 |     });
      552 |
      553 |     it('should prevent closing during active export', async () => {

      at Object.assertPointerEvents (node_modules/@testing-library/user-event/dist/cjs/utils/pointer/cssPointerEvents.js:47:15)
      at Object.enter (node_modules/@testing-library/user-event/dist/cjs/system/pointer/pointer.js:52:34)
      at PointerHost.move (node_modules/@testing-library/user-event/dist/cjs/system/pointer/index.js:53:85)
      at pointerAction (node_modules/@testing-library/user-event/dist/cjs/pointer/index.js:59:39)
      at Object.pointer (node_modules/@testing-library/user-event/dist/cjs/pointer/index.js:27:15)
      at Object.asyncWrapper (node_modules/@testing-library/react/dist/pure.js:88:22)
      at Object.<anonymous> (__tests__/components/integration/export-modal-integration.test.tsx:550:9)

  ● Integration: Export Modal Workflow › Modal Closing Workflow › should prevent closing during active export

    Unable to find an element with the text: 1080p HD. This could be because the text is broken up by multiple elements. In this case, you can provide a function for your text matcher to make your matcher more flexible.

    Ignored nodes: comments, script, style
    [36m<body[39m
      [33mdata-scroll-locked[39m=[32m"1"[39m
      [33mstyle[39m=[32m"pointer-events: none;"[39m
    [36m>[39m
      [36m<span[39m
        [33maria-hidden[39m=[32m"true"[39m
        [33mdata-aria-hidden[39m=[32m"true"[39m
        [33mdata-radix-focus-guard[39m=[32m""[39m
        [33mstyle[39m=[32m"outline: none; opacity: 0; position: fixed; pointer-events: none;"[39m
        [33mtabindex[39m=[32m"0"[39m
      [36m/>[39m
      [36m<div[39m
        [33maria-hidden[39m=[32m"true"[39m
        [33mdata-aria-hidden[39m=[32m"true"[39m
      [36m/>[39m
      [36m<div[39m
        [33maria-hidden[39m=[32m"true"[39m
        [33mclass[39m=[32m"fixed inset-0 z-50 bg-black/80  data-[state=open]:animate-in data-[state=closed]:animate-out data-[state=closed]:fade-out-0 data-[state=open]:fade-in-0"[39m
        [33mdata-aria-hidden[39m=[32m"true"[39m
        [33mdata-state[39m=[32m"open"[39m
        [33mstyle[39m=[32m"pointer-events: auto;"[39m
      [36m/>[39m
      [36m<div[39m
        [33maria-describedby[39m=[32m"radix-_r_1o_"[39m
        [33maria-labelledby[39m=[32m"radix-_r_1n_"[39m
        [33mclass[39m=[32m"fixed left-[50%] top-[50%] z-50 grid w-full max-w-lg translate-x-[-50%] translate-y-[-50%] gap-4 border bg-background p-6 shadow-lg duration-200 data-[state=open]:animate-in data-[state=closed]:animate-out data-[state=closed]:fade-out-0 data-[state=open]:fade-in-0 data-[state=closed]:zoom-out-95 data-[state=open]:zoom-in-95 data-[state=closed]:slide-out-to-left-1/2 data-[state=closed]:slide-out-to-top-[48%] data-[state=open]:slide-in-from-left-1/2 data-[state=open]:slide-in-from-top-[48%] sm:rounded-lg max-w-2xl max-h-[80vh] overflow-y-auto"[39m
        [33mdata-state[39m=[32m"open"[39m
        [33mid[39m=[32m"radix-_r_1m_"[39m
        [33mrole[39m=[32m"dialog"[39m
        [33mstyle[39m=[32m"pointer-events: auto;"[39m
        [33mtabindex[39m=[32m"-1"[39m
      [36m>[39m
        [36m<div[39m
          [33mclass[39m=[32m"flex flex-col space-y-1.5 text-center sm:text-left"[39m
        [36m>[39m
          [36m<h2[39m
            [33mclass[39m=[32m"text-lg font-semibold leading-none tracking-tight"[39m
            [33mid[39m=[32m"radix-_r_1n_"[39m
          [36m>[39m
            [0mExport Video[0m
          [36m</h2>[39m
          [36m<p[39m
            [33mclass[39m=[32m"text-sm text-muted-foreground"[39m
            [33mid[39m=[32m"radix-_r_1o_"[39m
          [36m>[39m
            [0mSelect a preset and priority, then add to render queue[0m
          [36m</p>[39m
        [36m</div>[39m
        [36m<div[39m
          [33mclass[39m=[32m"space-y-4 py-4"[39m
        [36m>[39m
          [36m<div[39m
            [33mclass[39m=[32m"flex items-center justify-center p-8"[39m
          [36m/>[39m
        [36m</div>[39m
        [36m<div[39m
          [33mclass[39m=[32m"flex flex-col-reverse sm:flex-row sm:justify-end sm:space-x-2"[39m
        [36m>[39m
          [36m<div[39m
            [33mclass[39m=[32m"flex w-full items-center justify-between"[39m
          [36m>[39m
            [36m<div />[39m
            [36m<div[39m
              [33mclass[39m=[32m"flex gap-2"[39m
            [36m>[39m
              [36m<button[39m
                [33mclass[39m=[32m"inline-flex items-center justify-center rounded-md text-sm font-medium ring-offset-background transition-colors focus-visible:outline-none focus-visible:ring-2 focus-visible:ring-ring focus-visible:ring-offset-2 disabled:pointer-events-none disabled:opacity-50 border border-input bg-background hover:bg-accent hover:text-accent-foreground h-10 px-4 py-2"[39m
              [36m>[39m
                [0mCancel[0m
              [36m</button>[39m
              [36m<button[39m
                [33mclass[39m=[32m"inline-flex items-center justify-center rounded-md text-sm font-medium ring-offset-background transition-colors focus-visible:outline-none focus-visible:ring-2 focus-visible:ring-ring focus-visible:ring-offset-2 disabled:pointer-events-none disabled:opacity-50 bg-primary text-primary-foreground hover:bg-primary/90 h-10 px-4 py-2"[39m
                [33mdisabled[39m=[32m""[39m
              [36m>[39m
                [0mAdd to Queue[0m
              [36m</button>[39m
            [36m</div>[39m
          [36m</div>[39m
        [36m</div>[39m
        [36m<button[39m
          [33mclass[39m=[32m"absolute right-4 top-4 rounded-sm opacity-70 ring-offset-background transition-opacity hover:opacity-100 focus:outline-none focus:ring-2 focus:ring-ring focus:ring-offset-2 disabled:pointer-events-none data-[state=open]:bg-accent data-[state=open]:text-muted-foreground"[39m
          [33mtype[39m=[32m"button"[39m
        [36m>[39m
          [36m<span[39m
            [33mclass[39m=[32m"sr-only"[39m
          [36m>[39m
            [0mClose[0m
          [36m</span>[39m
        [36m</button>[39m
      [36m</div>[39m
      [36m<span[39m
        [33maria-hidden[39m=[32m"true"[39m
        [33mdata-aria-hidden[39m=[32m"true"[39m
        [33mdata-radix-focus-guard[39m=[32m""[39m
        [33mstyle[39m=[32m"outline: none; opacity: 0; position: fixed; pointer-events: none;"[39m
        [33mtabindex[39m=[32m"0"[39m
      [36m/>[39m
    [36m</body>[39m

      577 |       expect(onClose).not.toHaveBeenCalled();
      578 |
    > 579 |       // Resolve promise and wait for state updates - wrap in act
          |                    ^
      580 |       await act(async () => {
      581 |         resolvePromise!({
      582 |           ok: true,

      at waitForWrapper (node_modules/@testing-library/dom/dist/wait-for.js:163:27)
      at Object.<anonymous> (__tests__/components/integration/export-modal-integration.test.tsx:579:20)

  ● Integration: Export Modal Workflow › Retry After Failure › should allow retry after export failure

    Unable to find an element with the text: 1080p HD. This could be because the text is broken up by multiple elements. In this case, you can provide a function for your text matcher to make your matcher more flexible.

    Ignored nodes: comments, script, style
    [36m<body[39m
      [33mdata-scroll-locked[39m=[32m"1"[39m
      [33mstyle[39m=[32m"pointer-events: none;"[39m
    [36m>[39m
      [36m<span[39m
        [33maria-hidden[39m=[32m"true"[39m
        [33mdata-aria-hidden[39m=[32m"true"[39m
        [33mdata-radix-focus-guard[39m=[32m""[39m
        [33mstyle[39m=[32m"outline: none; opacity: 0; position: fixed; pointer-events: none;"[39m
        [33mtabindex[39m=[32m"0"[39m
      [36m/>[39m
      [36m<div[39m
        [33maria-hidden[39m=[32m"true"[39m
        [33mdata-aria-hidden[39m=[32m"true"[39m
      [36m/>[39m
      [36m<div[39m
        [33maria-hidden[39m=[32m"true"[39m
        [33mclass[39m=[32m"fixed inset-0 z-50 bg-black/80  data-[state=open]:animate-in data-[state=closed]:animate-out data-[state=closed]:fade-out-0 data-[state=open]:fade-in-0"[39m
        [33mdata-aria-hidden[39m=[32m"true"[39m
        [33mdata-state[39m=[32m"open"[39m
        [33mstyle[39m=[32m"pointer-events: auto;"[39m
      [36m/>[39m
      [36m<div[39m
        [33maria-describedby[39m=[32m"radix-_r_1r_"[39m
        [33maria-labelledby[39m=[32m"radix-_r_1q_"[39m
        [33mclass[39m=[32m"fixed left-[50%] top-[50%] z-50 grid w-full max-w-lg translate-x-[-50%] translate-y-[-50%] gap-4 border bg-background p-6 shadow-lg duration-200 data-[state=open]:animate-in data-[state=closed]:animate-out data-[state=closed]:fade-out-0 data-[state=open]:fade-in-0 data-[state=closed]:zoom-out-95 data-[state=open]:zoom-in-95 data-[state=closed]:slide-out-to-left-1/2 data-[state=closed]:slide-out-to-top-[48%] data-[state=open]:slide-in-from-left-1/2 data-[state=open]:slide-in-from-top-[48%] sm:rounded-lg max-w-2xl max-h-[80vh] overflow-y-auto"[39m
        [33mdata-state[39m=[32m"open"[39m
        [33mid[39m=[32m"radix-_r_1p_"[39m
        [33mrole[39m=[32m"dialog"[39m
        [33mstyle[39m=[32m"pointer-events: auto;"[39m
        [33mtabindex[39m=[32m"-1"[39m
      [36m>[39m
        [36m<div[39m
          [33mclass[39m=[32m"flex flex-col space-y-1.5 text-center sm:text-left"[39m
        [36m>[39m
          [36m<h2[39m
            [33mclass[39m=[32m"text-lg font-semibold leading-none tracking-tight"[39m
            [33mid[39m=[32m"radix-_r_1q_"[39m
          [36m>[39m
            [0mExport Video[0m
          [36m</h2>[39m
          [36m<p[39m
            [33mclass[39m=[32m"text-sm text-muted-foreground"[39m
            [33mid[39m=[32m"radix-_r_1r_"[39m
          [36m>[39m
            [0mSelect a preset and priority, then add to render queue[0m
          [36m</p>[39m
        [36m</div>[39m
        [36m<div[39m
          [33mclass[39m=[32m"space-y-4 py-4"[39m
        [36m>[39m
          [36m<div[39m
            [33mclass[39m=[32m"space-y-4"[39m
          [36m>[39m
            [36m<div>[39m
              [36m<label[39m
                [33mclass[39m=[32m"mb-2 block text-sm font-medium"[39m
              [36m>[39m
                [0mPriority[0m
              [36m</label>[39m
              [36m<div[39m
                [33mclass[39m=[32m"flex items-center gap-4"[39m
              [36m>[39m
                [36m<input[39m
                  [33mclass[39m=[32m"flex-1"[39m
                  [33mmax[39m=[32m"10"[39m
                  [33mmin[39m=[32m"0"[39m
                  [33mtype[39m=[32m"range"[39m
                  [33mvalue[39m=[32m"0"[39m
                [36m/>[39m
                [36m<span[39m
                  [33mclass[39m=[32m"text-sm font-medium w-8"[39m
                [36m>[39m
                  [0m0[0m
                [36m</span>[39m
              [36m</div>[39m
              [36m<p[39m
                [33mclass[39m=[32m"mt-1 text-xs text-muted-foreground"[39m
              [36m>[39m
                [0mHigher priority exports render first (0 = normal, 10 = highest)[0m
              [36m</p>[39m
            [36m</div>[39m
            [36m<div[39m
              [33mclass[39m=[32m"rounded-lg bg-blue-500/10 border border-blue-500/20 p-4"[39m
            [36m>[39m
              [36m<div[39m
                [33mclass[39m=[32m"flex items-start gap-3"[39m
              [36m>[39m
                [36m<div[39m
                  [33mclass[39m=[32m"text-sm text-blue-300"[39m
                [36m>[39m
                  [36m<strong>[39m
                    [0mNote:[0m
                  [36m</strong>[39m
                  [0m Video export requires FFmpeg processing infrastructure. This feature is currently a placeholder and will need server-side implementation to generate actual video files.[0m
                [36m</div>[39m
              [36m</div>[39m
            [36m</div>[39m
          [36m</div>[39m
        [36m</div>[39m
        [36m<div[39m
          [33mclass[39m=[32m"flex flex-col-reverse sm:flex-row sm:justify-end sm:space-x-2"[39m
        [36m>[39m
          [36m<div[39m
            [33mclass[39m=[32m"flex w-full items-center justify-between"[39m
          [36m>[39m
            [36m<div />[39m
            [36m<div[39m
              [33mclass[39m=[32m"flex gap-2"[39m
            [36m>[39m
              [36m<button[39m
                [33mclass[39m=[32m"inline-flex items-center justify-center rounded-md text-sm font-medium ring-offset-background transition-colors focus-visible:outline-none focus-visible:ring-2 focus-visible:ring-ring focus-visible:ring-offset-2 disabled:pointer-events-none disabled:opacity-50 border border-input bg-background hover:bg-accent hover:text-accent-foreground h-10 px-4 py-2"[39m
              [36m>[39m
                [0mCancel[0m
              [36m</button>[39m
              [36m<button[39m
                [33mclass[39m=[32m"inline-flex items-center justify-center rounded-md text-sm font-medium ring-offset-background transition-colors focus-visible:outline-none focus-visible:ring-2 focus-visible:ring-ring focus-visible:ring-offset-2 disabled:pointer-events-none disabled:opacity-50 bg-primary text-primary-foreground hover:bg-primary/90 h-10 px-4 py-2"[39m
                [33mdisabled[39m=[32m""[39m
              [36m>[39m
                [0mAdd to Queue[0m
              [36m</button>[39m
            [36m</div>[39m
          [36m</div>[39m
        [36m</div>[39m
        [36m<button[39m
          [33mclass[39m=[32m"absolute right-4 top-4 rounded-sm opacity-70 ring-offset-background transition-opacity hover:opacity-100 focus:outline-none focus:ring-2 focus:ring-ring focus:ring-offset-2 disabled:pointer-events-none data-[state=open]:bg-accent data-[state=open]:text-muted-foreground"[39m
          [33mtype[39m=[32m"button"[39m
        [36m>[39m
          [36m<span[39m
            [33mclass[39m=[32m"sr-only"[39m
          [36m>[39m
            [0mClose[0m
          [36m</span>[39m
        [36m</button>[39m
      [36m</div>[39m
      [36m<span[39m
        [33maria-hidden[39m=[32m"true"[39m
        [33mdata-aria-hidden[39m=[32m"true"[39m
        [33mdata-radix-focus-guard[39m=[32m""[39m
        [33mstyle[39m=[32m"outline: none; opacity: 0; position: fixed; pointer-events: none;"[39m
        [33mtabindex[39m=[32m"0"[39m
      [36m/>[39m
    [36m</body>[39m

      618 |       // Second attempt succeeds
      619 |       (global.fetch as jest.Mock).mockResolvedValueOnce({
    > 620 |         ok: true,
          |                  ^
      621 |         json: async () => ({ jobId: 'export-job-123' }),
      622 |       });
      623 |

      at waitForWrapper (node_modules/@testing-library/dom/dist/wait-for.js:163:27)
      at Object.<anonymous> (__tests__/components/integration/export-modal-integration.test.tsx:620:20)

  ● Integration: Export Modal Workflow › Retry After Failure › should clear previous error state on new export attempt

    Unable to find an element with the text: 1080p HD. This could be because the text is broken up by multiple elements. In this case, you can provide a function for your text matcher to make your matcher more flexible.

    Ignored nodes: comments, script, style
    [36m<body[39m
      [33mdata-scroll-locked[39m=[32m"1"[39m
      [33mstyle[39m=[32m"pointer-events: none;"[39m
    [36m>[39m
      [36m<span[39m
        [33maria-hidden[39m=[32m"true"[39m
        [33mdata-aria-hidden[39m=[32m"true"[39m
        [33mdata-radix-focus-guard[39m=[32m""[39m
        [33mstyle[39m=[32m"outline: none; opacity: 0; position: fixed; pointer-events: none;"[39m
        [33mtabindex[39m=[32m"0"[39m
      [36m/>[39m
      [36m<div[39m
        [33maria-hidden[39m=[32m"true"[39m
        [33mdata-aria-hidden[39m=[32m"true"[39m
      [36m/>[39m
      [36m<div[39m
        [33maria-hidden[39m=[32m"true"[39m
        [33mclass[39m=[32m"fixed inset-0 z-50 bg-black/80  data-[state=open]:animate-in data-[state=closed]:animate-out data-[state=closed]:fade-out-0 data-[state=open]:fade-in-0"[39m
        [33mdata-aria-hidden[39m=[32m"true"[39m
        [33mdata-state[39m=[32m"open"[39m
        [33mstyle[39m=[32m"pointer-events: auto;"[39m
      [36m/>[39m
      [36m<div[39m
        [33maria-describedby[39m=[32m"radix-_r_1u_"[39m
        [33maria-labelledby[39m=[32m"radix-_r_1t_"[39m
        [33mclass[39m=[32m"fixed left-[50%] top-[50%] z-50 grid w-full max-w-lg translate-x-[-50%] translate-y-[-50%] gap-4 border bg-background p-6 shadow-lg duration-200 data-[state=open]:animate-in data-[state=closed]:animate-out data-[state=closed]:fade-out-0 data-[state=open]:fade-in-0 data-[state=closed]:zoom-out-95 data-[state=open]:zoom-in-95 data-[state=closed]:slide-out-to-left-1/2 data-[state=closed]:slide-out-to-top-[48%] data-[state=open]:slide-in-from-left-1/2 data-[state=open]:slide-in-from-top-[48%] sm:rounded-lg max-w-2xl max-h-[80vh] overflow-y-auto"[39m
        [33mdata-state[39m=[32m"open"[39m
        [33mid[39m=[32m"radix-_r_1s_"[39m
        [33mrole[39m=[32m"dialog"[39m
        [33mstyle[39m=[32m"pointer-events: auto;"[39m
        [33mtabindex[39m=[32m"-1"[39m
      [36m>[39m
        [36m<div[39m
          [33mclass[39m=[32m"flex flex-col space-y-1.5 text-center sm:text-left"[39m
        [36m>[39m
          [36m<h2[39m
            [33mclass[39m=[32m"text-lg font-semibold leading-none tracking-tight"[39m
            [33mid[39m=[32m"radix-_r_1t_"[39m
          [36m>[39m
            [0mExport Video[0m
          [36m</h2>[39m
          [36m<p[39m
            [33mclass[39m=[32m"text-sm text-muted-foreground"[39m
            [33mid[39m=[32m"radix-_r_1u_"[39m
          [36m>[39m
            [0mSelect a preset and priority, then add to render queue[0m
          [36m</p>[39m
        [36m</div>[39m
        [36m<div[39m
          [33mclass[39m=[32m"space-y-4 py-4"[39m
        [36m>[39m
          [36m<div[39m
            [33mclass[39m=[32m"space-y-4"[39m
          [36m>[39m
            [36m<div>[39m
              [36m<label[39m
                [33mclass[39m=[32m"mb-2 block text-sm font-medium"[39m
              [36m>[39m
                [0mPriority[0m
              [36m</label>[39m
              [36m<div[39m
                [33mclass[39m=[32m"flex items-center gap-4"[39m
              [36m>[39m
                [36m<input[39m
                  [33mclass[39m=[32m"flex-1"[39m
                  [33mmax[39m=[32m"10"[39m
                  [33mmin[39m=[32m"0"[39m
                  [33mtype[39m=[32m"range"[39m
                  [33mvalue[39m=[32m"0"[39m
                [36m/>[39m
                [36m<span[39m
                  [33mclass[39m=[32m"text-sm font-medium w-8"[39m
                [36m>[39m
                  [0m0[0m
                [36m</span>[39m
              [36m</div>[39m
              [36m<p[39m
                [33mclass[39m=[32m"mt-1 text-xs text-muted-foreground"[39m
              [36m>[39m
                [0mHigher priority exports render first (0 = normal, 10 = highest)[0m
              [36m</p>[39m
            [36m</div>[39m
            [36m<div[39m
              [33mclass[39m=[32m"rounded-lg bg-blue-500/10 border border-blue-500/20 p-4"[39m
            [36m>[39m
              [36m<div[39m
                [33mclass[39m=[32m"flex items-start gap-3"[39m
              [36m>[39m
                [36m<div[39m
                  [33mclass[39m=[32m"text-sm text-blue-300"[39m
                [36m>[39m
                  [36m<strong>[39m
                    [0mNote:[0m
                  [36m</strong>[39m
                  [0m Video export requires FFmpeg processing infrastructure. This feature is currently a placeholder and will need server-side implementation to generate actual video files.[0m
                [36m</div>[39m
              [36m</div>[39m
            [36m</div>[39m
          [36m</div>[39m
        [36m</div>[39m
        [36m<div[39m
          [33mclass[39m=[32m"flex flex-col-reverse sm:flex-row sm:justify-end sm:space-x-2"[39m
        [36m>[39m
          [36m<div[39m
            [33mclass[39m=[32m"flex w-full items-center justify-between"[39m
          [36m>[39m
            [36m<div />[39m
            [36m<div[39m
              [33mclass[39m=[32m"flex gap-2"[39m
            [36m>[39m
              [36m<button[39m
                [33mclass[39m=[32m"inline-flex items-center justify-center rounded-md text-sm font-medium ring-offset-background transition-colors focus-visible:outline-none focus-visible:ring-2 focus-visible:ring-ring focus-visible:ring-offset-2 disabled:pointer-events-none disabled:opacity-50 border border-input bg-background hover:bg-accent hover:text-accent-foreground h-10 px-4 py-2"[39m
              [36m>[39m
                [0mCancel[0m
              [36m</button>[39m
              [36m<button[39m
                [33mclass[39m=[32m"inline-flex items-center justify-center rounded-md text-sm font-medium ring-offset-background transition-colors focus-visible:outline-none focus-visible:ring-2 focus-visible:ring-ring focus-visible:ring-offset-2 disabled:pointer-events-none disabled:opacity-50 bg-primary text-primary-foreground hover:bg-primary/90 h-10 px-4 py-2"[39m
                [33mdisabled[39m=[32m""[39m
              [36m>[39m
                [0mAdd to Queue[0m
              [36m</button>[39m
            [36m</div>[39m
          [36m</div>[39m
        [36m</div>[39m
        [36m<button[39m
          [33mclass[39m=[32m"absolute right-4 top-4 rounded-sm opacity-70 ring-offset-background transition-opacity hover:opacity-100 focus:outline-none focus:ring-2 focus:ring-ring focus:ring-offset-2 disabled:pointer-events-none data-[state=open]:bg-accent data-[state=open]:text-muted-foreground"[39m
          [33mtype[39m=[32m"button"[39m
        [36m>[39m
          [36m<span[39m
            [33mclass[39m=[32m"sr-only"[39m
          [36m>[39m
            [0mClose[0m
          [36m</span>[39m
        [36m</button>[39m
      [36m</div>[39m
      [36m<span[39m
        [33maria-hidden[39m=[32m"true"[39m
        [33mdata-aria-hidden[39m=[32m"true"[39m
        [33mdata-radix-focus-guard[39m=[32m""[39m
        [33mstyle[39m=[32m"outline: none; opacity: 0; position: fixed; pointer-events: none;"[39m
        [33mtabindex[39m=[32m"0"[39m
      [36m/>[39m
    [36m</body>[39m

      660 |
      661 |       // Second attempt
    > 662 |       await user.click(exportButton);
          |                    ^
      663 |       await waitFor(() => {
      664 |         expect(screen.queryByText('Export Failed')).not.toBeInTheDocument();
      665 |         expect(screen.getByText('Export Started')).toBeInTheDocument();

      at waitForWrapper (node_modules/@testing-library/dom/dist/wait-for.js:163:27)
      at Object.<anonymous> (__tests__/components/integration/export-modal-integration.test.tsx:662:20)

  ● Integration: Export Modal Workflow › Accessibility › should announce export status changes

    Unable to find an element with the text: 1080p HD. This could be because the text is broken up by multiple elements. In this case, you can provide a function for your text matcher to make your matcher more flexible.

    Ignored nodes: comments, script, style
    [36m<body[39m
      [33mdata-scroll-locked[39m=[32m"1"[39m
      [33mstyle[39m=[32m"pointer-events: none;"[39m
    [36m>[39m
      [36m<span[39m
        [33maria-hidden[39m=[32m"true"[39m
        [33mdata-aria-hidden[39m=[32m"true"[39m
        [33mdata-radix-focus-guard[39m=[32m""[39m
        [33mstyle[39m=[32m"outline: none; opacity: 0; position: fixed; pointer-events: none;"[39m
        [33mtabindex[39m=[32m"0"[39m
      [36m/>[39m
      [36m<div[39m
        [33maria-hidden[39m=[32m"true"[39m
        [33mdata-aria-hidden[39m=[32m"true"[39m
      [36m/>[39m
      [36m<div[39m
        [33maria-hidden[39m=[32m"true"[39m
        [33mclass[39m=[32m"fixed inset-0 z-50 bg-black/80  data-[state=open]:animate-in data-[state=closed]:animate-out data-[state=closed]:fade-out-0 data-[state=open]:fade-in-0"[39m
        [33mdata-aria-hidden[39m=[32m"true"[39m
        [33mdata-state[39m=[32m"open"[39m
        [33mstyle[39m=[32m"pointer-events: auto;"[39m
      [36m/>[39m
      [36m<div[39m
        [33maria-describedby[39m=[32m"radix-_r_2a_"[39m
        [33maria-labelledby[39m=[32m"radix-_r_29_"[39m
        [33mclass[39m=[32m"fixed left-[50%] top-[50%] z-50 grid w-full max-w-lg translate-x-[-50%] translate-y-[-50%] gap-4 border bg-background p-6 shadow-lg duration-200 data-[state=open]:animate-in data-[state=closed]:animate-out data-[state=closed]:fade-out-0 data-[state=open]:fade-in-0 data-[state=closed]:zoom-out-95 data-[state=open]:zoom-in-95 data-[state=closed]:slide-out-to-left-1/2 data-[state=closed]:slide-out-to-top-[48%] data-[state=open]:slide-in-from-left-1/2 data-[state=open]:slide-in-from-top-[48%] sm:rounded-lg max-w-2xl max-h-[80vh] overflow-y-auto"[39m
        [33mdata-state[39m=[32m"open"[39m
        [33mid[39m=[32m"radix-_r_28_"[39m
        [33mrole[39m=[32m"dialog"[39m
        [33mstyle[39m=[32m"pointer-events: auto;"[39m
        [33mtabindex[39m=[32m"-1"[39m
      [36m>[39m
        [36m<div[39m
          [33mclass[39m=[32m"flex flex-col space-y-1.5 text-center sm:text-left"[39m
        [36m>[39m
          [36m<h2[39m
            [33mclass[39m=[32m"text-lg font-semibold leading-none tracking-tight"[39m
            [33mid[39m=[32m"radix-_r_29_"[39m
          [36m>[39m
            [0mExport Video[0m
          [36m</h2>[39m
          [36m<p[39m
            [33mclass[39m=[32m"text-sm text-muted-foreground"[39m
            [33mid[39m=[32m"radix-_r_2a_"[39m
          [36m>[39m
            [0mSelect a preset and priority, then add to render queue[0m
          [36m</p>[39m
        [36m</div>[39m
        [36m<div[39m
          [33mclass[39m=[32m"space-y-4 py-4"[39m
        [36m>[39m
          [36m<div[39m
            [33mclass[39m=[32m"space-y-4"[39m
          [36m>[39m
            [36m<div>[39m
              [36m<label[39m
                [33mclass[39m=[32m"mb-2 block text-sm font-medium"[39m
              [36m>[39m
                [0mPriority[0m
              [36m</label>[39m
              [36m<div[39m
                [33mclass[39m=[32m"flex items-center gap-4"[39m
              [36m>[39m
                [36m<input[39m
                  [33mclass[39m=[32m"flex-1"[39m
                  [33mmax[39m=[32m"10"[39m
                  [33mmin[39m=[32m"0"[39m
                  [33mtype[39m=[32m"range"[39m
                  [33mvalue[39m=[32m"0"[39m
                [36m/>[39m
                [36m<span[39m
                  [33mclass[39m=[32m"text-sm font-medium w-8"[39m
                [36m>[39m
                  [0m0[0m
                [36m</span>[39m
              [36m</div>[39m
              [36m<p[39m
                [33mclass[39m=[32m"mt-1 text-xs text-muted-foreground"[39m
              [36m>[39m
                [0mHigher priority exports render first (0 = normal, 10 = highest)[0m
              [36m</p>[39m
            [36m</div>[39m
            [36m<div[39m
              [33mclass[39m=[32m"rounded-lg bg-blue-500/10 border border-blue-500/20 p-4"[39m
            [36m>[39m
              [36m<div[39m
                [33mclass[39m=[32m"flex items-start gap-3"[39m
              [36m>[39m
                [36m<div[39m
                  [33mclass[39m=[32m"text-sm text-blue-300"[39m
                [36m>[39m
                  [36m<strong>[39m
                    [0mNote:[0m
                  [36m</strong>[39m
                  [0m Video export requires FFmpeg processing infrastructure. This feature is currently a placeholder and will need server-side implementation to generate actual video files.[0m
                [36m</div>[39m
              [36m</div>[39m
            [36m</div>[39m
          [36m</div>[39m
        [36m</div>[39m
        [36m<div[39m
          [33mclass[39m=[32m"flex flex-col-reverse sm:flex-row sm:justify-end sm:space-x-2"[39m
        [36m>[39m
          [36m<div[39m
            [33mclass[39m=[32m"flex w-full items-center justify-between"[39m
          [36m>[39m
            [36m<div />[39m
            [36m<div[39m
              [33mclass[39m=[32m"flex gap-2"[39m
            [36m>[39m
              [36m<button[39m
                [33mclass[39m=[32m"inline-flex items-center justify-center rounded-md text-sm font-medium ring-offset-background transition-colors focus-visible:outline-none focus-visible:ring-2 focus-visible:ring-ring focus-visible:ring-offset-2 disabled:pointer-events-none disabled:opacity-50 border border-input bg-background hover:bg-accent hover:text-accent-foreground h-10 px-4 py-2"[39m
              [36m>[39m
                [0mCancel[0m
              [36m</button>[39m
              [36m<button[39m
                [33mclass[39m=[32m"inline-flex items-center justify-center rounded-md text-sm font-medium ring-offset-background transition-colors focus-visible:outline-none focus-visible:ring-2 focus-visible:ring-ring focus-visible:ring-offset-2 disabled:pointer-events-none disabled:opacity-50 bg-primary text-primary-foreground hover:bg-primary/90 h-10 px-4 py-2"[39m
                [33mdisabled[39m=[32m""[39m
              [36m>[39m
                [0mAdd to Queue[0m
              [36m</button>[39m
            [36m</div>[39m
          [36m</div>[39m
        [36m</div>[39m
        [36m<button[39m
          [33mclass[39m=[32m"absolute right-4 top-4 rounded-sm opacity-70 ring-offset-background transition-opacity hover:opacity-100 focus:outline-none focus:ring-2 focus:ring-ring focus:ring-offset-2 disabled:pointer-events-none data-[state=open]:bg-accent data-[state=open]:text-muted-foreground"[39m
          [33mtype[39m=[32m"button"[39m
        [36m>[39m
          [36m<span[39m
            [33mclass[39m=[32m"sr-only"[39m
          [36m>[39m
            [0mClose[0m
          [36m</span>[39m
        [36m</button>[39m
      [36m</div>[39m
      [36m<span[39m
        [33maria-hidden[39m=[32m"true"[39m
        [33mdata-aria-hidden[39m=[32m"true"[39m
        [33mdata-radix-focus-guard[39m=[32m""[39m
        [33mstyle[39m=[32m"outline: none; opacity: 0; position: fixed; pointer-events: none;"[39m
        [33mtabindex[39m=[32m"0"[39m
      [36m/>[39m
    [36m</body>[39m

      731 |     });
      732 |   });
    > 733 |
          | ^
      734 |   describe('Error Handling', () => {
      735 |     it('should handle network errors gracefully', async () => {
      736 |       const user = userEvent.setup();

      at waitForWrapper (node_modules/@testing-library/dom/dist/wait-for.js:163:27)
      at Object.<anonymous> (__tests__/components/integration/export-modal-integration.test.tsx:733:20)

  ● Integration: Export Modal Workflow › Error Handling › should handle network errors gracefully

    Unable to find an element with the text: 1080p HD. This could be because the text is broken up by multiple elements. In this case, you can provide a function for your text matcher to make your matcher more flexible.

    Ignored nodes: comments, script, style
    [36m<body[39m
      [33mdata-scroll-locked[39m=[32m"1"[39m
      [33mstyle[39m=[32m"pointer-events: none;"[39m
    [36m>[39m
      [36m<span[39m
        [33maria-hidden[39m=[32m"true"[39m
        [33mdata-aria-hidden[39m=[32m"true"[39m
        [33mdata-radix-focus-guard[39m=[32m""[39m
        [33mstyle[39m=[32m"outline: none; opacity: 0; position: fixed; pointer-events: none;"[39m
        [33mtabindex[39m=[32m"0"[39m
      [36m/>[39m
      [36m<div[39m
        [33maria-hidden[39m=[32m"true"[39m
        [33mdata-aria-hidden[39m=[32m"true"[39m
      [36m/>[39m
      [36m<div[39m
        [33maria-hidden[39m=[32m"true"[39m
        [33mclass[39m=[32m"fixed inset-0 z-50 bg-black/80  data-[state=open]:animate-in data-[state=closed]:animate-out data-[state=closed]:fade-out-0 data-[state=open]:fade-in-0"[39m
        [33mdata-aria-hidden[39m=[32m"true"[39m
        [33mdata-state[39m=[32m"open"[39m
        [33mstyle[39m=[32m"pointer-events: auto;"[39m
      [36m/>[39m
      [36m<div[39m
        [33maria-describedby[39m=[32m"radix-_r_2d_"[39m
        [33maria-labelledby[39m=[32m"radix-_r_2c_"[39m
        [33mclass[39m=[32m"fixed left-[50%] top-[50%] z-50 grid w-full max-w-lg translate-x-[-50%] translate-y-[-50%] gap-4 border bg-background p-6 shadow-lg duration-200 data-[state=open]:animate-in data-[state=closed]:animate-out data-[state=closed]:fade-out-0 data-[state=open]:fade-in-0 data-[state=closed]:zoom-out-95 data-[state=open]:zoom-in-95 data-[state=closed]:slide-out-to-left-1/2 data-[state=closed]:slide-out-to-top-[48%] data-[state=open]:slide-in-from-left-1/2 data-[state=open]:slide-in-from-top-[48%] sm:rounded-lg max-w-2xl max-h-[80vh] overflow-y-auto"[39m
        [33mdata-state[39m=[32m"open"[39m
        [33mid[39m=[32m"radix-_r_2b_"[39m
        [33mrole[39m=[32m"dialog"[39m
        [33mstyle[39m=[32m"pointer-events: auto;"[39m
        [33mtabindex[39m=[32m"-1"[39m
      [36m>[39m
        [36m<div[39m
          [33mclass[39m=[32m"flex flex-col space-y-1.5 text-center sm:text-left"[39m
        [36m>[39m
          [36m<h2[39m
            [33mclass[39m=[32m"text-lg font-semibold leading-none tracking-tight"[39m
            [33mid[39m=[32m"radix-_r_2c_"[39m
          [36m>[39m
            [0mExport Video[0m
          [36m</h2>[39m
          [36m<p[39m
            [33mclass[39m=[32m"text-sm text-muted-foreground"[39m
            [33mid[39m=[32m"radix-_r_2d_"[39m
          [36m>[39m
            [0mSelect a preset and priority, then add to render queue[0m
          [36m</p>[39m
        [36m</div>[39m
        [36m<div[39m
          [33mclass[39m=[32m"space-y-4 py-4"[39m
        [36m>[39m
          [36m<div[39m
            [33mclass[39m=[32m"space-y-4"[39m
          [36m>[39m
            [36m<div>[39m
              [36m<label[39m
                [33mclass[39m=[32m"mb-2 block text-sm font-medium"[39m
              [36m>[39m
                [0mPriority[0m
              [36m</label>[39m
              [36m<div[39m
                [33mclass[39m=[32m"flex items-center gap-4"[39m
              [36m>[39m
                [36m<input[39m
                  [33mclass[39m=[32m"flex-1"[39m
                  [33mmax[39m=[32m"10"[39m
                  [33mmin[39m=[32m"0"[39m
                  [33mtype[39m=[32m"range"[39m
                  [33mvalue[39m=[32m"0"[39m
                [36m/>[39m
                [36m<span[39m
                  [33mclass[39m=[32m"text-sm font-medium w-8"[39m
                [36m>[39m
                  [0m0[0m
                [36m</span>[39m
              [36m</div>[39m
              [36m<p[39m
                [33mclass[39m=[32m"mt-1 text-xs text-muted-foreground"[39m
              [36m>[39m
                [0mHigher priority exports render first (0 = normal, 10 = highest)[0m
              [36m</p>[39m
            [36m</div>[39m
            [36m<div[39m
              [33mclass[39m=[32m"rounded-lg bg-blue-500/10 border border-blue-500/20 p-4"[39m
            [36m>[39m
              [36m<div[39m
                [33mclass[39m=[32m"flex items-start gap-3"[39m
              [36m>[39m
                [36m<div[39m
                  [33mclass[39m=[32m"text-sm text-blue-300"[39m
                [36m>[39m
                  [36m<strong>[39m
                    [0mNote:[0m
                  [36m</strong>[39m
                  [0m Video export requires FFmpeg processing infrastructure. This feature is currently a placeholder and will need server-side implementation to generate actual video files.[0m
                [36m</div>[39m
              [36m</div>[39m
            [36m</div>[39m
          [36m</div>[39m
        [36m</div>[39m
        [36m<div[39m
          [33mclass[39m=[32m"flex flex-col-reverse sm:flex-row sm:justify-end sm:space-x-2"[39m
        [36m>[39m
          [36m<div[39m
            [33mclass[39m=[32m"flex w-full items-center justify-between"[39m
          [36m>[39m
            [36m<div />[39m
            [36m<div[39m
              [33mclass[39m=[32m"flex gap-2"[39m
            [36m>[39m
              [36m<button[39m
                [33mclass[39m=[32m"inline-flex items-center justify-center rounded-md text-sm font-medium ring-offset-background transition-colors focus-visible:outline-none focus-visible:ring-2 focus-visible:ring-ring focus-visible:ring-offset-2 disabled:pointer-events-none disabled:opacity-50 border border-input bg-background hover:bg-accent hover:text-accent-foreground h-10 px-4 py-2"[39m
              [36m>[39m
                [0mCancel[0m
              [36m</button>[39m
              [36m<button[39m
                [33mclass[39m=[32m"inline-flex items-center justify-center rounded-md text-sm font-medium ring-offset-background transition-colors focus-visible:outline-none focus-visible:ring-2 focus-visible:ring-ring focus-visible:ring-offset-2 disabled:pointer-events-none disabled:opacity-50 bg-primary text-primary-foreground hover:bg-primary/90 h-10 px-4 py-2"[39m
                [33mdisabled[39m=[32m""[39m
              [36m>[39m
                [0mAdd to Queue[0m
              [36m</button>[39m
            [36m</div>[39m
          [36m</div>[39m
        [36m</div>[39m
        [36m<button[39m
          [33mclass[39m=[32m"absolute right-4 top-4 rounded-sm opacity-70 ring-offset-background transition-opacity hover:opacity-100 focus:outline-none focus:ring-2 focus:ring-ring focus:ring-offset-2 disabled:pointer-events-none data-[state=open]:bg-accent data-[state=open]:text-muted-foreground"[39m
          [33mtype[39m=[32m"button"[39m
        [36m>[39m
          [36m<span[39m
            [33mclass[39m=[32m"sr-only"[39m
          [36m>[39m
            [0mClose[0m
          [36m</span>[39m
        [36m</button>[39m
      [36m</div>[39m
      [36m<span[39m
        [33maria-hidden[39m=[32m"true"[39m
        [33mdata-aria-hidden[39m=[32m"true"[39m
        [33mdata-radix-focus-guard[39m=[32m""[39m
        [33mstyle[39m=[32m"outline: none; opacity: 0; position: fixed; pointer-events: none;"[39m
        [33mtabindex[39m=[32m"0"[39m
      [36m/>[39m
    [36m</body>[39m

      754 |
      755 |     it('should handle invalid API responses', async () => {
    > 756 |       const user = userEvent.setup();
          |                    ^
      757 |
      758 |       (global.fetch as jest.Mock).mockResolvedValueOnce({
      759 |         ok: false,

      at waitForWrapper (node_modules/@testing-library/dom/dist/wait-for.js:163:27)
      at Object.<anonymous> (__tests__/components/integration/export-modal-integration.test.tsx:756:20)

  ● Integration: Export Modal Workflow › Error Handling › should handle invalid API responses

    Unable to find an element with the text: 1080p HD. This could be because the text is broken up by multiple elements. In this case, you can provide a function for your text matcher to make your matcher more flexible.

    Ignored nodes: comments, script, style
    [36m<body[39m
      [33mdata-scroll-locked[39m=[32m"1"[39m
      [33mstyle[39m=[32m"pointer-events: none;"[39m
    [36m>[39m
      [36m<span[39m
        [33maria-hidden[39m=[32m"true"[39m
        [33mdata-aria-hidden[39m=[32m"true"[39m
        [33mdata-radix-focus-guard[39m=[32m""[39m
        [33mstyle[39m=[32m"outline: none; opacity: 0; position: fixed; pointer-events: none;"[39m
        [33mtabindex[39m=[32m"0"[39m
      [36m/>[39m
      [36m<div[39m
        [33maria-hidden[39m=[32m"true"[39m
        [33mdata-aria-hidden[39m=[32m"true"[39m
      [36m/>[39m
      [36m<div[39m
        [33maria-hidden[39m=[32m"true"[39m
        [33mclass[39m=[32m"fixed inset-0 z-50 bg-black/80  data-[state=open]:animate-in data-[state=closed]:animate-out data-[state=closed]:fade-out-0 data-[state=open]:fade-in-0"[39m
        [33mdata-aria-hidden[39m=[32m"true"[39m
        [33mdata-state[39m=[32m"open"[39m
        [33mstyle[39m=[32m"pointer-events: auto;"[39m
      [36m/>[39m
      [36m<div[39m
        [33maria-describedby[39m=[32m"radix-_r_2g_"[39m
        [33maria-labelledby[39m=[32m"radix-_r_2f_"[39m
        [33mclass[39m=[32m"fixed left-[50%] top-[50%] z-50 grid w-full max-w-lg translate-x-[-50%] translate-y-[-50%] gap-4 border bg-background p-6 shadow-lg duration-200 data-[state=open]:animate-in data-[state=closed]:animate-out data-[state=closed]:fade-out-0 data-[state=open]:fade-in-0 data-[state=closed]:zoom-out-95 data-[state=open]:zoom-in-95 data-[state=closed]:slide-out-to-left-1/2 data-[state=closed]:slide-out-to-top-[48%] data-[state=open]:slide-in-from-left-1/2 data-[state=open]:slide-in-from-top-[48%] sm:rounded-lg max-w-2xl max-h-[80vh] overflow-y-auto"[39m
        [33mdata-state[39m=[32m"open"[39m
        [33mid[39m=[32m"radix-_r_2e_"[39m
        [33mrole[39m=[32m"dialog"[39m
        [33mstyle[39m=[32m"pointer-events: auto;"[39m
        [33mtabindex[39m=[32m"-1"[39m
      [36m>[39m
        [36m<div[39m
          [33mclass[39m=[32m"flex flex-col space-y-1.5 text-center sm:text-left"[39m
        [36m>[39m
          [36m<h2[39m
            [33mclass[39m=[32m"text-lg font-semibold leading-none tracking-tight"[39m
            [33mid[39m=[32m"radix-_r_2f_"[39m
          [36m>[39m
            [0mExport Video[0m
          [36m</h2>[39m
          [36m<p[39m
            [33mclass[39m=[32m"text-sm text-muted-foreground"[39m
            [33mid[39m=[32m"radix-_r_2g_"[39m
          [36m>[39m
            [0mSelect a preset and priority, then add to render queue[0m
          [36m</p>[39m
        [36m</div>[39m
        [36m<div[39m
          [33mclass[39m=[32m"space-y-4 py-4"[39m
        [36m>[39m
          [36m<div[39m
            [33mclass[39m=[32m"space-y-4"[39m
          [36m>[39m
            [36m<div>[39m
              [36m<label[39m
                [33mclass[39m=[32m"mb-2 block text-sm font-medium"[39m
              [36m>[39m
                [0mPriority[0m
              [36m</label>[39m
              [36m<div[39m
                [33mclass[39m=[32m"flex items-center gap-4"[39m
              [36m>[39m
                [36m<input[39m
                  [33mclass[39m=[32m"flex-1"[39m
                  [33mmax[39m=[32m"10"[39m
                  [33mmin[39m=[32m"0"[39m
                  [33mtype[39m=[32m"range"[39m
                  [33mvalue[39m=[32m"0"[39m
                [36m/>[39m
                [36m<span[39m
                  [33mclass[39m=[32m"text-sm font-medium w-8"[39m
                [36m>[39m
                  [0m0[0m
                [36m</span>[39m
              [36m</div>[39m
              [36m<p[39m
                [33mclass[39m=[32m"mt-1 text-xs text-muted-foreground"[39m
              [36m>[39m
                [0mHigher priority exports render first (0 = normal, 10 = highest)[0m
              [36m</p>[39m
            [36m</div>[39m
            [36m<div[39m
              [33mclass[39m=[32m"rounded-lg bg-blue-500/10 border border-blue-500/20 p-4"[39m
            [36m>[39m
              [36m<div[39m
                [33mclass[39m=[32m"flex items-start gap-3"[39m
              [36m>[39m
                [36m<div[39m
                  [33mclass[39m=[32m"text-sm text-blue-300"[39m
                [36m>[39m
                  [36m<strong>[39m
                    [0mNote:[0m
                  [36m</strong>[39m
                  [0m Video export requires FFmpeg processing infrastructure. This feature is currently a placeholder and will need server-side implementation to generate actual video files.[0m
                [36m</div>[39m
              [36m</div>[39m
            [36m</div>[39m
          [36m</div>[39m
        [36m</div>[39m
        [36m<div[39m
          [33mclass[39m=[32m"flex flex-col-reverse sm:flex-row sm:justify-end sm:space-x-2"[39m
        [36m>[39m
          [36m<div[39m
            [33mclass[39m=[32m"flex w-full items-center justify-between"[39m
          [36m>[39m
            [36m<div />[39m
            [36m<div[39m
              [33mclass[39m=[32m"flex gap-2"[39m
            [36m>[39m
              [36m<button[39m
                [33mclass[39m=[32m"inline-flex items-center justify-center rounded-md text-sm font-medium ring-offset-background transition-colors focus-visible:outline-none focus-visible:ring-2 focus-visible:ring-ring focus-visible:ring-offset-2 disabled:pointer-events-none disabled:opacity-50 border border-input bg-background hover:bg-accent hover:text-accent-foreground h-10 px-4 py-2"[39m
              [36m>[39m
                [0mCancel[0m
              [36m</button>[39m
              [36m<button[39m
                [33mclass[39m=[32m"inline-flex items-center justify-center rounded-md text-sm font-medium ring-offset-background transition-colors focus-visible:outline-none focus-visible:ring-2 focus-visible:ring-ring focus-visible:ring-offset-2 disabled:pointer-events-none disabled:opacity-50 bg-primary text-primary-foreground hover:bg-primary/90 h-10 px-4 py-2"[39m
                [33mdisabled[39m=[32m""[39m
              [36m>[39m
                [0mAdd to Queue[0m
              [36m</button>[39m
            [36m</div>[39m
          [36m</div>[39m
        [36m</div>[39m
        [36m<button[39m
          [33mclass[39m=[32m"absolute right-4 top-4 rounded-sm opacity-70 ring-offset-background transition-opacity hover:opacity-100 focus:outline-none focus:ring-2 focus:ring-ring focus:ring-offset-2 disabled:pointer-events-none data-[state=open]:bg-accent data-[state=open]:text-muted-foreground"[39m
          [33mtype[39m=[32m"button"[39m
        [36m>[39m
          [36m<span[39m
            [33mclass[39m=[32m"sr-only"[39m
          [36m>[39m
            [0mClose[0m
          [36m</span>[39m
        [36m</button>[39m
      [36m</div>[39m
      [36m<span[39m
        [33maria-hidden[39m=[32m"true"[39m
        [33mdata-aria-hidden[39m=[32m"true"[39m
        [33mdata-radix-focus-guard[39m=[32m""[39m
        [33mstyle[39m=[32m"outline: none; opacity: 0; position: fixed; pointer-events: none;"[39m
        [33mtabindex[39m=[32m"0"[39m
      [36m/>[39m
    [36m</body>[39m

      778 |
      779 |     it('should handle malformed export data', async () => {
    > 780 |       const user = userEvent.setup();
          |                    ^
      781 |
      782 |       (global.fetch as jest.Mock).mockResolvedValueOnce({
      783 |         ok: true,

      at waitForWrapper (node_modules/@testing-library/dom/dist/wait-for.js:163:27)
      at Object.<anonymous> (__tests__/components/integration/export-modal-integration.test.tsx:780:20)

  ● Integration: Export Modal Workflow › Error Handling › should handle malformed export data

    Unable to find an element with the text: 1080p HD. This could be because the text is broken up by multiple elements. In this case, you can provide a function for your text matcher to make your matcher more flexible.

    Ignored nodes: comments, script, style
    [36m<body[39m
      [33mdata-scroll-locked[39m=[32m"1"[39m
      [33mstyle[39m=[32m"pointer-events: none;"[39m
    [36m>[39m
      [36m<span[39m
        [33maria-hidden[39m=[32m"true"[39m
        [33mdata-aria-hidden[39m=[32m"true"[39m
        [33mdata-radix-focus-guard[39m=[32m""[39m
        [33mstyle[39m=[32m"outline: none; opacity: 0; position: fixed; pointer-events: none;"[39m
        [33mtabindex[39m=[32m"0"[39m
      [36m/>[39m
      [36m<div[39m
        [33maria-hidden[39m=[32m"true"[39m
        [33mdata-aria-hidden[39m=[32m"true"[39m
      [36m/>[39m
      [36m<div[39m
        [33maria-hidden[39m=[32m"true"[39m
        [33mclass[39m=[32m"fixed inset-0 z-50 bg-black/80  data-[state=open]:animate-in data-[state=closed]:animate-out data-[state=closed]:fade-out-0 data-[state=open]:fade-in-0"[39m
        [33mdata-aria-hidden[39m=[32m"true"[39m
        [33mdata-state[39m=[32m"open"[39m
        [33mstyle[39m=[32m"pointer-events: auto;"[39m
      [36m/>[39m
      [36m<div[39m
        [33maria-describedby[39m=[32m"radix-_r_2j_"[39m
        [33maria-labelledby[39m=[32m"radix-_r_2i_"[39m
        [33mclass[39m=[32m"fixed left-[50%] top-[50%] z-50 grid w-full max-w-lg translate-x-[-50%] translate-y-[-50%] gap-4 border bg-background p-6 shadow-lg duration-200 data-[state=open]:animate-in data-[state=closed]:animate-out data-[state=closed]:fade-out-0 data-[state=open]:fade-in-0 data-[state=closed]:zoom-out-95 data-[state=open]:zoom-in-95 data-[state=closed]:slide-out-to-left-1/2 data-[state=closed]:slide-out-to-top-[48%] data-[state=open]:slide-in-from-left-1/2 data-[state=open]:slide-in-from-top-[48%] sm:rounded-lg max-w-2xl max-h-[80vh] overflow-y-auto"[39m
        [33mdata-state[39m=[32m"open"[39m
        [33mid[39m=[32m"radix-_r_2h_"[39m
        [33mrole[39m=[32m"dialog"[39m
        [33mstyle[39m=[32m"pointer-events: auto;"[39m
        [33mtabindex[39m=[32m"-1"[39m
      [36m>[39m
        [36m<div[39m
          [33mclass[39m=[32m"flex flex-col space-y-1.5 text-center sm:text-left"[39m
        [36m>[39m
          [36m<h2[39m
            [33mclass[39m=[32m"text-lg font-semibold leading-none tracking-tight"[39m
            [33mid[39m=[32m"radix-_r_2i_"[39m
          [36m>[39m
            [0mExport Video[0m
          [36m</h2>[39m
          [36m<p[39m
            [33mclass[39m=[32m"text-sm text-muted-foreground"[39m
            [33mid[39m=[32m"radix-_r_2j_"[39m
          [36m>[39m
            [0mSelect a preset and priority, then add to render queue[0m
          [36m</p>[39m
        [36m</div>[39m
        [36m<div[39m
          [33mclass[39m=[32m"space-y-4 py-4"[39m
        [36m>[39m
          [36m<div[39m
            [33mclass[39m=[32m"space-y-4"[39m
          [36m>[39m
            [36m<div>[39m
              [36m<label[39m
                [33mclass[39m=[32m"mb-2 block text-sm font-medium"[39m
              [36m>[39m
                [0mPriority[0m
              [36m</label>[39m
              [36m<div[39m
                [33mclass[39m=[32m"flex items-center gap-4"[39m
              [36m>[39m
                [36m<input[39m
                  [33mclass[39m=[32m"flex-1"[39m
                  [33mmax[39m=[32m"10"[39m
                  [33mmin[39m=[32m"0"[39m
                  [33mtype[39m=[32m"range"[39m
                  [33mvalue[39m=[32m"0"[39m
                [36m/>[39m
                [36m<span[39m
                  [33mclass[39m=[32m"text-sm font-medium w-8"[39m
                [36m>[39m
                  [0m0[0m
                [36m</span>[39m
              [36m</div>[39m
              [36m<p[39m
                [33mclass[39m=[32m"mt-1 text-xs text-muted-foreground"[39m
              [36m>[39m
                [0mHigher priority exports render first (0 = normal, 10 = highest)[0m
              [36m</p>[39m
            [36m</div>[39m
            [36m<div[39m
              [33mclass[39m=[32m"rounded-lg bg-blue-500/10 border border-blue-500/20 p-4"[39m
            [36m>[39m
              [36m<div[39m
                [33mclass[39m=[32m"flex items-start gap-3"[39m
              [36m>[39m
                [36m<div[39m
                  [33mclass[39m=[32m"text-sm text-blue-300"[39m
                [36m>[39m
                  [36m<strong>[39m
                    [0mNote:[0m
                  [36m</strong>[39m
                  [0m Video export requires FFmpeg processing infrastructure. This feature is currently a placeholder and will need server-side implementation to generate actual video files.[0m
                [36m</div>[39m
              [36m</div>[39m
            [36m</div>[39m
          [36m</div>[39m
        [36m</div>[39m
        [36m<div[39m
          [33mclass[39m=[32m"flex flex-col-reverse sm:flex-row sm:justify-end sm:space-x-2"[39m
        [36m>[39m
          [36m<div[39m
            [33mclass[39m=[32m"flex w-full items-center justify-between"[39m
          [36m>[39m
            [36m<div />[39m
            [36m<div[39m
              [33mclass[39m=[32m"flex gap-2"[39m
            [36m>[39m
              [36m<button[39m
                [33mclass[39m=[32m"inline-flex items-center justify-center rounded-md text-sm font-medium ring-offset-background transition-colors focus-visible:outline-none focus-visible:ring-2 focus-visible:ring-ring focus-visible:ring-offset-2 disabled:pointer-events-none disabled:opacity-50 border border-input bg-background hover:bg-accent hover:text-accent-foreground h-10 px-4 py-2"[39m
              [36m>[39m
                [0mCancel[0m
              [36m</button>[39m
              [36m<button[39m
                [33mclass[39m=[32m"inline-flex items-center justify-center rounded-md text-sm font-medium ring-offset-background transition-colors focus-visible:outline-none focus-visible:ring-2 focus-visible:ring-ring focus-visible:ring-offset-2 disabled:pointer-events-none disabled:opacity-50 bg-primary text-primary-foreground hover:bg-primary/90 h-10 px-4 py-2"[39m
                [33mdisabled[39m=[32m""[39m
              [36m>[39m
                [0mAdd to Queue[0m
              [36m</button>[39m
            [36m</div>[39m
          [36m</div>[39m
        [36m</div>[39m
        [36m<button[39m
          [33mclass[39m=[32m"absolute right-4 top-4 rounded-sm opacity-70 ring-offset-background transition-opacity hover:opacity-100 focus:outline-none focus:ring-2 focus:ring-ring focus:ring-offset-2 disabled:pointer-events-none data-[state=open]:bg-accent data-[state=open]:text-muted-foreground"[39m
          [33mtype[39m=[32m"button"[39m
        [36m>[39m
          [36m<span[39m
            [33mclass[39m=[32m"sr-only"[39m
          [36m>[39m
            [0mClose[0m
          [36m</span>[39m
        [36m</button>[39m
      [36m</div>[39m
      [36m<span[39m
        [33maria-hidden[39m=[32m"true"[39m
        [33mdata-aria-hidden[39m=[32m"true"[39m
        [33mdata-radix-focus-guard[39m=[32m""[39m
        [33mstyle[39m=[32m"outline: none; opacity: 0; position: fixed; pointer-events: none;"[39m
        [33mtabindex[39m=[32m"0"[39m
      [36m/>[39m
    [36m</body>[39m

      801 |     });
      802 |   });
    > 803 | });
          |    ^
      804 |

      at waitForWrapper (node_modules/@testing-library/dom/dist/wait-for.js:163:27)
      at Object.<anonymous> (__tests__/components/integration/export-modal-integration.test.tsx:803:20)

A worker process has failed to exit gracefully and has been force exited. This is likely caused by tests leaking due to improper teardown. Try running with --detectOpenHandles to find leaks. Active timers can also cause this, ensure that .unref() was called on them.
Test Suites: 1 failed, 1 total
Tests:       12 failed, 1 skipped, 16 passed, 29 total
Snapshots:   0 total
Time:        15.084 s
Ran all test suites matching __tests__/components/integration/export-modal-integration.test.tsx.
